         w __cxa_pure_virtual
         w __deregister_frame_info
         w __gnu_Unwind_Find_exidx
         w __register_frame_info
         w pthread_cancel
         w pthread_cond_broadcast
         w pthread_cond_wait
         w pthread_getspecific
         w pthread_key_create
         w pthread_key_delete
         w pthread_mutex_lock
         w pthread_mutex_unlock
         w pthread_once
         w pthread_setspecific
         w userAppExit
         w userAppInit
00000000 00000802 B __ctru_dev_utf16_buf
00000000 A __sync_synchronize
00000000 b _TLS_MODULE_BASE_
00000000 a shift
00000000 a shift
00000804 00000401 B __ctru_dev_path_buf
00100000 A __start__
00100000 T _start
00100008 T __service_ptr
0010000c T __apt_appid
00100010 T __heap_size
00100014 T __linear_heap_size
00100018 T __system_arglist
0010001c T __system_runflags
00100020 t startup
00100058 t ClearMem
0010006c t ClrLoop
00100094 T _init
001000ac t .udivsi3_skip_div0_test
001000ac T __aeabi_uidiv
001000ac 000001ec T __udivsi3
00100298 00000020 T __aeabi_uidivmod
001002b8 T __aeabi_idiv
001002b8 00000220 T __divsi3
001002c0 t .divsi3_skip_div0_test
001004d8 00000020 T __aeabi_idivmod
001004f8 00000004 W __aeabi_idiv0
001004f8 00000004 W __aeabi_ldiv0
001004fc T __aeabi_drsub
00100504 000002b0 T __aeabi_dsub
00100504 000002b0 T __subdf3
00100508 000002ac T __adddf3
00100508 000002ac T __aeabi_dadd
001007b4 00000024 T __aeabi_ui2d
001007b4 00000024 T __floatunsidf
001007d8 00000028 T __aeabi_i2d
001007d8 00000028 T __floatsidf
00100800 00000048 T __aeabi_f2d
00100800 00000048 T __extendsfdf2
00100848 00000074 T __aeabi_ul2d
00100848 00000074 T __floatundidf
0010085c 00000060 T __aeabi_l2d
0010085c 00000060 T __floatdidf
001008bc 0000019c T __aeabi_frsub
001008c4 00000194 T __aeabi_fsub
001008c4 00000194 T __subsf3
001008c8 00000190 T __addsf3
001008c8 00000190 T __aeabi_fadd
00100a58 00000028 T __aeabi_ui2f
00100a58 00000028 T __floatunsisf
00100a60 00000020 T __aeabi_i2f
00100a60 00000020 T __floatsisf
00100a80 0000008c T __aeabi_ul2f
00100a80 0000008c T __floatundisf
00100a90 0000007c T __aeabi_l2f
00100a90 0000007c T __floatdisf
00100b0c T __aeabi_ldivmod
00100be0 T __aeabi_uldivmod
00100c1c 00000014 T __restore_core_regs
00100c1c 00000014 T restore_core_regs
00100c30 T __gnu_Unwind_Restore_VFP
00100c38 T __gnu_Unwind_Save_VFP
00100c40 T __gnu_Unwind_Restore_VFP_D
00100c48 T __gnu_Unwind_Save_VFP_D
00100c50 T __gnu_Unwind_Restore_VFP_D_16_to_31
00100c58 T __gnu_Unwind_Save_VFP_D_16_to_31
00100c60 T __gnu_Unwind_Restore_WMMXD
00100ca4 T __gnu_Unwind_Save_WMMXD
00100ce8 T __gnu_Unwind_Restore_WMMXC
00100cfc T __gnu_Unwind_Save_WMMXC
00100d10 00000024 T ___Unwind_RaiseException
00100d10 00000024 T _Unwind_RaiseException
00100d34 00000024 T ___Unwind_Resume
00100d34 00000024 T _Unwind_Resume
00100d58 00000024 T ___Unwind_Resume_or_Rethrow
00100d58 00000024 T _Unwind_Resume_or_Rethrow
00100d7c 00000024 T ___Unwind_ForcedUnwind
00100d7c 00000024 T _Unwind_ForcedUnwind
00100da0 00000024 T ___Unwind_Backtrace
00100da0 00000024 T _Unwind_Backtrace
00100de8 00000390 T strcmp
00101170 t __do_global_dtors_aux
001011c0 t frame_dummy
001011ec 00000128 T initPaint()
00101314 000000ac T drawCopper()
001013c0 000000ac T drawGold()
0010146c 000000b8 t (anonymous namespace)::fillInstanceBuffer((anonymous namespace)::AudioInstance*, tag_ndspWaveBuf*)
00101524 00000090 t (anonymous namespace)::instanceThreadFunc(void*)
001015b4 00000024 t (anonymous namespace)::audioNDSPCallback(void*)
001015d8 00000078 t std::vector<std::unique_ptr<(anonymous namespace)::AudioInstance, std::default_delete<(anonymous namespace)::AudioInstance> >, std::allocator<std::unique_ptr<(anonymous namespace)::AudioInstance, std::default_delete<(anonymous namespace)::AudioInstance> > > >::_M_erase(__gnu_cxx::__normal_iterator<std::unique_ptr<(anonymous namespace)::AudioInstance, std::default_delete<(anonymous namespace)::AudioInstance> >*, std::vector<std::unique_ptr<(anonymous namespace)::AudioInstance, std::default_delete<(anonymous namespace)::AudioInstance> >, std::allocator<std::unique_ptr<(anonymous namespace)::AudioInstance, std::default_delete<(anonymous namespace)::AudioInstance> > > > >) [clone .constprop.0]
00101650 000000d4 t std::_Hashtable<std::__cxx11::basic_string<char, std::char_traits<char>, std::allocator<char> >, std::pair<std::__cxx11::basic_string<char, std::char_traits<char>, std::allocator<char> > const, AudioManager::PreloadedAudio>, std::allocator<std::pair<std::__cxx11::basic_string<char, std::char_traits<char>, std::allocator<char> > const, AudioManager::PreloadedAudio> >, std::__detail::_Select1st, std::equal_to<std::__cxx11::basic_string<char, std::char_traits<char>, std::allocator<char> > >, std::hash<std::__cxx11::basic_string<char, std::char_traits<char>, std::allocator<char> > >, std::__detail::_Mod_range_hashing, std::__detail::_Default_ranged_hash, std::__detail::_Prime_rehash_policy, std::__detail::_Hashtable_traits<true, false, true> >::_M_find_before_node(unsigned int, std::__cxx11::basic_string<char, std::char_traits<char>, std::allocator<char> > const&, unsigned int) const [clone .isra.0]
00101724 000000c8 t void std::vector<std::unique_ptr<(anonymous namespace)::AudioInstance, std::default_delete<(anonymous namespace)::AudioInstance> >, std::allocator<std::unique_ptr<(anonymous namespace)::AudioInstance, std::default_delete<(anonymous namespace)::AudioInstance> > > >::_M_realloc_append<std::unique_ptr<(anonymous namespace)::AudioInstance, std::default_delete<(anonymous namespace)::AudioInstance> > >(std::unique_ptr<(anonymous namespace)::AudioInstance, std::default_delete<(anonymous namespace)::AudioInstance> >&&) [clone .constprop.0]
001017ec 000000d4 T AudioManager::Init()
001018c0 00000228 T AudioManager::Exit()
00101ae8 00000158 T AudioManager::StopAudio(int)
00101c40 00000174 T AudioManager::CleanupFinishedInstances()
00101db4 000000f4 W std::_Hashtable<std::__cxx11::basic_string<char, std::char_traits<char>, std::allocator<char> >, std::pair<std::__cxx11::basic_string<char, std::char_traits<char>, std::allocator<char> > const, AudioManager::PreloadedAudio>, std::allocator<std::pair<std::__cxx11::basic_string<char, std::char_traits<char>, std::allocator<char> > const, AudioManager::PreloadedAudio> >, std::__detail::_Select1st, std::equal_to<std::__cxx11::basic_string<char, std::char_traits<char>, std::allocator<char> > >, std::hash<std::__cxx11::basic_string<char, std::char_traits<char>, std::allocator<char> > >, std::__detail::_Mod_range_hashing, std::__detail::_Default_ranged_hash, std::__detail::_Prime_rehash_policy, std::__detail::_Hashtable_traits<true, false, true> >::find(std::__cxx11::basic_string<char, std::char_traits<char>, std::allocator<char> > const&)
00101ea8 0000068c T AudioManager::Play(char const*, float, bool, float, float)
00102534 000002e0 W std::__detail::_Map_base<std::__cxx11::basic_string<char, std::char_traits<char>, std::allocator<char> >, std::pair<std::__cxx11::basic_string<char, std::char_traits<char>, std::allocator<char> > const, AudioManager::PreloadedAudio>, std::allocator<std::pair<std::__cxx11::basic_string<char, std::char_traits<char>, std::allocator<char> > const, AudioManager::PreloadedAudio> >, std::__detail::_Select1st, std::equal_to<std::__cxx11::basic_string<char, std::char_traits<char>, std::allocator<char> > >, std::hash<std::__cxx11::basic_string<char, std::char_traits<char>, std::allocator<char> > >, std::__detail::_Mod_range_hashing, std::__detail::_Default_ranged_hash, std::__detail::_Prime_rehash_policy, std::__detail::_Hashtable_traits<true, false, true>, true>::operator[](std::__cxx11::basic_string<char, std::char_traits<char>, std::allocator<char> >&&)
00102814 000002b4 T AudioManager::PreloadAudio(char const*)
00102ac8 00000044 t _GLOBAL__sub_I__ZN12AudioManager16g_preloadedAudioB5cxx11E
00102b0c 000000b4 t _GLOBAL__sub_D__ZN12AudioManager16g_preloadedAudioB5cxx11E
00102bc0 0000000c t __tcf_ZZ10spawnBartsvE2rd
00102bcc 0000000c t __tcf_ZZ19pickRandomFirstBartvE2rd
00102bd8 00000020 t __tcf_ZZ17getRandomBartTypevE7chances
00102bf8 00000198 T drawBarts()
00102d90 00000274 T initBarts(SpriteManager*)
00103004 00000074 T addBart(float, float, BartType)
00103078 00000158 T updateBartsAfterPhysics()
001031d0 00000068 T deinitBart(Bart*)
00103238 000001c0 T reinitBart(Bart*, SpriteManager*)
001033f8 000000c8 T addMultiplier(int*, Bart)
001034c0 00000100 T paintBartOnIndex(int, bool, int*, int*, SpriteManager*)
001035c0 000000d0 W std::mersenne_twister_engine<unsigned int, 32u, 624u, 397u, 31u, 2567483615u, 11u, 4294967295u, 7u, 2636928640u, 15u, 4022730752u, 18u, 1812433253u>::_M_gen_rand()
00103690 00000058 W std::mersenne_twister_engine<unsigned int, 32u, 624u, 397u, 31u, 2567483615u, 11u, 4294967295u, 7u, 2636928640u, 15u, 4022730752u, 18u, 1812433253u>::operator()()
001036e8 00000200 T getRandomBartType()
001038e8 000002bc T pickRandomFirstBart()
00103ba4 00000184 T findBartOnIndex(int, int*, SpriteManager*, bool)
00103d28 00000244 T spawnBarts()
00103f6c 000000bc T resetBarts()
00104028 000002f8 T counting(int*, b2Body*)
00104320 00000040 t _GLOBAL__sub_I_roundtimer
00104360 00000004 W b2ContactListener::EndContact(b2Contact*)
00104364 00000004 W b2ContactListener::PreSolve(b2Contact*, b2Manifold const*)
00104368 00000004 W b2ContactListener::PostSolve(b2Contact*, b2ContactImpulse const*)
0010436c 00000004 W CollisionListener::~CollisionListener()
0010436c 00000004 W CollisionListener::~CollisionListener()
00104370 0000000c t __tcf_ZZN17CollisionListener12BeginContactEP9b2ContactE2rd
0010437c 00000020 W CollisionListener::~CollisionListener()
0010439c 000003cc T CollisionListener::BeginContact(b2Contact*)
00104768 00000010 T DeltaTime_Get()
00104778 00000044 T DeltaTime_Update()
001047bc 00000014 T backButtonPress()
001047d0 00000018 T onItemsButtonClick()
001047e8 00000028 T onGoldPaintButtonClick()
00104810 00000028 T onCopperPaintButtonClick()
00104838 00000044 T quitgame()
0010487c 00000010 T store()
0010488c 00000010 T onHowToPlayButtonClick()
0010489c 0000006c T onStartButtonClick()
00104908 00000084 T continuegame()
0010498c 0000011c t drawTransition() [clone .part.0]
00104aa8 00001b7c t texts() [clone .part.0]
00106624 00000074 T initSOC()
00106698 00000080 T saveProgressToFile(int, int, int)
00106718 0000002c T goToEnd()
00106744 00000658 T buyPaint()
00106d9c 000000a8 T loadProgressFromFile(int*, int*, int*)
00106e44 0000002c T texts()
00106e70 00000390 T loadUI()
00107200 000001a4 T loadSprites()
001073a4 0000213c T drawTop(C3D_RenderTarget_tag*)
001094e0 000011fc T drawBottom(C3D_RenderTarget_tag*)
0010a6dc 0000012c T updateCursorFromTouch()
0010a808 0000040c T main
0010ac14 0000015c t _GLOBAL__sub_I_holdingCopper
0010ad70 0000007c t _GLOBAL__sub_D_holdingCopper
0010adec 0000000c t __tcf_ZZ22applyRandomUpwardForceP6b2BodyE2rd
0010adf8 00000010 T PixelsToMeters(float)
0010ae08 00000010 T MetersToPixels(float)
0010ae18 0000022c T PhysicsManager_Init()
0010b044 00000018 T PhysicsManager_Update(float)
0010b05c 000001c4 T PhysicsManager_SpawnPlayer(float, float)
0010b220 00000010 T PhysicsManager_GetPlayer()
0010b230 00000010 T PhysicsManager_GetWorld()
0010b240 00000234 T applyRandomUpwardForce(b2Body*)
0010b474 00000054 T changeScene(SceneManager*, int)
0010b4c8 0000000c T SpriteManager_Init(SpriteManager*)
0010b4d4 00000060 T SpriteManager_Load(SpriteManager*, char const*, char const*)
0010b534 00000054 T SpriteManager_GetSheet(SpriteManager*, char const*)
0010b588 00000040 T SpriteManager_Free(SpriteManager*)
0010b5c8 0000005c T UIButton_Init(UIButton*, C2D_SpriteSheet_s*, int, float, float, float, float, unsigned long, bool, bool)
0010b624 00000010 T UIButton_SetHoverSprite(UIButton*, int)
0010b634 00000010 T UIButton_SetPressedSprite(UIButton*, int)
0010b644 000000f4 T UIButton_Update(UIButton*, touchPosition)
0010b738 000001bc T UIButton_Draw(UIButton*)
0010b8f4 0000009c T UIText::Init(std::__cxx11::basic_string<char, std::char_traits<char>, std::allocator<char> > const&, C2D_Font_s*, float, float, float, unsigned long)
0010b990 0000005c T UIText::SetText(std::__cxx11::basic_string<char, std::char_traits<char>, std::allocator<char> > const&)
0010b9ec 00000040 T UIText::Draw() const
0010ba2c 00000034 T UIText::Free()
0010ba60 00000044 t C2Di_FrameEndHook
0010baa8 0000036c T C2D_Init
0010be14 0000004c T C2D_Fini
0010be60 000000b8 T C2D_Prepare
0010bf18 00000048 T C2D_Flush
0010bf60 00000104 T C2D_SceneSize
0010c064 00000058 T C2D_CreateScreenTarget
0010c0bc 00000064 T C2D_TargetClear
0010c120 0000013c T C2Di_CalcQuad
0010c25c 00000058 T C2Di_AppendQuad
0010c2b4 00000040 T C2Di_AppendVtx
0010c2f4 00000550 T C2Di_Update
0010c844 000002b0 T C2D_DrawImage
0010caf4 00000158 T C2D_DrawRectangle
0010cc4c 00000018 t C2Di_GlyphComp
0010cc64 00000140 t C2Di_CalcLineWidths
0010cda4 000001dc T C2D_TextBufNew
0010cf80 00000004 T C2D_TextBufDelete
0010cf84 000001c8 T C2D_TextFontParseLine
0010d14c 000000a8 T C2D_TextFontParse
0010d1f4 00000014 T C2D_TextParse
0010d208 00000030 T C2D_TextOptimize
0010d238 00000f6c T C2D_DrawText
0010e1a4 0000006c T C2D_SpriteSheetLoadFromHandle
0010e210 00000048 T C2D_SpriteSheetLoad
0010e258 00000028 T C2D_SpriteSheetFree
0010e280 0000002c T C2D_SpriteSheetGetImage
0010e2ac 00000028 T C2D_FontFree
0010e2d4 000000e8 t C2Di_PostLoadFont
0010e3bc 000000b4 T C2D_FontLoadFromHandle
0010e470 00000034 T C2D_FontLoad
0010e4a4 00000044 T C2D_FontGlyphIndexFromCodePoint
0010e4e8 00000078 T C2D_FontCalcGlyphPos
0010e560 00000028 T AttrInfo_Init
0010e588 00000094 T AttrInfo_AddLoader
0010e61c 00000054 T C3D_SetAttrInfo
0010e670 00000080 T C3Di_AttrInfoBind
0010e6f0 00000004 W C3Di_LightEnvUpdate
0010e6f4 00000004 W C3Di_LightEnvDirty
0010e6f8 000000b4 t C3Di_AptEventHook
0010e7ac 00000004 W C3Di_GasUpdate
0010e7b0 000001d0 T C3D_Init
0010e980 00000098 T C3D_SetViewport
0010ea18 000004e8 T C3Di_UpdateContext
0010ef00 000000e0 T C3Di_SplitFrame
0010efe0 00000044 T C3D_Fini
0010f024 00000194 T C3D_BindProgram
0010f1b8 00000024 T BufInfo_Init
0010f1dc 00000080 T BufInfo_Add
0010f25c 0000003c T C3D_SetBufInfo
0010f298 00000048 T C3Di_BufInfoBind
0010f2e0 0000021c T C3D_DrawElements
0010f4fc 00000040 T C3D_DepthMap
0010f53c 0000001c T C3D_CullFace
0010f558 00000040 T C3D_StencilTest
0010f598 00000024 T C3D_StencilOp
0010f5bc 0000001c T C3D_BlendingColor
0010f5d8 00000024 T C3D_EarlyDepthTest
0010f5fc 0000002c T C3D_DepthTest
0010f628 0000002c T C3D_AlphaTest
0010f654 00000050 T C3D_AlphaBlend
0010f6a4 00000030 T C3D_FragOpMode
0010f6d4 00000044 T C3D_FragOpShadow
0010f718 000001ac T C3Di_EffectBind
0010f8c4 0000001c T C3D_CalcColorBufSize
0010f8e0 0000001c T C3D_CalcDepthBufSize
0010f8fc 00000044 T C3D_SetFrameBuf
0010f940 0000016c T C3Di_FrameBufBind
0010faac 000000c8 T C3D_FrameBufClear
0010fb74 00000044 T C3D_FrameBufTransfer
0010fbb8 000000a8 T C3D_ImmSendAttrib
0010fc60 00000070 T C3D_ProcTexInit
0010fcd0 00000054 T C3D_ProcTexBind
0010fd24 0000005c T C3D_ProcTexLutBind
0010fd80 000000a4 T ProcTexLut_FromArray
0010fe24 00000178 T C3Di_ProcTexUpdate
0010ff9c 00000068 T C3Di_ProcTexDirty
00110004 0000004c t onVBlank0
00110050 0000004c t onVBlank1
0011009c 00000080 t C3Di_RenderTargetDestroy
0011011c 000000f4 t onQueueFinish
00110210 00000038 T C3Di_RenderQueueEnableVBlank
00110248 00000030 T C3Di_RenderQueueDisableVBlank
00110278 00000060 T C3Di_RenderQueueInit
001102d8 000000b4 T C3Di_RenderQueueExit
0011038c 00000034 T C3Di_RenderQueueWaitDone
001103c0 000000e8 T C3D_FrameBegin
001104a8 00000048 T C3D_FrameDrawOn
001104f0 00000058 T C3D_FrameSplit
00110548 000001d0 T C3D_FrameEnd
00110718 0000001c T C3D_FrameEndHook
00110734 00000170 T C3D_RenderTargetCreate
001108a4 000000a8 T C3D_RenderTargetSetOutput
0011094c 000000fc T C3D_SyncTextureCopy
00110a48 000003d8 t Tex3DSi_ImportCommon
00110e20 00000038 T Tex3DS_TextureImportStdio
00110e58 0000001c T Tex3DS_GetSubTexture
00110e74 00000004 T Tex3DS_TextureFree
00110e78 00000034 T C3D_GetTexEnv
00110eac 00000024 T C3Di_TexEnvBind
00110ed0 00000290 T C3D_TexInitWithParams
00111160 000000c8 T C3D_TexLoadImage
00111228 00000044 T C3D_TexBind
0011126c 00000074 T C3D_TexDelete
001112e0 0000014c T C3Di_SetTex
0011142c 00000290 T C3D_UpdateUniforms
001116bc 000000c0 T C3Di_DirtyUniforms
0011177c 000000d8 T C3Di_LoadShaderUniforms
00111854 00000028 T C3Di_ClearShaderUniforms
0011187c 000000cc T Mtx_Ortho
00111948 000000cc T Mtx_OrthoTilt
00111a14 00000024 t addrMapNodeComparator(rbtree_node const*, rbtree_node const*)
00111a38 00000004 t addrMapNodeDestructor(rbtree_node*)
00111a3c 0000012c T linearMemAlign
00111b68 00000008 T linearAlloc
00111b70 0000005c T linearFree
00111bcc 00000088 T MemPool::CoalesceRight(MemBlock*)
00111c54 00000178 T MemPool::Allocate(MemChunk&, unsigned long, int)
00111dcc 00000118 T MemPool::Deallocate(MemChunk const&)
00111ee4 00000030 T MemPool::GetFreeSpace()
00111f14 00000024 t addrMapNodeComparator(rbtree_node const*, rbtree_node const*)
00111f38 00000004 t addrMapNodeDestructor(rbtree_node*)
00111f3c 00000248 T vramMemAlignAt
00112184 0000000c T vramAlloc
00112190 0000000c T vramAllocAt
0011219c 00000094 T vramFree
00112230 000000d8 T link3dsConnectToHost
00112308 0000009c T fontEnsureMapped
001123a4 0000007c T fontFixPointers
00112420 00000100 T fontGlyphIndexFromCodePoint
00112520 00000214 T fontCalcGlyphPos
00112734 000000cc t gfxPresentFramebuffer
00112800 0000001c T gfxIsWide
0011281c 000000f8 T gfxSetScreenFormat
00112914 000000d8 T gfxInit
001129ec 00000010 T gfxInitDefault
001129fc 000000b8 T gfxExit
00112ab4 000000a0 T gfxGetFramebuffer
00112b54 00000028 T gfxScreenSwapBuffers
00112b7c 00000074 T osConvertVirtToPhys
00112bf0 00000054 T osGetTimeRef
00112c44 000000ec T osGetTime
00112d30 00000034 T __ctru_speedup_config
00112d64 00000008 t romfs_close
00112d6c 000000ac t romfs_seek
00112e18 00000024 t romfs_dirreset
00112e3c 000000c0 t fill_dir
00112efc 000002ac t romfs_dirnext
001131a8 00000074 t romfs_free
0011321c 000000d0 t searchForFile.constprop.0
001132ec 000000d4 t searchForDir.constprop.0
001133c0 000001c0 t navigateToDir.constprop.0
00113580 00000114 t romfs_open
00113694 0000004c t romfs_chdir
001136e0 00000068 t romfs_diropen
00113748 00000178 t romfs_stat
001138c0 00000008 t romfs_dirclose
001138c8 0000007c t romfs_fstat
00113944 000000d0 t romfs_read
00113a14 0000028c T romfsMountFromFile
00113ca0 00000098 T romfsMountFromCurrentProcess
00113d38 00000258 T romfsMountSelf
00113f90 000000a0 T romfsUnmount
00114030 0000000c T __sync_init
0011403c 00000018 T __sync_fini
00114054 00000028 T syncArbitrateAddress
0011407c 0000001c T LightLock_Init
00114098 000000ac T LightLock_Lock
00114144 00000040 T LightLock_Unlock
00114184 00000054 T RecursiveLock_Lock
001141d8 00000054 T RecursiveLock_Unlock
0011422c 00000044 T LightEvent_Init
00114270 000000b8 T LightEvent_Clear
00114328 000000dc T LightEvent_Signal
00114404 00000050 T LightEvent_TryWait
00114454 000000ac T LightEvent_Wait
00114500 000001fc T threadCreate
001146fc 00000038 T threadFree
00114734 00000024 T threadJoin
00114758 00000030 T threadGetCurrent
00114788 00000040 T threadExit
001147c8 00000020 t _thread_begin
001147e8 0000013c T GPUCMD_Add
00114924 000000b0 T GPUCMD_Split
001149d4 00000034 T f32tof16
00114a08 00000034 T f32tof24
00114a3c 00000038 T f32tof31
00114a74 00000010 T GX_BindQueue
00114a84 0000007c T GX_ProcessCommandList
00114b00 00000074 T GX_MemoryFill
00114b74 00000074 T GX_DisplayTransfer
00114be8 00000078 T GX_TextureCopy
00114c60 00000064 t gxCmdQueueDoCommands.part.0
00114cc4 000000e4 T gxCmdQueueInterrupt
00114da8 00000068 T gxCmdQueueClear
00114e10 00000108 T gxCmdQueueAdd
00114f18 00000080 T gxCmdQueueRun
00114f98 00000064 T gxCmdQueueStop
00114ffc 0000008c T gxCmdQueueWait
00115088 000001e0 T shaderInstanceInit
00115268 00000018 T shaderInstanceGetUniformLocation
00115280 0000001c T shaderProgramInit
0011529c 00000074 T shaderProgramFree
00115310 00000094 T shaderProgramSetVsh
001153a4 000008d0 T shaderProgramConfigure
00115c74 000001dc t DVLE_GenerateOutmap.part.0
00115e50 000001ac T DVLB_ParseFile
00115ffc 00000050 T DVLB_Free
0011604c 00000074 T DVLE_GetUniformRegister
001160c0 00000158 t ndspUpdateMaster
00116218 00000108 t ndspFinalize
00116320 00000254 t ndspInitialize.part.0
00116574 00000108 t ndspHookCallback
00116680 00000318 t ndspThreadMain
00116998 000003f0 T ndspInit
00116d88 000000d8 T ndspExit
00116e60 00000034 T ndspSetOutputMode
00116e94 00000010 T ndspSetCallback
00116ea4 000000e0 T ndspChnReset
00116f84 00000018 T ndspChnSetFormat
00116f9c 00000050 T ndspChnSetInterp
00116fec 00000060 T ndspChnSetRate
0011704c 00000080 T ndspChnSetMix
001170cc 000000c8 T ndspChnWaveBufAdd
00117194 00000040 T ndspiInitChn
001171d4 0000002c T ndspiDirtyChn
00117200 0000043c T ndspiUpdateChn
0011763c 00000180 T ndspiReadChnState
001177bc 00000180 t aptConvertScreenForCapture
0011793c 00000138 T aptSendCommand
00117a78 00000044 t aptExitProcess
00117abc 00000394 T aptExit
00117e50 000000d8 T aptHandleSleep
00117f28 00000034 T aptHook
00117f5c 00000030 T aptUnhook
00117f8c 00000084 T APT_SleepIfShellClosed
00118010 00000078 T aptSetSleepAllowed
00118088 00000084 T APT_UnlockTransition
00118110 00000470 t aptEventHandler
00118580 000000bc T APT_ReceiveParameter
0011863c 000000b0 t aptReceiveParameter.constprop.0
001186f0 00000294 t aptScreenTransfer
00118984 000002d0 t aptWaitForWakeUp.isra.0
00118c54 000000f4 T aptJumpToHomeMenu
00118d48 00000058 T aptMainLoop
00118da0 00000240 T aptInit
00118fe0 00000090 T APT_CheckNew3DS
00119070 00000048 T APT_GetSharedFont
001190b8 000000a8 T cfguInit
00119160 0000003c T cfguExit
0011919c 0000004c T CFGU_GetConfigInfoBlk2
001191e8 000000a4 t DSP_LoadComponent.part.0
0011928c 000000fc T dspInit
00119388 0000008c T dspExit
00119414 00000024 T dspHook
00119438 00000030 T dspUnhook
00119468 000000b4 T aptDspSleep
0011951c 000000b4 T aptDspWakeup
001195d0 00000044 T aptDspCancel
00119614 00000050 T DSP_FlushDataCache
00119664 00000034 T DSP_SetSemaphore
00119698 00000034 T DSP_SetSemaphoreMask
001196cc 00000038 T DSP_GetSemaphoreHandle
00119704 0000003c T DSP_LoadComponent
00119740 00000044 T DSP_RegisterInterruptEvents
00119784 00000078 T DSP_ReadPipeIfPossible
001197fc 0000004c T DSP_WriteProcessPipe
00119848 00000044 T DSP_ConvertProcessAddressFromDspDram
0011988c 00000044 T DSP_RecvData
001198d0 00000050 T DSP_RecvDataIsReady
00119920 00000104 T fsInit
00119a24 0000003c T fsExit
00119a60 00000068 T fsExemptFromSession
00119ac8 00000050 T fsUnexemptFromSession
00119b18 000000cc T FSUSER_OpenFile
00119be4 000000cc T FSUSER_OpenFileDirectly
00119cb0 000000b8 T FSUSER_DeleteFile
00119d68 000000f4 T FSUSER_RenameFile
00119e5c 000000b8 T FSUSER_DeleteDirectory
00119f14 000000d0 T FSUSER_CreateFile
00119fe4 000000c0 T FSUSER_CreateDirectory
0011a0a4 000000f4 T FSUSER_RenameDirectory
0011a198 000000b4 T FSUSER_OpenDirectory
0011a24c 00000090 T FSUSER_OpenArchive
0011a2dc 0000008c T FSUSER_CloseArchive
0011a368 00000074 T FSUSER_GetSdmcArchiveResource
0011a3dc 00000064 T FSUSER_IsSdmcWritable
0011a440 00000064 T FSFILE_Read
0011a4a4 0000006c T FSFILE_Write
0011a510 00000044 T FSFILE_GetSize
0011a554 00000028 T FSFILE_SetSize
0011a57c 0000003c T FSFILE_Close
0011a5b8 00000024 T FSFILE_Flush
0011a5dc 00000060 T FSDIR_Read
0011a63c 0000003c T FSDIR_Close
0011a678 00000c70 t gspHardwareInit
0011b2e8 00000280 T gspInit
0011b568 00000110 T gspExit
0011b678 00000010 T gspHasGpuRight
0011b688 000000a4 T gspPresentBuffer
0011b72c 00000030 T gspSetEventCallback
0011b75c 00000050 T gspWaitForEvent
0011b7ac 0000004c T gspWaitForAnyEvent
0011b7f8 00000154 t gspEventThreadMain
0011b94c 0000012c T gspSubmitGxCommand
0011ba78 00000050 T GSPGPU_FlushDataCache
0011bac8 00000034 T GSPGPU_SetLcdForceBlack
0011bafc 00000080 T GSPGPU_AcquireRight
0011bb7c 0000005c T GSPGPU_ReleaseRight
0011bbd8 0000007c T GSPGPU_ImportDisplayCaptureInfo
0011bc54 0000002c T GSPGPU_SaveVramSysArea
0011bc80 0000002c T GSPGPU_RestoreVramSysArea
0011bcac 00000024 W hidShouldUseIrrst
0011bcd0 000001cc T hidInit
0011be9c 000000e8 T hidExit
0011bf84 000002a0 T hidScanInput
0011c224 00000010 T hidKeysHeld
0011c234 00000010 T hidKeysDown
0011c244 00000010 T hidKeysUp
0011c254 00000018 T hidTouchRead
0011c26c 000001a4 T irrstInit
0011c410 000000dc T irrstExit
0011c4ec 000000b4 T irrstScanInput
0011c5a0 00000024 T irrstKeysHeld
0011c5c4 00000078 T ptmSysmInit
0011c63c 0000003c T ptmSysmExit
0011c678 00000034 T PTMSYSM_ConfigureNew3DSCPU
0011c6ac 00000174 T connect
0011c820 00000014 t soc_open
0011c834 00000034 t soc_read
0011c868 00000034 t soc_write
0011c89c 000000b0 t soc_close
0011c94c 00000190 T socInit
0011cadc 00000088 T socExit
0011cb64 00000148 T socuipc_cmd7
0011ccac 00000168 T socuipc_cmd8
0011ce14 00000010 T soc_recvfrom
0011ce24 0000015c T socuipc_cmd9
0011cf80 00000160 T socuipc_cmda
0011d0e0 00000010 T soc_sendto
0011d0f0 0000016c T socket
0011d25c 000000e0 t buffer_read
0011d33c 000000cc t iov_read
0011d408 00000164 t iov_memmove
0011d56c 000001e0 t decompress_rle
0011d74c 00000264 t decompress_lzss
0011d9b0 00000418 t decompress_lz11
0011ddc8 0000031c t decompress_huff.isra.0
0011e0e4 00000010 T decompressCallback_Stdio
0011e0f4 000000e4 T decompressHeader
0011e1d8 0000021c T decompressV
0011e3f4 00000074 T rbtree_find
0011e468 00000010 T rbtree_init
0011e478 00000198 t do_insert
0011e610 00000008 T rbtree_insert
0011e618 00000310 T rbtree_remove
0011e928 00000090 T rbtree_rotate
0011e9b8 00000140 T decode_utf8
0011eaf8 000000e8 T utf16_to_utf8
0011ebe0 000000c0 T utf8_to_utf16
0011eca0 000001e8 W __system_allocateHeaps
0011ee88 00000038 W __libctru_init
0011eec0 0000016c W __system_initArgv
0011f02c 00000030 T __syscall_getreent
0011f05c 00000064 T __syscall_gettod_r
0011f0c0 00000004 T __syscall_lock_acquire
0011f0c4 00000004 T __syscall_lock_release
0011f0c8 00000004 T __syscall_lock_acquire_recursive
0011f0cc 00000004 T __syscall_lock_release_recursive
0011f0d0 00000004 T __syscall_exit
0011f0d4 00000054 T initThreadVars
0011f128 00000080 T __system_initSyscalls
0011f1a8 T svcControlMemory
0011f1c8 T svcQueryMemory
0011f1f8 T svcExitProcess
0011f200 T svcCreateThread
0011f220 T svcExitThread
0011f228 T svcSleepThread
0011f230 T svcReleaseMutex
0011f238 T svcCreateEvent
0011f24c T svcSignalEvent
0011f254 T svcClearEvent
0011f25c T svcCreateMemoryBlock
0011f274 T svcMapMemoryBlock
0011f27c T svcUnmapMemoryBlock
0011f284 T svcCreateAddressArbiter
0011f298 T svcArbitrateAddressNoTimeout
0011f2a0 T svcCloseHandle
0011f2a8 T svcWaitSynchronization
0011f2b0 T svcWaitSynchronizationN
0011f2d8 T svcDuplicateHandle
0011f2ec T svcGetSystemTick
0011f2f4 T svcConnectToPort
0011f308 T svcSendSyncRequest
0011f310 T svcGetResourceLimit
0011f324 T svcGetResourceLimitLimitValues
0011f32c T svcGetResourceLimitCurrentValues
0011f334 T svcBreak
0011f33c T __aeabi_read_tp
0011f348 W initSystem
0011f398 W __ctru_exit
0011f3ac 0000008c W envGetHandle
0011f438 00000050 W envDestroyHandles
0011f488 00000164 T srvInit
0011f5ec 00000064 T srvExit
0011f650 00000060 T srvEnableNotification
0011f6b0 000000a0 T srvGetServiceHandleDirect
0011f750 00000048 T srvGetServiceHandle
0011f798 00000034 T srvSubscribe
0011f7cc 00000060 T srvReceiveNotification
0011f82c 00000038 T srvPublishToSubscriber
0011f864 00000090 t mappableFindAddressWithin
0011f8f4 00000028 T mappableInit
0011f91c 0000007c T mappableAlloc
0011f998 00000004 T mappableFree
0011f99c 0000000c T srvPmGetSessionHandle
0011f9a8 0000003c T _net_convert_error
0011f9e4 00000060 T rbtree_node_next
0011fa44 00000054 T decode_utf16
0011fa98 00000054 T encode_utf16
0011faec 000000e0 T encode_utf8
0011fbcc 00000030 W __appExit
0011fbfc 00000030 W __appInit
0011fc2c 00000090 W __libctru_exit
0011fcbc 00000014 t archive_link
0011fcd0 00000014 t archive_dirreset
0011fce4 00000014 t archive_chmod
0011fcf8 00000024 t error_cmp
0011fd1c 00000050 t archive_translate_error
0011fd6c 000000c0 t archive_seek
0011fe2c 00000078 t _archiveInit.part.0
0011fea4 000000d4 t archiveFindDevice.part.0
0011ff78 00000298 t archive_utf16path
00120210 00000098 t _archiveUnmountDeviceStruct.part.0
001202a8 00000014 t archive_statvfs
001202bc 00000014 t archive_fchmod
001202d0 00000178 t _archiveMountDevice
00120448 000000f8 t archive_diropen
00120540 000000ac t archive_fstat
001205ec 00000074 t archive_fsync
00120660 00000074 t archive_close
001206d4 00000078 t archive_dirclose
0012074c 000000ec t sdmc_statvfs
00120838 000000f8 t archive_chdir
00120930 0000008c t archive_ftruncate
001209bc 000000bc t archive_read
00120a78 000000a8 t archive_unlink
00120b20 000000c0 t archive_rmdir
00120be0 000000d8 t archive_mkdir
00120cb8 000001a0 t archive_stat
00120e58 00000164 t archive_dirnext
00120fbc 0000013c t archive_write
001210f8 00000254 t archive_open
0012134c 00000270 t archive_rename
001215bc 000001c8 T archiveMountSdmc
00121784 00000054 T archiveUnmountAll
001217d8 00000104 t op_granpos_add
001218dc 000000fc t op_stereo_filter
001219d8 00000178 t op_get_next_page
00121b50 000002e4 t op_fetch_headers_impl
00121e34 000000a8 t op_fetch_headers
00121edc 00000038 t op_get_packet_duration
00121f14 00000098 t op_collect_audio_packets
00121fac 000000d4 t op_clear
00122080 0000006c t op_seek_helper
001220ec 00000438 t op_float2short_filter
00122524 000000a4 t op_decode
001225c8 000000e4 t op_rescale64.part.0
001226ac 000000e4 t op_granpos_diff
00122790 00000394 t op_find_initial_pcm_offset
00122b24 00000308 t op_find_final_pcm_offset
00122e2c 000000cc t op_update_gain.part.7
00122ef8 00000140 t op_make_decode_ready.part.8
00123038 000008fc t op_fetch_and_process_page
00123934 000000b4 t op_float2short_stereo_filter
001239e8 00000408 t op_read_native.part.10
00123df0 000000b8 t op_filter_read_native
00123ea8 00000ea4 t op_open_seekable2
00124d4c 00000064 t op_open2
00124db0 00000244 T op_test_callbacks
00124ff4 0000004c T op_open_callbacks
00125040 00000064 t op_open_close_on_failure
001250a4 00000034 T op_open_file
001250d8 00000020 T op_free
001250f8 000000a0 T op_pcm_total
00125198 000014f0 T op_pcm_seek
00126688 00000024 T op_read_stereo
001266ac 00000004 t op_ftell
001266b0 00000004 t op_fseek
001266b4 00000044 t op_fread
001266f8 00000034 T op_fopen
0012672c 00000050 t op_strdup_with_len
0012677c 0000009c t op_tags_ensure_capacity
00126818 000001f4 t opus_tags_parse_impl
00126a0c 000000f4 t opus_tags_get_gain.isra.0.constprop.1
00126b00 00000204 T opus_head_parse
00126d04 00000060 T opus_tags_clear
00126d64 00000074 T opus_tags_parse
00126dd8 0000001c T opus_tags_get_album_gain
00126df4 0000001c T opus_tags_get_track_gain
00126e10 00000058 T op_strncasecmp
00126e68 00000264 T sinf
001270cc 00000050 T sqrtf
0012711c 00000024 t with_errnof
00127140 0000001c T __math_invalidf
0012715c 000000b8 T lrintf
00127214 000000c0 T ceilf
001272d8 0000025c T cosf
00127534 00000008 T __ieee754_sqrtf
0012753c 00000100 t _os_update_crc
0012763c 0000012c t _packetout
00127768 00000010 T ogg_page_bos
00127778 00000044 T ogg_page_granulepos
001277bc 0000000c T ogg_page_serialno
001277c8 0000003c T ogg_page_packets
00127804 00000054 T ogg_stream_clear
00127858 00000098 T ogg_stream_init
001278f0 00000078 t _os_body_expand
00127968 0000008c t _os_lacing_expand
001279f4 00000078 T ogg_page_checksum_set
00127a6c 00000030 T ogg_sync_init
00127a9c 00000044 T ogg_sync_clear
00127ae0 000000c8 T ogg_sync_buffer
00127ba8 00000034 T ogg_sync_wrote
00127bdc 000001d8 T ogg_sync_pageseek
00127db8 00000380 T ogg_stream_pagein
00128138 00000030 T ogg_sync_reset
00128168 00000068 T ogg_stream_reset
001281d0 00000068 T ogg_stream_reset_serialno
00128238 00000024 T ogg_stream_packetout
0012825c 00000380 T opus_pcm_soft_clip
001285dc 000000a4 T opus_packet_get_samples_per_frame
00128680 00000480 T opus_packet_parse_impl
00128b00 000000b4 t smooth_fade
00128bb8 00000e24 t opus_decode_frame
001299dc 0000004c t opus_decoder_get_size.part.2
00129a28 00000018 T opus_decoder_get_size
00129a40 00000140 T opus_decoder_init
00129b80 00000604 T opus_decode_native
0012a184 000002e0 T opus_decoder_ctl
0012a464 00000050 T opus_packet_get_nb_frames
0012a4b4 00000074 T opus_packet_get_nb_samples
0012a528 00000078 t opus_copy_channel_out_float
0012a5a0 00000044 t opus_multistream_decoder_get_size.part.2
0012a5e4 00000128 T opus_multistream_decoder_init
0012a70c 000000e4 T opus_multistream_decoder_create
0012a7f0 000002bc T opus_multistream_decoder_ctl_va_list
0012aaac 00000030 T opus_multistream_decoder_ctl
0012aadc 00000478 T opus_multistream_decode_native
0012af54 0000003c T opus_multistream_decode_float
0012af90 00000004 T opus_multistream_decoder_destroy
0012af94 00000038 T celt_fatal
0012afcc 00000088 T resampling_factor
0012b054 000002c0 T comb_filter
0012b314 0000006c T init_caps
0012b380 00000224 t deemphasis
0012b5a4 00000498 t celt_synthesis
0012ba40 00000eb0 t celt_decode_lost
0012c8f0 000002d0 T validate_celt_decoder
0012cbc0 00000040 T celt_decoder_get_size
0012cc00 000011f0 T celt_decode_with_ec
0012ddf0 00000304 T opus_custom_decoder_ctl
0012e0f4 000000e8 T celt_decoder_init
0012e1dc 00000048 T ec_tell_frac
0012e224 0000007c t ec_dec_normalize
0012e2a0 00000060 T ec_dec_init
0012e300 0000003c T ec_decode
0012e33c 00000040 T ec_decode_bin
0012e37c 0000003c T ec_dec_update
0012e3b8 00000034 T ec_dec_bit_logp
0012e3ec 00000050 T ec_dec_icdf
0012e43c 00000074 T ec_dec_bits
0012e4b0 00000114 T ec_dec_uint
0012e5c4 00000214 T clt_mdct_backward_c
0012e7d8 000000ac T opus_custom_mode_create
0012e884 00000120 t find_best_pitch
0012e9a4 00000254 T pitch_downsample
0012ebf8 00000298 T celt_pitch_xcorr_c
0012ee90 000002b0 T pitch_search
0012f140 00000124 T _celt_lpc
0012f264 000002d8 T celt_fir_c
0012f53c 000003e4 T celt_iir
0012f920 00000168 T _celt_autocorr
0012fa88 00000200 T unquant_coarse_energy
0012fc88 000000dc T unquant_fine_energy
0012fd64 00000160 T unquant_energy_finalise
0012fec4 00000df0 T clt_compute_allocation
00130cb4 0000009c t exp_rotation1
00130d50 00000080 t normalise_residual
00130dd0 0000018c t exp_rotation.part.0
00130f5c 0000030c T op_pvq_search_c
00131268 000001e0 T alg_quant
00131448 00000140 T alg_unquant
00131588 000000b4 T renormalise_vector
00131640 00000274 T stereo_itheta
001318b4 00000014 T silk_Get_Decoder_Size
001318c8 00000038 T silk_InitDecoder
00131900 00000bc0 T silk_Decode
001324c0 00000294 T silk_stereo_MS_to_LR
00132754 000003c0 T silk_resampler_init
00132b14 00000184 T silk_resampler
00132c98 000009b8 T silk_resampler_private_down_FIR
00133650 000001e4 T silk_resampler_private_IIR_FIR
00133834 00000218 T silk_resampler_private_up2_HQ
00133a4c 00000004 T silk_resampler_private_up2_HQ_wrapper
00133a50 00000134 T silk_stereo_decode_pred
00133b84 00000020 T silk_stereo_decode_mid_only
00133ba4 0000007c T validate_layout
00133c20 00000074 T get_left_channel
00133c94 00000078 T get_right_channel
00133d0c 00000078 T get_mono_channel
00133d84 000000a8 t intensity_stereo.isra.0
00133e2c 0000011c t deinterleave_hadamard
00133f48 00000078 t special_hybrid_folding.isra.1
00133fc0 00000104 t quant_band_n1.isra.3
001340c4 00000018 T celt_lcg_rand
001340dc 0000007c T bitexact_log2tan
00134158 000008e0 t compute_theta
00134a38 000005f8 t quant_partition
00135030 000001fc T denormalise_bands
00135230 00000358 T anti_collapse
00135588 00000080 T haar1
00135608 000005b0 t quant_band
00135bb8 000005dc t quant_band_stereo
00136194 00000fd8 T quant_all_bands
0013716c 0000012c T encode_pulses
00137298 000002d4 T decode_pulses
0013756c 000000a8 t ec_enc_carry_out.part.0
00137614 000000cc T ec_encode
001376e0 0000008c T ec_enc_bit_logp
0013776c 00000098 T ec_enc_bits
00137804 00000080 T ec_enc_uint
00137884 00000960 T opus_fft_impl
001381e4 00000174 T ec_laplace_decode
00138358 00000040 T isqrt32
00138398 00000040 T silk_init_decoder
001383d8 00000224 T silk_decode_frame
001385fc 0000024c T silk_decode_parameters
00138848 0000041c T silk_decode_indices
00138c64 00000248 T silk_decode_pulses
00138eac 00000244 T silk_decoder_set_fs
001390f0 000000b4 T silk_gains_dequant
001391a4 00000150 T silk_NLSF_decode
001392f4 00000030 T silk_PLC_Reset
00139324 00000e28 T silk_PLC
0013a14c 000001e0 T silk_PLC_glue_frames
0013a32c 000003fc T silk_shell_decoder
0013a728 000000a0 T silk_NLSF_unpack
0013a7c8 00000070 T silk_bwexpander
0013a838 00000104 T silk_decode_pitch
0013a93c 00000068 T silk_log2lin
0013a9a4 0000017c T silk_LPC_analysis_filter
0013ab20 00000628 T silk_LPC_inverse_pred_gain_c
0013b148 00000360 T silk_NLSF2A
0013b4a8 000002e4 T silk_NLSF_stabilize
0013b78c 00000070 T silk_resampler_private_AR2
0013b7fc 00000074 T silk_insertion_sort_increasing_all_values_int16
0013b870 00000114 T silk_sum_sqr_shift
0013b984 000001cc T silk_LPC_fit
0013bb50 00000064 T silk_CNG_Reset
0013bbb4 000009b0 T silk_CNG
0013c564 000000d4 T silk_decode_signs
0013c638 00000cb8 T silk_decode_core
0013d2f0 0000009c T silk_bwexpander_32
0013d38c 00000024 t with_errno
0013d3b0 00000028 t xflow
0013d3d8 00000010 T __math_uflow
0013d3e8 00000010 T __math_oflow
0013d3f8 00000014 T __math_check_uflow
0013d410 00000028 T __math_check_oflow
0013d438 00000058 T sqrt
0013d490 000000a8 T cos
0013d538 00000008 T __ieee754_sqrt
0013d540 00000144 T floor
0013d688 00000214 T exp
0013d8a0 00000150 T __kernel_cos
0013d9f0 00000310 T __ieee754_rem_pio2
0013dd00 000008b0 T __kernel_rem_pio2
0013e5b0 00000140 T scalbn
0013e6f0 000000c0 T __kernel_sin
0013e7b0 00000014 T fabs
0013e7c4 00000008 T b2CircleShape::GetChildCount() const
0013e7cc 00000064 T b2CircleShape::TestPoint(b2Transform const&, b2Vec2 const&) const
0013e830 00000058 T b2CircleShape::ComputeAABB(b2AABB*, b2Transform const&, int) const
0013e888 00000060 T b2CircleShape::ComputeMass(b2MassData*, float) const
0013e8e8 00000004 W b2CircleShape::~b2CircleShape()
0013e8e8 00000004 W b2CircleShape::~b2CircleShape()
0013e8ec 00000068 T b2CircleShape::Clone(b2BlockAllocator*) const
0013e954 00000014 W b2CircleShape::~b2CircleShape()
0013e968 00000178 T b2CircleShape::RayCast(b2RayCastOutput*, b2RayCastInput const&, b2Transform const&, int) const
0013eae0 00000008 T b2PolygonShape::GetChildCount() const
0013eae8 00000090 T b2PolygonShape::TestPoint(b2Transform const&, b2Vec2 const&) const
0013eb78 00000004 W b2PolygonShape::~b2PolygonShape()
0013eb78 00000004 W b2PolygonShape::~b2PolygonShape()
0013eb7c 000000d0 T b2PolygonShape::Clone(b2BlockAllocator*) const
0013ec4c 00000190 T b2PolygonShape::ComputeMass(b2MassData*, float) const
0013eddc 000001bc T b2PolygonShape::RayCast(b2RayCastOutput*, b2RayCastInput const&, b2Transform const&, int) const
0013ef98 00000014 W b2PolygonShape::~b2PolygonShape()
0013efac 000000e0 T b2PolygonShape::ComputeAABB(b2AABB*, b2Transform const&, int) const
0013f08c 0000006c T b2PolygonShape::SetAsBox(float, float)
0013f0f8 00000048 T b2BlockAllocator::b2BlockAllocator()
0013f0f8 00000048 T b2BlockAllocator::b2BlockAllocator()
0013f140 00000048 T b2BlockAllocator::~b2BlockAllocator()
0013f140 00000048 T b2BlockAllocator::~b2BlockAllocator()
0013f188 000001a0 T b2BlockAllocator::Allocate(int)
0013f328 00000088 T b2BlockAllocator::Free(void*, int)
0013f3b0 00000078 t _GLOBAL__sub_I__ZN16b2BlockAllocatorC2Ev
0013f428 00000018 t _GLOBAL__sub_I_b2Vec2_zero
0013f440 00000004 T b2Alloc_Default(int)
0013f444 00000004 T b2Free_Default(void*)
0013f448 000002a8 T b2Body::b2Body(b2BodyDef const*, b2World*)
0013f448 000002a8 T b2Body::b2Body(b2BodyDef const*, b2World*)
0013f6f0 00000004 T b2Body::~b2Body()
0013f6f0 00000004 T b2Body::~b2Body()
0013f6f4 0000022c T b2Body::ResetMassData()
0013f920 000000d8 T b2Body::CreateFixture(b2FixtureDef const*)
0013f9f8 00000058 T b2Body::CreateFixture(b2Shape const*, float)
0013fa50 0000018c T b2Body::DestroyFixture(b2Fixture*)
0013fbdc 0000006c T b2Body::ShouldCollide(b2Body const*) const
0013fc48 00000100 T b2Body::SetTransform(b2Vec2 const&, float)
0013fd48 000000ec T b2Body::SynchronizeFixtures()
0013fe34 00000160 T b2Body::SetType(b2BodyType)
0013ff94 00000004 W b2ContactListener::~b2ContactListener()
0013ff94 00000004 W b2ContactListener::~b2ContactListener()
0013ff98 00000004 W b2ContactListener::BeginContact(b2Contact*)
0013ff9c 00000014 W b2ContactListener::~b2ContactListener()
0013ffb0 0000003c T b2ContactManager::b2ContactManager()
0013ffb0 0000003c T b2ContactManager::b2ContactManager()
0013ffec 000000ec T b2ContactManager::Destroy(b2Contact*)
001400d8 000001d0 T b2ContactManager::Collide()
001402a8 00000184 T b2ContactManager::AddPair(void*, void*)
0014042c 00000208 W void b2DynamicTree::Query<b2BroadPhase>(b2BroadPhase*, b2AABB const&) const
00140634 000001ac W void b2BroadPhase::UpdatePairs<b2ContactManager>(b2ContactManager*)
001407e0 00000010 T b2ContactManager::FindNewContacts()
001407f0 00000038 T b2Fixture::b2Fixture()
001407f0 00000038 T b2Fixture::b2Fixture()
00140828 000000d0 T b2Fixture::Create(b2BlockAllocator*, b2Body*, b2FixtureDef const*)
001408f8 00000138 T b2Fixture::Destroy(b2BlockAllocator*)
00140a30 000000b0 T b2Fixture::CreateProxies(b2BroadPhase*, b2Transform const&)
00140ae0 0000005c T b2Fixture::DestroyProxies(b2BroadPhase*)
00140b3c 00000150 T b2Fixture::Synchronize(b2BroadPhase*, b2Transform const&, b2Transform const&)
00140c8c 000000b0 T b2World::b2World(b2Vec2 const&)
00140c8c 000000b0 T b2World::b2World(b2Vec2 const&)
00140d3c 0000000c T b2World::SetContactListener(b2ContactListener*)
00140d48 00000080 T b2World::CreateBody(b2BodyDef const*)
00140dc8 0000018c T b2World::DestroyJoint(b2Joint*)
00140f54 000001b4 T b2World::DestroyBody(b2Body*)
00141108 000004b0 T b2World::Solve(b2TimeStep const&)
001415b8 00000c34 T b2World::SolveTOI(b2TimeStep const&)
001421ec 00000198 T b2World::Step(float, int, int)
00142384 00000004 W b2ContactFilter::~b2ContactFilter()
00142384 00000004 W b2ContactFilter::~b2ContactFilter()
00142388 0000005c T b2ContactFilter::ShouldCollide(b2Fixture*, b2Fixture*)
001423e4 00000014 W b2ContactFilter::~b2ContactFilter()
001423f8 00000058 T b2BroadPhase::b2BroadPhase()
001423f8 00000058 T b2BroadPhase::b2BroadPhase()
00142450 00000080 T b2BroadPhase::CreateProxy(b2AABB const&, void*)
001424d0 00000050 T b2BroadPhase::DestroyProxy(int)
00142520 0000006c T b2BroadPhase::TouchProxy(int)
0014258c 0000006c T b2BroadPhase::BufferMove(int)
001425f8 00000028 T b2BroadPhase::MoveProxy(int, b2AABB const&, b2Vec2 const&)
00142620 000000f4 T b2BroadPhase::QueryCallback(int)
00142714 00000024 t b2DistanceProxy::GetVertex(int) const [clone .part.0]
00142738 0000010c T b2DistanceProxy::Set(b2Shape const*, int)
00142844 000002fc W b2Simplex::ReadCache(b2SimplexCache const*, b2DistanceProxy const*, b2Transform const&, b2DistanceProxy const*, b2Transform const&)
00142b40 000000b8 T b2Simplex::Solve2()
00142bf8 00000264 T b2Simplex::Solve3()
00142e5c 00000738 T b2Distance(b2DistanceOutput*, b2SimplexCache*, b2DistanceInput const*)
00143594 000000a4 T b2DynamicTree::b2DynamicTree()
00143594 000000a4 T b2DynamicTree::b2DynamicTree()
00143638 00000018 T b2DynamicTree::~b2DynamicTree()
00143638 00000018 T b2DynamicTree::~b2DynamicTree()
00143650 0000012c T b2DynamicTree::AllocateNode()
0014377c 00000088 T b2DynamicTree::FreeNode(int)
00143804 00000658 T b2DynamicTree::Balance(int)
00143e5c 000004b4 T b2DynamicTree::InsertLeaf(int)
00144310 00000084 T b2DynamicTree::CreateProxy(b2AABB const&, void*)
00144394 00000150 T b2DynamicTree::RemoveLeaf(int)
001444e4 000000e4 T b2DynamicTree::DestroyProxy(int)
001445c8 000001ac T b2DynamicTree::MoveProxy(int, b2AABB const&, b2Vec2 const&)
00144774 00000024 t b2DistanceProxy::GetVertex(int) const [clone .part.0]
00144798 000004bc W b2SeparationFunction::FindMinSeparation(int*, int*, float) const
00144c54 00000304 W b2SeparationFunction::Evaluate(int, int, float) const
00144f58 00000af0 T b2TimeOfImpact(b2TOIOutput*, b2TOIInput const*)
00145a48 0000001c T b2StackAllocator::b2StackAllocator()
00145a48 0000001c T b2StackAllocator::b2StackAllocator()
00145a64 00000058 T b2StackAllocator::~b2StackAllocator()
00145a64 00000058 T b2StackAllocator::~b2StackAllocator()
00145abc 000000b0 T b2StackAllocator::Allocate(int)
00145b6c 000000b0 T b2StackAllocator::Free(void*)
00145c1c 00000004 T b2Timer::b2Timer()
00145c1c 00000004 T b2Timer::b2Timer()
00145c20 00000004 T b2Timer::Reset()
00145c24 0000000c T b2Timer::GetMilliseconds() const
00145c30 00000118 T b2Contact::InitializeRegisters()
00145d48 0000010c T b2Contact::Create(b2Fixture*, int, b2Fixture*, int, b2BlockAllocator*)
00145e54 00000120 T b2Contact::Destroy(b2Contact*, b2BlockAllocator*)
00145f74 000000d8 T b2Contact::b2Contact(b2Fixture*, int, b2Fixture*, int)
00145f74 000000d8 T b2Contact::b2Contact(b2Fixture*, int, b2Fixture*, int)
0014604c 00000280 T b2Contact::Update(b2ContactListener*)
001462cc 00000004 W b2EdgeAndCircleContact::~b2EdgeAndCircleContact()
001462cc 00000004 W b2EdgeAndCircleContact::~b2EdgeAndCircleContact()
001462d0 00000014 W b2EdgeAndCircleContact::~b2EdgeAndCircleContact()
001462e4 00000034 T b2EdgeAndCircleContact::Evaluate(b2Manifold*, b2Transform const&, b2Transform const&)
00146318 00000040 T b2EdgeAndCircleContact::Destroy(b2Contact*, b2BlockAllocator*)
00146358 00000094 T b2EdgeAndCircleContact::b2EdgeAndCircleContact(b2Fixture*, b2Fixture*)
00146358 00000094 T b2EdgeAndCircleContact::b2EdgeAndCircleContact(b2Fixture*, b2Fixture*)
001463ec 00000038 T b2EdgeAndCircleContact::Create(b2Fixture*, int, b2Fixture*, int, b2BlockAllocator*)
00146424 00000004 W b2EdgeAndPolygonContact::~b2EdgeAndPolygonContact()
00146424 00000004 W b2EdgeAndPolygonContact::~b2EdgeAndPolygonContact()
00146428 00000014 W b2EdgeAndPolygonContact::~b2EdgeAndPolygonContact()
0014643c 00000034 T b2EdgeAndPolygonContact::Evaluate(b2Manifold*, b2Transform const&, b2Transform const&)
00146470 00000040 T b2EdgeAndPolygonContact::Destroy(b2Contact*, b2BlockAllocator*)
001464b0 00000094 T b2EdgeAndPolygonContact::b2EdgeAndPolygonContact(b2Fixture*, b2Fixture*)
001464b0 00000094 T b2EdgeAndPolygonContact::b2EdgeAndPolygonContact(b2Fixture*, b2Fixture*)
00146544 00000038 T b2EdgeAndPolygonContact::Create(b2Fixture*, int, b2Fixture*, int, b2BlockAllocator*)
0014657c 000000a8 t b2Island::Report(b2ContactVelocityConstraint const*) [clone .part.0]
00146624 000000b0 T b2Island::b2Island(int, int, int, b2StackAllocator*, b2ContactListener*)
00146624 000000b0 T b2Island::b2Island(int, int, int, b2StackAllocator*, b2ContactListener*)
001466d4 0000004c T b2Island::~b2Island()
001466d4 0000004c T b2Island::~b2Island()
00146720 00000634 T b2Island::Solve(b2Profile*, b2TimeStep const&, b2Vec2 const&, bool)
00146d54 00000360 T b2Island::SolveTOI(b2TimeStep const&, int, int)
001470b4 00000140 T b2Joint::Destroy(b2Joint*, b2BlockAllocator*)
001471f4 00000004 W b2PolygonAndCircleContact::~b2PolygonAndCircleContact()
001471f4 00000004 W b2PolygonAndCircleContact::~b2PolygonAndCircleContact()
001471f8 00000014 W b2PolygonAndCircleContact::~b2PolygonAndCircleContact()
0014720c 00000034 T b2PolygonAndCircleContact::Evaluate(b2Manifold*, b2Transform const&, b2Transform const&)
00147240 00000040 T b2PolygonAndCircleContact::Destroy(b2Contact*, b2BlockAllocator*)
00147280 00000094 T b2PolygonAndCircleContact::b2PolygonAndCircleContact(b2Fixture*, b2Fixture*)
00147280 00000094 T b2PolygonAndCircleContact::b2PolygonAndCircleContact(b2Fixture*, b2Fixture*)
00147314 00000038 T b2PolygonAndCircleContact::Create(b2Fixture*, int, b2Fixture*, int, b2BlockAllocator*)
0014734c 00000004 W b2PolygonContact::~b2PolygonContact()
0014734c 00000004 W b2PolygonContact::~b2PolygonContact()
00147350 00000014 W b2PolygonContact::~b2PolygonContact()
00147364 00000034 T b2PolygonContact::Evaluate(b2Manifold*, b2Transform const&, b2Transform const&)
00147398 00000040 T b2PolygonContact::Destroy(b2Contact*, b2BlockAllocator*)
001473d8 00000094 T b2PolygonContact::b2PolygonContact(b2Fixture*, b2Fixture*)
001473d8 00000094 T b2PolygonContact::b2PolygonContact(b2Fixture*, b2Fixture*)
0014746c 00000038 T b2PolygonContact::Create(b2Fixture*, int, b2Fixture*, int, b2BlockAllocator*)
001474a4 000000dc T b2CollideCircles(b2Manifold*, b2CircleShape const*, b2Transform const&, b2CircleShape const*, b2Transform const&)
00147580 0000039c T b2CollidePolygonAndCircle(b2Manifold*, b2PolygonShape const*, b2Transform const&, b2CircleShape const*, b2Transform const&)
0014791c 00000310 T b2CollideEdgeAndCircle(b2Manifold*, b2EdgeShape const*, b2Transform const&, b2CircleShape const*, b2Transform const&)
00147c2c 00000840 T b2CollideEdgeAndPolygon(b2Manifold*, b2EdgeShape const*, b2Transform const&, b2PolygonShape const*, b2Transform const&)
0014846c 00000130 t b2FindMaxSeparation(int*, b2PolygonShape const*, b2Transform const&, b2PolygonShape const*, b2Transform const&) [clone .constprop.0]
0014859c 000004c8 T b2CollidePolygons(b2Manifold*, b2PolygonShape const*, b2Transform const&, b2PolygonShape const*, b2Transform const&)
00148a64 000003e8 T b2WorldManifold::Initialize(b2Manifold const*, b2Transform const&, float, b2Transform const&, float)
00148e4c 00000108 T b2ClipSegmentToLine(b2ClipVertex*, b2ClipVertex const*, b2Vec2 const&, float, int)
00148f54 000000b8 T b2TestOverlap(b2Shape const*, int, b2Shape const*, int, b2Transform const&, b2Transform const&)
0014900c 00000004 W b2ChainAndCircleContact::~b2ChainAndCircleContact()
0014900c 00000004 W b2ChainAndCircleContact::~b2ChainAndCircleContact()
00149010 00000014 W b2ChainAndCircleContact::~b2ChainAndCircleContact()
00149024 0000008c T b2ChainAndCircleContact::Evaluate(b2Manifold*, b2Transform const&, b2Transform const&)
001490b0 000000b8 T b2ChainAndCircleContact::Create(b2Fixture*, int, b2Fixture*, int, b2BlockAllocator*)
00149168 00000040 T b2ChainAndCircleContact::Destroy(b2Contact*, b2BlockAllocator*)
001491a8 00000004 W b2ChainAndPolygonContact::~b2ChainAndPolygonContact()
001491a8 00000004 W b2ChainAndPolygonContact::~b2ChainAndPolygonContact()
001491ac 00000014 W b2ChainAndPolygonContact::~b2ChainAndPolygonContact()
001491c0 0000008c T b2ChainAndPolygonContact::Evaluate(b2Manifold*, b2Transform const&, b2Transform const&)
0014924c 000000b8 T b2ChainAndPolygonContact::Create(b2Fixture*, int, b2Fixture*, int, b2BlockAllocator*)
00149304 00000040 T b2ChainAndPolygonContact::Destroy(b2Contact*, b2BlockAllocator*)
00149344 00000004 W b2CircleContact::~b2CircleContact()
00149344 00000004 W b2CircleContact::~b2CircleContact()
00149348 00000014 W b2CircleContact::~b2CircleContact()
0014935c 00000034 T b2CircleContact::Evaluate(b2Manifold*, b2Transform const&, b2Transform const&)
00149390 00000040 T b2CircleContact::Destroy(b2Contact*, b2BlockAllocator*)
001493d0 00000094 T b2CircleContact::b2CircleContact(b2Fixture*, b2Fixture*)
001493d0 00000094 T b2CircleContact::b2CircleContact(b2Fixture*, b2Fixture*)
00149464 00000038 T b2CircleContact::Create(b2Fixture*, int, b2Fixture*, int, b2BlockAllocator*)
0014949c 000002b0 T b2ContactSolver::b2ContactSolver(b2ContactSolverDef*)
0014949c 000002b0 T b2ContactSolver::b2ContactSolver(b2ContactSolverDef*)
0014974c 00000024 T b2ContactSolver::~b2ContactSolver()
0014974c 00000024 T b2ContactSolver::~b2ContactSolver()
00149770 00000444 T b2ContactSolver::InitializeVelocityConstraints()
00149bb4 00000114 T b2ContactSolver::WarmStart()
00149cc8 00000570 T b2ContactSolver::SolveVelocityConstraints()
0014a238 00000068 T b2ContactSolver::StoreImpulses()
0014a2a0 00000304 W b2PositionSolverManifold::Initialize(b2ContactPositionConstraint*, b2Transform const&, b2Transform const&, int)
0014a5a4 000002a4 T b2ContactSolver::SolvePositionConstraints()
0014a848 000002d8 T b2ContactSolver::SolveTOIPositionConstraints(int, int)
0014ab20 000000b8 T b2ChainShape::GetChildEdge(b2EdgeShape*, int) const
0014abd8 00000008 T b2EdgeShape::GetChildCount() const
0014abe0 00000008 T b2EdgeShape::TestPoint(b2Transform const&, b2Vec2 const&) const
0014abe8 00000040 T b2EdgeShape::ComputeMass(b2MassData*, float) const
0014ac28 00000004 W b2EdgeShape::~b2EdgeShape()
0014ac28 00000004 W b2EdgeShape::~b2EdgeShape()
0014ac2c 000000b8 T b2EdgeShape::Clone(b2BlockAllocator*) const
0014ace4 00000014 W b2EdgeShape::~b2EdgeShape()
0014acf8 000001cc T b2EdgeShape::RayCast(b2RayCastOutput*, b2RayCastInput const&, b2Transform const&, int) const
0014aec4 000000b0 T b2EdgeShape::ComputeAABB(b2AABB*, b2Transform const&, int) const
0014af74 0000005c T __cxxabiv1::__class_type_info::__do_upcast(__cxxabiv1::__class_type_info const*, void**) const
0014afd0 00000014 T __cxxabiv1::__class_type_info::__do_find_public_src(int, void const*, __cxxabiv1::__class_type_info const*, void const*) const
0014afe4 00000020 T __cxxabiv1::__class_type_info::~__class_type_info()
0014afe4 00000020 T __cxxabiv1::__class_type_info::~__class_type_info()
0014b004 0000002c T __cxxabiv1::__class_type_info::~__class_type_info()
0014b030 00000070 T __cxxabiv1::__class_type_info::__do_upcast(__cxxabiv1::__class_type_info const*, void const*, __cxxabiv1::__class_type_info::__upcast_result&) const
0014b0a0 00000090 T __cxxabiv1::__class_type_info::__do_catch(std::type_info const*, void**, unsigned int) const
0014b130 000000f8 T __cxxabiv1::__class_type_info::__do_dyncast(int, __cxxabiv1::__class_type_info::__sub_kind, __cxxabiv1::__class_type_info const*, void const*, __cxxabiv1::__class_type_info const*, void const*, __cxxabiv1::__class_type_info::__dyncast_result&) const
0014b228 00000004 T operator delete(void*)
0014b22c 00000004 T operator delete(void*, unsigned int)
0014b230 T __cxa_end_cleanup
0014b240 00000138 T __cxa_type_match
0014b378 000000b4 T __cxa_begin_cleanup
0014b42c 000000b4 T __gnu_end_cleanup
0014b4e0 00000004 T std::exception::~exception()
0014b4e0 00000004 T std::exception::~exception()
0014b4e4 00000004 T std::bad_exception::~bad_exception()
0014b4e4 00000004 T std::bad_exception::~bad_exception()
0014b4e8 0000000c T transaction clone for std::exception::what() const
0014b4e8 0000000c T std::exception::what() const
0014b4f4 0000000c T transaction clone for std::bad_exception::what() const
0014b4f4 0000000c T std::bad_exception::what() const
0014b500 00000020 T std::bad_exception::~bad_exception()
0014b520 00000038 t eh_globals_dtor(void*)
0014b558 00000038 T __cxa_get_globals_fast
0014b590 00000090 T __cxa_get_globals
0014b620 00000040 t _GLOBAL__sub_I__ZN17__eh_globals_init7_S_initE
0014b660 00000034 t _GLOBAL__sub_D__ZN17__eh_globals_init7_S_initE
0014b694 00000150 t read_encoded_value_with_base(unsigned char, unsigned int, unsigned char const*, unsigned int*)
0014b7e4 0000005c t base_of_encoded_value(unsigned char, _Unwind_Context*)
0014b840 000000f0 t parse_lsda_header(_Unwind_Context*, unsigned char const*, lsda_header_info*)
0014b930 000006c8 T __gxx_personality_v0
0014bff8 00000014 T __cxxabiv1::__terminate(void (*)())
0014c00c 00000018 T std::terminate()
0014c024 0000000c T __cxxabiv1::__unexpected(void (*)())
0014c030 00000018 T std::unexpected()
0014c048 00000014 T std::get_terminate()
0014c05c 00000014 T std::get_unexpected()
0014c070 0000000c W __gnu_cxx::__concurrence_lock_error::what() const
0014c07c 0000000c W __gnu_cxx::__concurrence_unlock_error::what() const
0014c088 0000000c W __gnu_cxx::__concurrence_broadcast_error::what() const
0014c094 0000000c W __gnu_cxx::__concurrence_wait_error::what() const
0014c0a0 00000038 t (anonymous namespace)::init()
0014c0d8 00000024 t (anonymous namespace)::init_static_cond()
0014c0fc 00000020 W __gnu_cxx::__concurrence_lock_error::~__concurrence_lock_error()
0014c0fc 00000020 W __gnu_cxx::__concurrence_lock_error::~__concurrence_lock_error()
0014c11c 0000002c W __gnu_cxx::__concurrence_lock_error::~__concurrence_lock_error()
0014c148 00000020 W __gnu_cxx::__concurrence_wait_error::~__concurrence_wait_error()
0014c148 00000020 W __gnu_cxx::__concurrence_wait_error::~__concurrence_wait_error()
0014c168 0000002c W __gnu_cxx::__concurrence_wait_error::~__concurrence_wait_error()
0014c194 00000020 W __gnu_cxx::__concurrence_unlock_error::~__concurrence_unlock_error()
0014c194 00000020 W __gnu_cxx::__concurrence_unlock_error::~__concurrence_unlock_error()
0014c1b4 0000002c W __gnu_cxx::__concurrence_unlock_error::~__concurrence_unlock_error()
0014c1e0 00000020 W __gnu_cxx::__concurrence_broadcast_error::~__concurrence_broadcast_error()
0014c1e0 00000020 W __gnu_cxx::__concurrence_broadcast_error::~__concurrence_broadcast_error()
0014c200 0000002c W __gnu_cxx::__concurrence_broadcast_error::~__concurrence_broadcast_error()
0014c22c 0000002c W __gnu_cxx::__throw_concurrence_lock_error()
0014c258 0000002c W __gnu_cxx::__throw_concurrence_unlock_error()
0014c284 0000002c W __gnu_cxx::__throw_concurrence_broadcast_error()
0014c2b0 000001b0 T __cxa_guard_acquire
0014c460 000000f0 T __cxa_guard_release
0014c550 00000020 T __gnu_cxx::recursive_init_error::~recursive_init_error()
0014c550 00000020 T __gnu_cxx::recursive_init_error::~recursive_init_error()
0014c570 0000002c T __gnu_cxx::recursive_init_error::~recursive_init_error()
0014c59c 00000010 T __gnu_cxx::recursive_init_error::recursive_init_error()
0014c59c 00000010 T __gnu_cxx::recursive_init_error::recursive_init_error()
0014c5ac 000000ac T std::_Hash_bytes(void const*, unsigned int, unsigned int)
0014c658 0000005c T operator new(unsigned int)
0014c6b4 00000020 T __cxxabiv1::__si_class_type_info::~__si_class_type_info()
0014c6b4 00000020 T __cxxabiv1::__si_class_type_info::~__si_class_type_info()
0014c6d4 0000002c T __cxxabiv1::__si_class_type_info::~__si_class_type_info()
0014c700 00000140 T __cxxabiv1::__si_class_type_info::__do_dyncast(int, __cxxabiv1::__class_type_info::__sub_kind, __cxxabiv1::__class_type_info const*, void const*, __cxxabiv1::__class_type_info const*, void const*, __cxxabiv1::__class_type_info::__dyncast_result&) const
0014c840 00000088 T __cxxabiv1::__si_class_type_info::__do_find_public_src(int, void const*, __cxxabiv1::__class_type_info const*, void const*) const
0014c8c8 00000044 T __cxxabiv1::__si_class_type_info::__do_upcast(__cxxabiv1::__class_type_info const*, void const*, __cxxabiv1::__class_type_info::__upcast_result&) const
0014c90c 00000004 T std::type_info::~type_info()
0014c90c 00000004 T std::type_info::~type_info()
0014c910 00000008 T std::type_info::__is_pointer_p() const
0014c910 00000008 T std::type_info::__is_function_p() const
0014c918 0000002c T std::__throw_bad_alloc()
0014c944 0000002c T std::__throw_bad_array_new_length()
0014c970 00000040 T std::__throw_logic_error(char const*)
0014c9b0 00000040 T std::__throw_length_error(char const*)
0014c9f0 00000104 T std::__detail::_Prime_rehash_policy::_M_next_bkt(unsigned int) const
0014caf8 000000f0 T std::__detail::_Prime_rehash_policy::_M_need_rehash(unsigned int, unsigned int, unsigned int) const
0014cbe8 000001c0 W std::system_error::system_error(std::error_code, char const*)
0014cbe8 000001c0 W std::system_error::system_error(std::error_code, char const*)
0014cda8 00000004 T std::random_device::_M_fini()
0014cdac 00000034 W std::mersenne_twister_engine<unsigned int, 32u, 624u, 397u, 31u, 2567483615u, 11u, 4294967295u, 7u, 2636928640u, 15u, 4022730752u, 18u, 1812433253u>::seed(unsigned int)
0014cde0 00000144 T std::random_device::_M_init_pretr1(std::__cxx11::basic_string<char, std::char_traits<char>, std::allocator<char> > const&)
0014cf24 00000004 T std::random_device::_M_init(std::__cxx11::basic_string<char, std::char_traits<char>, std::allocator<char> > const&)
0014cf28 0000000c T std::random_device::_M_getval()
0014cf34 00000054 W std::__cxx11::basic_string<char, std::char_traits<char>, std::allocator<char> >::_M_create(unsigned int&, unsigned int)
0014cf88 00000014 W std::__cxx11::basic_string<char, std::char_traits<char>, std::allocator<char> >::_M_dispose()
0014cf9c 000000c8 W std::__cxx11::basic_string<char, std::char_traits<char>, std::allocator<char> >::_M_assign(std::__cxx11::basic_string<char, std::char_traits<char>, std::allocator<char> > const&)
0014d064 00000104 W std::__cxx11::basic_string<char, std::char_traits<char>, std::allocator<char> >::_M_mutate(unsigned int, unsigned int, char const*, unsigned int)
0014d168 00000098 W std::__cxx11::basic_string<char, std::char_traits<char>, std::allocator<char> >::reserve(unsigned int)
0014d200 00000140 W std::__cxx11::basic_string<char, std::char_traits<char>, std::allocator<char> >::_M_replace_cold(char*, unsigned int, char const*, unsigned int, unsigned int)
0014d340 00000130 W std::__cxx11::basic_string<char, std::char_traits<char>, std::allocator<char> >::_M_replace(unsigned int, unsigned int, char const*, unsigned int)
0014d470 00000090 W std::__cxx11::basic_string<char, std::char_traits<char>, std::allocator<char> >::_M_append(char const*, unsigned int)
0014d500 0000000c t (anonymous namespace)::generic_error_category::name() const
0014d50c 00000020 t (anonymous namespace)::generic_error_category::equivalent(int, std::error_condition const&) const
0014d52c 00000004 t (anonymous namespace)::generic_error_category::~generic_error_category()
0014d52c 00000004 t (anonymous namespace)::generic_error_category::~generic_error_category()
0014d530 0000000c T std::_V2::error_category::default_error_condition(int) const
0014d53c 00000020 T std::_V2::error_category::equivalent(std::error_code const&, int) const
0014d55c 000000f4 t (anonymous namespace)::system_error_category::message[abi:cxx11](int) const
0014d55c 000000f4 t (anonymous namespace)::generic_error_category::message[abi:cxx11](int) const
0014d650 0000001c t (anonymous namespace)::generic_error_category::~generic_error_category()
0014d66c 00000020 T std::system_error::~system_error()
0014d66c 00000020 T std::system_error::~system_error()
0014d68c 00000028 T std::system_error::~system_error()
0014d6b4 00000054 T std::_V2::error_category::_M_message[abi:cxx11](int) const
0014d708 0000009c T std::__throw_system_error(int)
0014d7a4 0000000c T std::_V2::generic_category()
0014d7b0 0000000c T std::bad_alloc::what() const
0014d7bc 00000020 T std::bad_alloc::~bad_alloc()
0014d7bc 00000020 T std::bad_alloc::~bad_alloc()
0014d7dc 0000002c T std::bad_alloc::~bad_alloc()
0014d808 0000000c T std::bad_array_new_length::what() const
0014d814 00000020 T std::bad_array_new_length::~bad_array_new_length()
0014d814 00000020 T std::bad_array_new_length::~bad_array_new_length()
0014d834 0000002c T std::bad_array_new_length::~bad_array_new_length()
0014d860 0000012c t (anonymous namespace)::pool::free(void*) [clone .constprop.0]
0014d98c 000000f0 t (anonymous namespace)::pool::allocate(unsigned int) [clone .constprop.0]
0014da7c 00000044 T __cxa_allocate_exception
0014dac0 00000028 T __cxa_free_exception
0014dae8 000001a4 t _GLOBAL__sub_I__ZN9__gnu_cxx9__freeresEv
0014dc8c 00000070 t __cxxabiv1::__is_gxx_exception_class(char*)
0014dcfc 0000002c T __cxa_call_terminate
0014dd28 00000148 T __cxa_call_unexpected
0014de70 000000e0 T __cxa_begin_catch
0014df50 000000e0 T __cxa_end_catch
0014e030 00000070 t __gxx_exception_cleanup(_Unwind_Reason_Code, _Unwind_Control_Block*)
0014e0a0 00000054 T __cxa_init_primary_exception
0014e0f4 00000054 T __cxa_throw
0014e148 000000b0 T __cxa_rethrow
0014e1f8 00000014 T std::get_new_handler()
0014e20c 00000008 T std::logic_error::what() const
0014e20c 00000008 T std::runtime_error::what() const
0014e214 00000098 T std::logic_error::~logic_error()
0014e214 00000098 T std::logic_error::~logic_error()
0014e2ac 00000098 T std::runtime_error::~runtime_error()
0014e2ac 00000098 T std::runtime_error::~runtime_error()
0014e344 000000a0 T std::runtime_error::~runtime_error()
0014e3e4 00000098 T std::length_error::~length_error()
0014e3e4 00000098 T std::length_error::~length_error()
0014e47c 000000a0 T std::logic_error::~logic_error()
0014e51c 000000a0 T std::length_error::~length_error()
0014e5bc 000000d8 T std::logic_error::logic_error(char const*)
0014e5bc 000000d8 T std::logic_error::logic_error(char const*)
0014e694 00000020 T std::length_error::length_error(char const*)
0014e694 00000020 T std::length_error::length_error(char const*)
0014e6b4 000000c8 T std::__cow_string::__cow_string(char const*, unsigned int)
0014e6b4 000000c8 T std::__cow_string::__cow_string(char const*, unsigned int)
0014e77c 00000088 W std::string::_Rep::_S_create(unsigned int, unsigned int, std::allocator<char> const&)
0014e804 00000004 W std::string::_Rep::_M_destroy(std::allocator<char> const&)
0014e808 00000030 T std::runtime_error::runtime_error(std::__cxx11::basic_string<char, std::char_traits<char>, std::allocator<char> > const&)
0014e808 00000030 T std::runtime_error::runtime_error(std::__cxx11::basic_string<char, std::char_traits<char>, std::allocator<char> > const&)
0014e838 000000c0 T floorf
0014e8f8 00000130 T __udivmoddi4
0014ea28 00000018 t selfrel_offset31
0014ea40 00000090 t search_EIT_table
0014ead0 00000040 t __gnu_unwind_get_pr_addr
0014eb10 00000110 t get_eit_entry
0014ec20 00000088 t restore_non_core_regs
0014eca8 00000014 t _Unwind_decode_typeinfo_ptr.constprop.0
0014ecbc 00000004 t _Unwind_DebugHook
0014ecc0 00000064 t unwind_phase2
0014ed24 0000013c t unwind_phase2_forced
0014ee60 000000a4 T __gnu_Unwind_RaiseException
0014ef04 00000020 T __gnu_Unwind_ForcedUnwind
0014ef24 00000074 T __gnu_Unwind_Resume
0014ef98 00000020 T __gnu_Unwind_Resume_or_Rethrow
0014efb8 00000004 T _Unwind_Complete
0014efbc 00000018 T _Unwind_DeleteException
0014efd4 00000064 T _Unwind_VRS_Get
0014f038 0000002c t _Unwind_GetGR
0014f064 00000064 T _Unwind_VRS_Set
0014f0c8 0000002c t _Unwind_SetGR
0014f0f4 000000c0 T __gnu_Unwind_Backtrace
0014f1b4 0000040c t __gnu_unwind_pr_common
0014f5c0 00000008 T __aeabi_unwind_cpp_pr0
0014f5c8 00000008 W __aeabi_unwind_cpp_pr1
0014f5d0 00000008 W __aeabi_unwind_cpp_pr2
0014f5d8 00000458 T _Unwind_VRS_Pop
0014fa30 00000064 t next_unwind_byte
0014fa94 0000002c t _Unwind_GetGR.constprop.0
0014fac0 00000004 t unwind_UCB_from_context
0014fac4 00000464 T __gnu_unwind_execute
0014ff28 00000048 T __gnu_unwind_frame
0014ff70 00000010 T _Unwind_GetRegionStart
0014ff80 0000001c T _Unwind_GetLanguageSpecificData
0014ff9c 00000008 T _Unwind_GetDataRelBase
0014ffa4 00000008 T _Unwind_GetTextRelBase
0014ffac 000000d8 T strncmp
00150084 00000140 T strchr
001501c4 0000001c T srand
001501e0 00000024 T getenv
00150204 0000016c T memmove
00150370 0000005c T __assert_func
001503cc 00000144 T _fclose_r
00150510 00000020 T fclose
00150530 0000003c T fprintf
0015056c 00000104 T _fwrite_r
00150670 00000038 T fwrite
001506a8 0000008c T strlen
00150734 0000003c T fiprintf
00150770 000000d8 T memcmp
00150848 0000001c t stdio_exit_handler
00150864 0000005c t cleanup_stdio
001508c0 00000154 t global_stdio_init.part.0
00150a14 00000138 T __sfp
00150b4c 0000005c T __sinit
00150ba8 0000000c T __sfp_lock_acquire
00150bb4 0000000c T __sfp_lock_release
00150bc0 000001ec t _strtoul_l.isra.0
00150dac 0000003c T strtoul
00150de8 00000084 T __libc_init_array
00150e6c 00000588 T _fseeko_r
001513f4 00000030 T fseeko
00151424 0000009c T strncat
001514c0 00000070 T _fwalk_sglue
00151530 00000078 T bsearch
001515a8 0000000c T __errno
001515b4 00000028 T calloc
001515dc 000008e8 T qsort
00151ec4 00000014 T abort
00151ed8 000000e0 T _puts_r
00151fb8 00000020 T puts
00151fd8 000005e0 t get_arg
001525b8 00003554 T _vfprintf_r
00155b0c 000000b4 t __sbprintf
00155bc0 000000d8 T _calloc_r
00155c98 00000028 T realloc
00155cc0 0000001c T _fseek_r
00155cdc 00000028 T memalign
00155d04 0000082c T _malloc_r
00156530 000000e8 T memchr
00156618 000001c0 t quorem
001567d8 000013f0 T _dtoa_r
00157bc8 000000a0 T _wcrtomb_r
00157c68 00000114 T _malloc_trim_r
00157d7c 00000314 T _free_r
00158090 00000034 T printf
001580c4 000000b8 T __sflags
0015817c 0000003c T __memcpy_chk
001581b8 0000003c T strnlen
001581f4 00000040 T malloc
00158234 00000020 T free
00158254 000000a0 T __xpg_strerror_r
001582f4 0000022c T __sflush_r
00158520 000000c4 T _fflush_r
001585e4 00000044 T fflush
00158628 00000048 T time
00158670 00000038 t lflush
001586a8 000001a8 T __srefill_r
00158850 00000164 T __smakebuf_r
001589b4 00000090 T __swhatbuf_r
00158a44 000000dc T _findenv_r
00158b20 000000e4 T memset
00158c04 000004f0 T _realloc_r
001590f4 00000334 T _fread_r
00159428 00000038 T fread
00159460 0000000c T __malloc_lock
0015946c 0000000c T __malloc_unlock
00159478 000001c4 T _ftello_r
0015963c 00000020 T ftello
0015965c 00000030 T exit
0015968c 00000294 T setvbuf
00159920 00000134 T _fopen_r
00159a54 00000028 T fopen
00159a7c 00000014 T atexit
00159a90 00000020 T close
00159ab0 000000d4 T strncpy
00159b84 0000012c T memcpy
00159cb0 00000028 T _wcsrtombs_r
00159cd8 00000140 T __swsetup_r
00159e18 00000088 T frexp
00159ea0 000004a4 T __sfvwrite_r
0015a344 00000044 T __sread
0015a388 00000068 T __swrite
0015a3f0 00000040 T __sseek
0015a430 00000008 T __sclose
0015a438 0000009c T _raise_r
0015a4d4 00000020 T raise
0015a4f4 0000000c T __env_lock
0015a500 0000000c T __env_unlock
0015a50c 00000410 T _strerror_r
0015a91c 00000088 T _Balloc
0015a9a4 0000001c T _Bfree
0015a9c0 000000f4 T __multadd
0015aab4 00000080 T __hi0bits
0015ab34 000000f0 T __lo0bits
0015ac24 000000a4 T __i2b
0015acc8 00000230 T __multiply
0015aef8 00000130 T __pow5mult
0015b028 00000138 T __lshift
0015b160 00000058 T __mcmp
0015b1b8 00000218 T __mdiff
0015b3d0 00000120 T __d2b
0015b4f0 00000008 T _user_strerror
0015b4f8 00000024 T __locale_mb_cur_max
0015b51c 00000058 T __chk_fail
0015b574 000005e0 t get_arg
0015bb54 000022f8 T _vfiprintf_r
0015de4c 000000b4 t __sbprintf
0015df00 0000016c T _memalign_r
0015e06c 0000015c T _wcsnrtombs_l
0015e1c8 00000064 T _wcsnrtombs_r
0015e22c 00000340 T __utf8_mbtowc
0015e56c 00000030 T __sprint_r
0015e59c 00000024 T _localeconv_r
0015e5c0 000000f0 T strcpy
0015e6b0 000000bc T __register_exitproc
0015e76c 000000f8 T __utf8_wctomb
0015e864 00000030 T write
0015e894 00000134 T __call_exitprocs
0015e9c8 00000020 T _exit
0015e9e8 00000140 T chdir
0015eb28 000001c8 T _concatenate_path
0015ecf0 0000009c T _fstat_r
0015ed8c 00000014 T _getpid_r
0015eda0 0000002c T __getreent
0015edcc 00000030 T _gettimeofday_r
0015edfc 000000a0 T __release_handle
0015ee9c 000000b0 T __alloc_handle
0015ef4c 00000058 T __get_handle
0015efa4 0000016c T dup2
0015f110 00000110 T _close_r
0015f220 00000008 t null_write
0015f228 00000018 T setDefaultDevice
0015f240 000000c4 T FindDevice
0015f304 00000028 T RemoveDevice
0015f32c 00000098 T AddDevice
0015f3c4 00000020 T GetDeviceOpTab
0015f3e4 00000008 T _isatty_r
0015f3ec 00000014 T _kill_r
0015f400 00000094 T _lseek_r
0015f494 000000c0 T _open_r
0015f554 00000094 T _read_r
0015f5e8 00000078 W _sbrk_r
0015f660 0000001c T __libc_lock_acquire
0015f67c 0000001c T __libc_lock_release
0015f698 0000001c T __libc_lock_acquire_recursive
0015f6b4 0000001c T __libc_lock_release_recursive
0015f6d0 00000094 T _write_r
0015f764 00000048 T strrchr
0015f7ac T _fini
00160000 00000018 r CSWTCH.97
00160024 00000030 r C.10.0
00160054 00000020 R vtable for CollisionListener
00160460 r .LC0
00160460 r .LC0
00160460 r .LC4
001604fc r .LC9
00160504 r .LC10
00160554 r .LC18
00160574 r .LC21
00160580 r .LC24
0016058c r .LC25
001605a0 r .LC27
001605b4 r .LC28
001605c4 r .LC29
00160710 r .LC55
001615dc r .LC2
0016508c 00000008 r s_defaultTint.0
00165094 R render2d_shbin
00165220 R render2d_shbin_end
00165220 R render2d_shbin_size
00165224 00000004 r depthFmtSizes
00165228 00000005 r colorFmtSizes
00165230 00000010 r CSWTCH.11
00165240 00000038 r CSWTCH.19
00165278 00000080 r romFS_devoptab
00165304 00000011 r dsp_filename.0
00165334 00000008 r morton_y.2
0016533c 00000008 r morton_x.3
00165344 00000008 r s_sleepWakeEvents.4
0016534c 0000000c r serviceNameTable.5
0016537c 0000004d r _net_error_code_map
001653cc 00000030 r error_table
001653fc 00000080 r archive_devoptab
0016547c 00000010 r OP_FCOEF_A
0016548c 00000010 r OP_FCOEF_B
0016549c 00000180 r OP_STEREO_DOWNMIX
0016561c 00000010 r OP_FILE_CALLBACKS
0016562c 00000060 R __inv_pio4
00165690 000000e0 R __sincosf_table
00165770 00000008 r TWO23
00165778 00002000 r crc_lookup
00167778 00000014 r CSWTCH.81
0016778c 00000024 r gains.8759
001677b0 00000020 R tf_select_table
001677d0 00000004 r spread_icdf
001677d4 00000003 r tapset_icdf
001677d8 0000000b r trim_icdf
001677e4 00000020 r correction.6326
00167804 000000e7 r band_allocation
001678ec 00000188 r cache_bits50
00167a74 000000a8 r cache_caps50
00167b1c 000000d2 r cache_index50
00167bf0 0000002c r eband5ms
00167c1c 000000f0 r fft_bitrev120
00167d0c 000001e0 r fft_bitrev240
00167eec 000003c0 r fft_bitrev480
001682ac 00000078 r fft_bitrev60
00168324 00000038 r fft_state48000_960_0
0016835c 00000038 r fft_state48000_960_1
00168394 00000038 r fft_state48000_960_2
001683cc 00000038 r fft_state48000_960_3
00168404 00000f00 r fft_twiddles48000_960
00169304 0000002a r logN400
00169330 00001c20 r mdct_twiddles960
0016af50 0000006c r mode48000_960_120
0016afbc 000001e0 r window120
0016b19c 00000010 r beta_coef
0016b1ac 00000064 R eMeans
0016b210 00000150 r e_prob_model
0016b360 00000010 r pred_coef
0016b370 00000003 r small_energy_icdf
0016b374 00000018 r LOG2_FRAC_TABLE
0016b38c 0000000c r SPREAD_FACTOR.8617
0016b398 00000003 r silk_LBRR_flags_2_iCDF
0016b39c 00000007 r silk_LBRR_flags_3_iCDF
0016b3a4 00000008 R silk_LBRR_flags_iCDF_ptr
0016b3ac 00000006 R silk_LTPScales_table_Q14
0016b3b4 00000003 R silk_LTPscale_iCDF
0016b3b8 00000007 R silk_NLSF_EXT_iCDF
0016b3c0 00000005 R silk_NLSF_interpolation_factor_iCDF
0016b3c8 00000008 R silk_Quantization_Offsets_Q10
0016b3d0 00000002 R silk_lsb_iCDF
0016b3d4 00000002 R silk_stereo_only_code_mid_iCDF
0016b3d8 00000019 R silk_stereo_pred_joint_iCDF
0016b3f4 00000020 R silk_stereo_pred_quant_Q13
0016b414 00000004 R silk_type_offset_VAD_iCDF
0016b418 00000002 R silk_type_offset_no_VAD_iCDF
0016b41c 00000003 R silk_uniform3_iCDF
0016b420 00000004 R silk_uniform4_iCDF
0016b424 00000005 R silk_uniform5_iCDF
0016b42c 00000006 R silk_uniform6_iCDF
0016b434 00000008 R silk_uniform8_iCDF
0016b43c 0000000f r delay_matrix_dec
0016b44c 0000000f r delay_matrix_enc
0016b45c 0000001c R silk_Resampler_1_2_COEFS
0016b478 00000028 R silk_Resampler_1_3_COEFS
0016b4a0 00000028 R silk_Resampler_1_4_COEFS
0016b4c8 00000028 R silk_Resampler_1_6_COEFS
0016b4f0 00000028 R silk_Resampler_2_3_COEFS
0016b518 0000003a R silk_Resampler_3_4_COEFS
0016b554 00000060 R silk_resampler_frac_FIR_12
0016b5b4 00000010 r bit_deinterleave_table.9138
0016b5c4 00000010 r bit_interleave_table.9128
0016b5d4 00000010 r exp2_table8.8969
0016b5e4 00000078 r ordery_table
0016b65c 000013e0 r CELT_PVQ_U_DATA
0016ca3c 0000003c r CELT_PVQ_U_ROW
0016ca78 00000004 r HARM_ATT_Q15
0016ca7c 00000004 r PLC_RAND_ATTENUATE_UV_Q15
0016ca80 00000004 r PLC_RAND_ATTENUATE_V_Q15
0016ca84 00000029 R silk_delta_gain_iCDF
0016cab0 00000018 R silk_gain_iCDF
0016cac8 00000008 r silk_LTP_gain_iCDF_0
0016cad0 00000010 r silk_LTP_gain_iCDF_1
0016cae0 00000020 r silk_LTP_gain_iCDF_2
0016cb00 0000000c R silk_LTP_gain_iCDF_ptrs
0016cb0c 00000028 r silk_LTP_gain_vq_0
0016cb34 00000050 r silk_LTP_gain_vq_1
0016cb84 000000a0 r silk_LTP_gain_vq_2
0016cc24 00000003 R silk_LTP_per_index_iCDF
0016cc28 0000000c R silk_LTP_vq_ptrs_Q7
0016cc34 00000140 r silk_NLSF_CB1_NB_MB_Q8
0016cd74 00000280 r silk_NLSF_CB1_Wght_Q9
0016cff4 00000040 r silk_NLSF_CB1_iCDF_NB_MB
0016d034 00000048 r silk_NLSF_CB2_BITS_NB_MB_Q5
0016d07c 000000a0 r silk_NLSF_CB2_SELECT_NB_MB
0016d11c 00000048 r silk_NLSF_CB2_iCDF_NB_MB
0016d164 00000028 R silk_NLSF_CB_NB_MB
0016d18c 00000016 r silk_NLSF_DELTA_MIN_NB_MB_Q15
0016d1a4 00000012 r silk_NLSF_PRED_NB_MB_Q8
0016d1b8 00000200 r silk_NLSF_CB1_WB_Q8
0016d3b8 00000400 r silk_NLSF_CB1_WB_Wght_Q9
0016d7b8 00000040 r silk_NLSF_CB1_iCDF_WB
0016d7f8 00000048 r silk_NLSF_CB2_BITS_WB_Q5
0016d840 00000100 r silk_NLSF_CB2_SELECT_WB
0016d940 00000048 r silk_NLSF_CB2_iCDF_WB
0016d988 00000028 R silk_NLSF_CB_WB
0016d9b0 00000022 r silk_NLSF_DELTA_MIN_WB_Q15
0016d9d4 0000001e r silk_NLSF_PRED_WB_Q8
0016d9f4 00000003 R silk_pitch_contour_10_ms_NB_iCDF
0016d9f8 0000000c R silk_pitch_contour_10_ms_iCDF
0016da04 0000000b R silk_pitch_contour_NB_iCDF
0016da10 00000022 R silk_pitch_contour_iCDF
0016da34 00000015 R silk_pitch_delta_iCDF
0016da4c 00000020 R silk_pitch_lag_iCDF
0016da6c 000000b4 R silk_pulses_per_block_iCDF
0016db20 00000012 R silk_rate_levels_iCDF
0016db34 00000098 R silk_shell_code_table0
0016dbcc 00000098 R silk_shell_code_table1
0016dc64 00000098 R silk_shell_code_table2
0016dcfc 00000098 R silk_shell_code_table3
0016dd94 00000011 R silk_shell_code_table_offsets
0016dda8 0000002a R silk_sign_iCDF
0016ddd4 0000000a r ordering10.8179
0016dde0 00000010 r ordering16.8178
0016ddf0 0000002c R silk_CB_lags_stage2
0016de1c 00000006 R silk_CB_lags_stage2_10_ms
0016de24 00000088 R silk_CB_lags_stage3
0016deac 00000018 R silk_CB_lags_stage3_10_ms
0016dec4 00000102 R silk_LSFCosTab_FIX_Q12
0016dfc8 00000080 r npio2_hw
0016e048 00000108 r two_over_pi
0016e150 00000040 r PIo2
0016e190 00000010 r init_jk
0016e1a0 00000870 R __exp_data
0016ea10 00000009 V typeinfo name for b2Shape
0016ea1c 00000008 V typeinfo for b2Shape
0016ea24 0000000c R typeinfo for b2CircleShape
0016ea30 00000010 R typeinfo name for b2CircleShape
0016ea40 00000028 R vtable for b2CircleShape
0016ea68 0000000c R typeinfo for b2PolygonShape
0016ea74 00000011 R typeinfo name for b2PolygonShape
0016ea88 00000028 R vtable for b2PolygonShape
0016eab0 00000038 r b2_blockSizes
0016eae8 00000014 V typeinfo name for b2ContactListener
0016eafc 00000008 V typeinfo for b2ContactListener
0016eb04 00000020 V vtable for b2ContactListener
0016eb24 00000008 R typeinfo for b2ContactFilter
0016eb2c 00000012 R typeinfo name for b2ContactFilter
0016eb40 00000014 R vtable for b2ContactFilter
0016eb54 0000000b V typeinfo name for b2Contact
0016eb60 00000008 V typeinfo for b2Contact
0016eb68 00000014 V vtable for b2Contact
0016eb7c 0000000c R typeinfo for b2EdgeAndCircleContact
0016eb88 00000019 R typeinfo name for b2EdgeAndCircleContact
0016eba4 00000014 R vtable for b2EdgeAndCircleContact
0016ebb8 0000000c R typeinfo for b2EdgeAndPolygonContact
0016ebc4 0000001a R typeinfo name for b2EdgeAndPolygonContact
0016ebe0 00000014 R vtable for b2EdgeAndPolygonContact
0016ebf4 0000000c R typeinfo for b2PolygonAndCircleContact
0016ec00 0000001c R typeinfo name for b2PolygonAndCircleContact
0016ec1c 00000014 R vtable for b2PolygonAndCircleContact
0016ec30 0000000c R typeinfo for b2PolygonContact
0016ec3c 00000013 R typeinfo name for b2PolygonContact
0016ec50 00000014 R vtable for b2PolygonContact
0016ec64 0000000c R typeinfo for b2ChainAndCircleContact
0016ec70 0000001a R typeinfo name for b2ChainAndCircleContact
0016ec8c 00000014 R vtable for b2ChainAndCircleContact
0016eca0 0000000c R typeinfo for b2ChainAndPolygonContact
0016ecac 0000001b R typeinfo name for b2ChainAndPolygonContact
0016ecc8 00000014 R vtable for b2ChainAndPolygonContact
0016ecdc 0000000c R typeinfo for b2CircleContact
0016ece8 00000012 R typeinfo name for b2CircleContact
0016ecfc 00000014 R vtable for b2CircleContact
0016ed10 0000000c R typeinfo for b2EdgeShape
0016ed1c 0000000e R typeinfo name for b2EdgeShape
0016ed2c 00000028 R vtable for b2EdgeShape
0016ed54 00000022 R typeinfo name for __cxxabiv1::__class_type_info
0016ed78 0000000c R typeinfo for __cxxabiv1::__class_type_info
0016ed84 0000002c R vtable for __cxxabiv1::__class_type_info
0016edb0 0000000d R typeinfo name for std::exception
0016edc0 00000008 R typeinfo for std::exception
0016edc8 00000012 R typeinfo name for std::bad_exception
0016eddc 0000000c R typeinfo for std::bad_exception
0016ede8 00000020 R typeinfo name for __cxxabiv1::__forced_unwind
0016ee08 00000008 R typeinfo for __cxxabiv1::__forced_unwind
0016ee10 00000024 R typeinfo name for __cxxabiv1::__foreign_exception
0016ee34 00000008 R typeinfo for __cxxabiv1::__foreign_exception
0016ee3c 00000014 R vtable for std::bad_exception
0016ee64 00000027 V typeinfo name for __gnu_cxx::__concurrence_lock_error
0016ee8c 0000000c V typeinfo for __gnu_cxx::__concurrence_lock_error
0016ee98 00000029 V typeinfo name for __gnu_cxx::__concurrence_unlock_error
0016eec4 0000000c V typeinfo for __gnu_cxx::__concurrence_unlock_error
0016eed0 0000002c V typeinfo name for __gnu_cxx::__concurrence_broadcast_error
0016eefc 0000000c V typeinfo for __gnu_cxx::__concurrence_broadcast_error
0016ef08 00000027 V typeinfo name for __gnu_cxx::__concurrence_wait_error
0016ef30 0000000c V typeinfo for __gnu_cxx::__concurrence_wait_error
0016ef3c 00000014 V vtable for __gnu_cxx::__concurrence_lock_error
0016ef50 00000014 V vtable for __gnu_cxx::__concurrence_unlock_error
0016ef64 00000014 V vtable for __gnu_cxx::__concurrence_broadcast_error
0016ef78 00000014 V vtable for __gnu_cxx::__concurrence_wait_error
0016ef8c 00000023 R typeinfo name for __gnu_cxx::recursive_init_error
0016efb0 0000000c R typeinfo for __gnu_cxx::recursive_init_error
0016efbc 00000014 R vtable for __gnu_cxx::recursive_init_error
0016efd0 00000025 R typeinfo name for __cxxabiv1::__si_class_type_info
0016eff8 0000000c R typeinfo for __cxxabiv1::__si_class_type_info
0016f004 0000002c R vtable for __cxxabiv1::__si_class_type_info
0016f030 0000000d R typeinfo name for std::type_info
0016f040 00000008 R typeinfo for std::type_info
0016f048 0000000e r std::__detail::_Prime_rehash_policy::_M_next_bkt(unsigned int) const::__fast_bkt
0016f058 00000404 R std::__detail::__prime_list
0016f45c 00000019 R typeinfo name for std::_V2::error_category
0016f478 00000008 R typeinfo for std::_V2::error_category
0016f480 00000011 R typeinfo name for std::system_error
0016f494 0000000c R typeinfo for std::system_error
0016f4a0 0000000c r typeinfo for (anonymous namespace)::generic_error_category
0016f4ac 0000002a r typeinfo name for (anonymous namespace)::generic_error_category
0016f4d8 00000014 R vtable for std::system_error
0016f4ec 00000028 r vtable for (anonymous namespace)::generic_error_category
0016f514 0000000d R typeinfo name for std::bad_alloc
0016f524 0000000c R typeinfo for std::bad_alloc
0016f530 00000014 R vtable for std::bad_alloc
0016f544 00000019 R typeinfo name for std::bad_array_new_length
0016f560 0000000c R typeinfo for std::bad_array_new_length
0016f56c 00000014 R vtable for std::bad_array_new_length
0016f580 00000010 R typeinfo name for std::logic_error
0016f590 0000000c R typeinfo for std::logic_error
0016f59c 00000011 R typeinfo name for std::length_error
0016f5b0 0000000c R typeinfo for std::length_error
0016f5bc 00000012 R typeinfo name for std::runtime_error
0016f5d0 0000000c R typeinfo for std::runtime_error
0016f5dc 00000014 R vtable for std::logic_error
0016f5f0 00000014 R vtable for std::length_error
0016f604 00000014 R vtable for std::runtime_error
0016f758 00000010 r zeroes.0
0016f768 00000010 r blanks.1
0016f780 00000101 R _ctype_
0016f884 0000006c R __action_table
0016f8f0 0000006c R __state_table
0016f95c 00000100 R __chclass
0016faec 0000000c r p05.0
0016faf8 00000028 R __mprec_bigtens
0016fb20 000000c8 R __mprec_tens
0016fcd4 00000010 r zeroes.0
0016fce4 00000010 r blanks.1
0016fcf4 00000080 R dotab_stdnull
0016fd74 R __tdata_align
0016fd78 r __EH_FRAME_BEGIN__
00170114 R __exidx_start
001707ac R __exidx_end
00171000 00000004 d drawCopper()::frameTime
00171004 00000004 d drawCopper()::frame
00171008 00000004 d drawGold()::frameTime
0017100c 00000004 d drawGold()::frame
00171010 00000004 D frameTime
00171014 00000004 d (anonymous namespace)::g_nextId
00171018 00000004 D basescore
0017101c 00000004 D roundtimer
00171020 00000004 D maxtime
00171024 00000004 D multiplier
00171028 00000001 D redrawTop
00171029 00000001 D redrawBottom
0017102c 00000004 D SAVE_PATH
00171030 00000004 D bartTouchIndex
00171034 00000004 D cursorX
00171038 00000004 D cursorY
0017103c 00000004 d drawTop(C3D_RenderTarget_tag*)::paintPressIndex
00171040 00000004 D handleValue
00171044 00000004 D handlePos
00171048 00000004 D cursorSpeed
0017104c 00000002 D touchX
00171050 00000004 D playerEnabledPtr
00171054 00000004 D currentRoundPtr
00171058 00000004 D bartsTouched
0017105c 00000001 D fadeOut
00171060 00000004 d collisionListener
00171064 00000008 d framerateCounter
0017106c 00000004 d framerate
00171070 00000004 d sock
00171074 00000004 d queueLock
00171078 00000004 d aptChainloadDeliverArgSize
0017107c 00000004 d kCount
00171080 00000004 d kInterval
00171084 00000004 d kDelay
00171088 00000080 d soc_devoptab
00171108 W __stacksize__
0017110c 00000004 D b2_defaultFilter
00171110 00000004 D b2_defaultListener
00171114 00000001 D g_blockSolve
00171118 00000004 D __cxxabiv1::__unexpected_handler
0017111c 00000004 d (anonymous namespace)::generic_category_instance
00171120 00000004 D __cxxabiv1::__terminate_handler
00171124 0000000c D __sglue
00171130 00000004 D __malloc_sbrk_base
00171134 00000004 D __malloc_trim_threshold
00171138 00000408 D __malloc_av_
00171540 00000004 D _impure_ptr
00171548 00000140 D _impure_data
00171688 0000016c D __global_locale
001717f4 00000004 D environ
001717f8 00000400 d _current_working_directory
00171bf8 00001000 d handles
00172bf8 0000000c d __stderr_handle
00172c04 0000000c d __stdout_handle
00172c10 0000000c d __stdin_handle
00172c1c 0000008c D devoptab_list
00172ca8 00000004 d defaultDevice
00172cb4 d _GLOBAL_OFFSET_TABLE_
00172cc0 d __frame_dummy_init_array_entry
00172cc0 D __init_array_start
00172cc0 B __preinit_array_end
00172cc0 B __preinit_array_start
00172cc0 D __tdata_lma
00172cc0 D __tdata_lma_end
00172ce0 d __do_global_dtors_aux_fini_array_entry
00172ce0 D __fini_array_start
00172ce0 D __init_array_end
00172cf0 D __bss_start__
00172cf0 D __fini_array_end
00172cf0 00000060 B paints
00172d50 00000004 B frame
00172d54 00000008 b (anonymous namespace)::g_audioEvent
00172d5c 00000001 b (anonymous namespace)::g_initialized
00172d60 0000000c b (anonymous namespace)::g_instances
00172d6c 00000010 b (anonymous namespace)::g_instancesMutex
00172d7c 00000001 b (anonymous namespace)::g_callbackRegistered
00172d80 00000004 b (anonymous namespace)::g_channelUsed
00172d84 0000001c B AudioManager::g_preloadedAudio[abi:cxx11]
00172da0 000009c4 b spawnBarts()::rd
00173764 000009c4 b pickRandomFirstBart()::rd
00174128 0000000c b getRandomBartType()::chances
00174134 00000d20 B barts
00174e54 00000004 b guard variable for getRandomBartType()::rng
00174e58 000009c4 b getRandomBartType()::rng
0017581c 00000004 b guard variable for getRandomBartType()::chances
00175820 00000004 b guard variable for pickRandomFirstBart()::rd
00175824 00000004 b guard variable for pickRandomFirstBart()::gen
00175828 000009c4 b pickRandomFirstBart()::gen
001761ec 00000004 B firstBart
001761f0 00000004 b guard variable for spawnBarts()::rd
001761f4 00000004 b guard variable for spawnBarts()::gen
001761f8 000009c4 b spawnBarts()::gen
00176bbc 00000004 B bartFadePhase
00176bc0 00000004 B bartFading
00176bc4 000009c4 b CollisionListener::BeginContact(b2Contact*)::rd
00177588 00000004 b guard variable for CollisionListener::BeginContact(b2Contact*)::rd
0017758c 00000004 b guard variable for CollisionListener::BeginContact(b2Contact*)::gen
00177590 000009c4 b CollisionListener::BeginContact(b2Contact*)::gen
00177f54 00000004 b guard variable for CollisionListener::BeginContact(b2Contact*)::pitchDist
00177f58 00000008 b CollisionListener::BeginContact(b2Contact*)::pitchDist
00177f60 00000008 b lastTime
00177f68 00000004 b deltaTime
00177f70 00000004 B storephase
00177f74 00000038 B itemsButton
00177fac 00000038 B goldPaint
00177fe4 00000038 B copperPaint
0017801c 00000040 B scenemanager
0017805c 00000004 B score
00178060 00000004 B totalScore
00178064 00000004 B currentRound
00178068 00000001 B startcounting
0017806c 00000004 B selectedBarts
00178070 00000004 B currentAudioHandle
00178074 00000038 B startButton
001780ac 00000004 b font
001780b0 00000038 B howtoplayButton
001780e8 0000004c B Multiplier
00178134 0000004c B scoreText
00178180 0000004c B selectedText
001781cc 0000004c B howtoplayText
00178218 0000004c B endScore
00178264 00000004 B gems
00178268 0000004c B endGems
001782b4 00000004 B copperPaintCount
001782b8 0000004c B copperamount
00178304 00000004 B goldPaintCount
00178308 0000004c B goldamount
00178354 00000038 B continuebutton
0017838c 00000038 B storebutton
001783c4 0000004c B storeGems
00178410 0000004c B copperBartText
0017845c 0000004c B goldBartText
001784a8 00000038 B buyButton
001784e0 00000038 B backButton
00178518 00000038 B backToEnd
00178550 00000004 b SOC_buffer
00178554 00000084 B spriteManager
001785d8 00000038 B quitbutton
00178610 00000078 B mainmenuSprites
00178688 00000004 B player
0017868c 00000001 B playerEnabled
00178690 00000004 B bartphase
00178694 00000004 B kDown
00178698 00000001 B bartTouchActive
0017869c 00000004 B kUp
001786a0 00000028 B cursor
001786c8 00000001 B sceneChangedAfterRounds
001786cc 00000004 B touch
001786d0 00000028 B handleSprite
001786f8 00000028 B railSprite
00178720 00000001 B draggingHandle
00178724 00000004 B kHeld
00178728 00000028 B dropButton
00178750 00000001 B pressingDropButton
00178751 00000001 B lastTouchOnButton
00178754 00000028 B TouchPadSprite
0017877c 00000001 B holdingCopper
0017877d 00000001 B holdingGold
00178780 00000004 B releaseX
00178784 00000004 B releaseY
00178788 00000001 B fading
0017878c 00000004 B backgroundOpacity
00178790 00000001 b updateCursorFromTouch()::isTouching
00178794 00000004 b updateCursorFromTouch()::lastTouchX
00178798 00000004 b updateCursorFromTouch()::lastTouchY
0017879c 0000004c B tutorial
001787e8 00000004 B gamestate
001787ec 00000004 B nextPhase
001787f0 000009c4 b applyRandomUpwardForce(b2Body*)::rd
001791b4 00000004 B world
001791b8 00000004 b playerBody
001791bc 00000001 B isFrozen
001791c0 00000004 b guard variable for applyRandomUpwardForce(b2Body*)::rd
001791c4 00000004 b guard variable for applyRandomUpwardForce(b2Body*)::gen
001791c8 000009c4 b applyRandomUpwardForce(b2Body*)::gen
00179b8c b completed.1
00179b90 b object.0
00179ba8 000005a8 B __C2Di_Context
0017a150 00000040 b s_projBot
0017a190 00000040 b s_projTop
0017a1d0 00000004 b uLoc_mdlvMtx
0017a1d4 00000004 b uLoc_projMtx
0017a1d8 00000004 b s_glyphSheets
0017a1dc 00000004 b s_textScale
0017a1e0 0000000c b hookCookie
0017a1f0 000002d0 B __C3D_Context
0017a4c0 00000004 b frameEndCbData
0017a4c4 00000004 b frameEndCb
0017a4c8 00000008 b frameCounter
0017a4d0 00000001 b isTopStereo
0017a4d1 00000001 b needSwapBot
0017a4d2 00000001 b needSwapTop
0017a4d3 00000001 b measureGpuTime
0017a4d4 00000001 b inSafeTransfer
0017a4d5 00000001 b inFrame
0017a4d8 00000010 b cpuTime
0017a4e8 00000010 b gpuTime
0017a4f8 0000000c b linkedTarget
0017a504 00000004 b lastTarget
0017a508 00000004 b firstTarget
0017a50c 00000008 b C3Di_IVUnifEverDirty
0017a514 000000c0 b C3Di_FVUnifEverDirty
0017a5d4 00000018 b C3Di_ShaderFVecData
0017a5ec 00000002 B C3D_BoolUnifsDirty
0017a5f0 00000008 B C3D_IVUnifDirty
0017a5f8 000000c0 B C3D_FVUnifDirty
0017a6b8 00000004 B C3D_BoolUnifs
0017a6bc 00000020 B C3D_IVUnif
0017a6dc 00000c00 B C3D_FVUnif
0017b2e0 00000008 b sLinearPool
0017b2e8 0000000c b sAddrMap
0017b2f8 00000008 b sVramPoolB
0017b300 00000008 b sVramPoolA
0017b308 0000000c b sAddrMap
0017b314 00000004 B __3dslink_host
0017b318 00000004 b sharedFontAddr
0017b31c 00000004 B g_sharedFont
0017b320 00000004 b screenAlloc
0017b324 00000004 b screenFree
0017b328 00000002 b gfxIsDoubleBuf
0017b32c 00000002 b gfxCurBuf
0017b32e 00000001 b gfxIsVram
0017b32f 00000001 b gfxTopMode
0017b330 00000002 b gfxFramebufferFormats
0017b334 00000004 b gfxBottomFramebufferMaxSize
0017b338 00000004 b gfxTopFramebufferMaxSize
0017b340 00000008 b gfxBottomFramebuffers
0017b348 00000008 b gfxTopFramebuffers
0017b350 00000001 V __ctru_speedup
0017b354 00000004 b romfs_mount_list
0017b358 00000004 V __romfs_path
0017b35c 00000004 b arbiter
0017b360 00000004 B gpuCmdBufOffset
0017b364 00000004 B gpuCmdBufSize
0017b368 00000004 B gpuCmdBuf
0017b36c 00000004 b boundQueue
0017b370 00000001 b shouldStop
0017b371 00000001 b isRunning
0017b372 00000001 b isActive
0017b374 00000004 b curQueue
0017b378 00000004 b ndspRefCount
0017b37c 00000048 b ndspMaster
0017b3c4 00000004 b ndspThread
0017b3c8 00000001 b ndspThreadRun
0017b3cc 00001080 b dspVar5Backup
0017c44c 00000004 b ndspMutex
0017c450 00000008 b sleepEvent
0017c458 00000004 b dspSem
0017c45c 00000004 b irqEvent
0017c460 00000008 b ndspHookCookie
0017c468 00000001 b componentFree
0017c46a 00000002 b componentDataMask
0017c46c 00000002 b componentProgMask
0017c470 00000004 b componentSize
0017c474 00000004 b componentBin
0017c478 00000004 b frameCount
0017c47c 00000004 b droppedFrames
0017c480 00000001 b bCancelReceived
0017c481 00000001 b bSleeping
0017c482 00000001 b bEnteringSleep
0017c483 00000001 b bDspReady
0017c484 00000080 B ndspVars
0017c504 00000002 B ndspBufferId
0017c506 00000002 B ndspBufferCurId
0017c508 00000002 B ndspFrameId
0017c510 00000c60 b ndspChn
0017d170 00000001 b flagValue.0
0017d171 00000001 b flagInit.1
0017d174 00000004 b serviceName.6
0017d178 00000001 b aptChainloadFlags
0017d179 00000001 b aptChainloadMediatype
0017d17c 00000020 b aptChainloadHmac
0017d19c 00000300 b aptChainloadDeliverArg
0017d4a0 00000008 b aptChainloadTid
0017d4a8 00001000 b aptParameters
0017e4a8 00000004 b aptFlags
0017e4ac 00000001 b aptHomeButtonState
0017e4b0 00000004 b aptMessageFuncData
0017e4b4 00000004 b aptMessageFunc
0017e4b8 0000000c b aptFirstHook
0017e4c4 00000001 b aptEventHandlerThreadQuit
0017e4c8 00000004 b aptEventHandlerThread
0017e4cc 00000008 b aptSleepEvent
0017e4d4 00000008 b aptReceiveEvent
0017e4dc 00000008 b aptEvents
0017e4e4 00000004 b aptLockHandle
0017e4e8 00000004 b aptRefCount
0017e4ec 00000004 b cfguRefCount
0017e4f0 00000004 b cfguHandle
0017e4f4 00000002 b dspSavedCompDataMask
0017e4f6 00000002 b dspSavedCompProgMask
0017e4f8 00000004 b dspSavedCompSize
0017e4fc 00000004 b dspSavedCompBin
0017e500 00000001 b dspSleeping
0017e501 00000001 b dspComponentLoaded
0017e504 00000008 b dspFirstHook
0017e50c 00000004 b dspRefCount
0017e510 00000004 b dspHandle
0017e518 00000080 b fsExemptArchives
0017e598 00000004 b fsuRefCount
0017e59c 00000004 b fsuHandle
0017e5a0 00000007 b gspEventCbOneShot
0017e5a8 0000001c b gspEventCbData
0017e5c4 0000001c b gspEventCb
0017e5e0 00000038 b gspEvents
0017e618 00000004 b gspLastEvent
0017e61c 00000001 b gspRunEvents
0017e620 00000004 b gspEventThread
0017e624 00000004 b gspEvent
0017e628 00000001 b gspGpuRight
0017e629 00000001 b gspThreadId
0017e62c 00000004 b gspSharedMem
0017e630 00000004 b gspSharedMemHandle
0017e634 00000004 b gspRefCount
0017e638 00000004 b gspGpuHandle
0017e63c 00000001 b usingIrrst
0017e640 00000004 b hidRefCount
0017e644 00000006 b gRate
0017e64c 00000006 b aVec
0017e654 00000004 b cPos
0017e658 00000004 b tPos
0017e65c 00000004 b kRepeat
0017e660 00000004 b kUp
0017e664 00000004 b kDown
0017e668 00000004 b kHeld
0017e66c 00000004 b kOld
0017e670 00000004 B hidSharedMem
0017e674 00000014 B hidEvents
0017e688 00000004 B hidMemHandle
0017e68c 00000004 B hidHandle
0017e690 00000004 b irrstRefCount
0017e694 00000004 b csPos
0017e698 00000004 b kHeld
0017e69c 00000004 B irrstSharedMem
0017e6a0 00000004 B irrstEvent
0017e6a4 00000004 B irrstMemHandle
0017e6a8 00000004 B irrstHandle
0017e6ac 00000004 b ptmSysmRefCount
0017e6b0 00000004 b ptmSysmHandle
0017e6b4 00000004 V __ctru_linear_heap_size
0017e6b8 00000004 V __ctru_heap_size
0017e6bc 00000004 B __ctru_linear_heap
0017e6c0 00000004 B __ctru_heap
0017e6c4 00000004 B __system_retAddr
0017e6c8 00000004 B __system_argv
0017e6cc 00000004 B __system_argc
0017e6d0 b saved_stack
0017e6d8 00000004 b srvRefCount
0017e6dc 00000004 b srvHandle
0017e6e0 00000004 b currentAddr
0017e6e4 00000004 b maxAddr
0017e6e8 00000004 b minAddr
0017e6ec 00000004 b srvPmHandle
0017e6f0 00000004 B socMemhandle
0017e6f4 00000004 B SOCU_handle
0017e6f8 000005c0 b archive_devices
0017ecb8 00000004 b archive_device_cwd
0017ecbc 00000001 b archive_initialized
0017ecc0 00000281 b b2_sizeMap
0017ef44 00000008 B b2Vec2_zero
0017ef4c 00000004 B b2_gjkCalls
0017ef50 00000004 B b2_gjkIters
0017ef54 00000004 B b2_gjkMaxIters
0017ef58 00000004 B b2_toiCalls
0017ef5c 00000004 B b2_toiIters
0017ef60 00000004 B b2_toiMaxIters
0017ef64 00000004 B b2_toiMaxRootIters
0017ef68 00000004 B b2_toiMaxTime
0017ef6c 00000004 B b2_toiRootIters
0017ef70 00000004 B b2_toiTime
0017ef74 000000c0 B b2Contact::s_registers
0017f034 00000001 B b2Contact::s_initialized
0017f038 00000004 b init
0017f03c 00000001 B __eh_globals_init::_S_init
0017f040 0000000c b (anonymous namespace)::eh_globals
0017f04c 00000004 b (anonymous namespace)::get_static_cond()::once
0017f050 00000008 b (anonymous namespace)::fake_cond
0017f058 00000004 b (anonymous namespace)::static_cond
0017f05c 00000004 b (anonymous namespace)::get_static_mutex()::once
0017f060 00000010 b (anonymous namespace)::fake_mutex
0017f070 00000004 b (anonymous namespace)::static_mutex
0017f078 0000001c b (anonymous namespace)::emergency_pool
0017f094 00000004 b (anonymous namespace)::__new_handler
0017f098 00000010 V std::string::_Rep::_S_empty_rep_storage
0017f0a8 0000000c b __sfp_recursive_mutex
0017f0b8 00000168 B __sf
0017f220 00000004 B __stdio_exit_handler
0017f224 00000028 B __malloc_current_mallinfo
0017f24c 00000004 B __malloc_max_total_mem
0017f250 00000004 B __malloc_max_sbrked_mem
0017f254 00000004 B __malloc_top_pad
0017f258 0000000c b __malloc_recursive_mutex
0017f264 0000000c b __env_recursive_mutex
0017f270 00000004 b initial_env
0017f274 00000190 B __atexit0
0017f404 00000004 B __atexit
0017f408 0000000c B __atexit_recursive_mutex
0017f414 00000400 b temp_cwd
0017f814 00000004 b __hndl_lock
0017f818 00000004 B fake_heap_start
0017f81c 00000004 B fake_heap_end
0017f820 00000004 b heap_start.0
0017f824 B __tls_start
0018042c B __bss_end__
0018042c A __end__
0018042c B __tls_end
