Archive member included to satisfy reference by file (symbol)

C:/devkitPro/libctru/lib\libcitro2d.a(base.o)
                              main.o (C2D_Init)
C:/devkitPro/libctru/lib\libcitro2d.a(text.o)
                              ui_text.o (C2D_TextBufNew)
C:/devkitPro/libctru/lib\libcitro2d.a(spritesheet.o)
                              sprite_manager.o (C2D_SpriteSheetLoad)
C:/devkitPro/libctru/lib\libcitro2d.a(font.o)
                              main.o (C2D_FontLoad)
C:/devkitPro/libctru/lib\libcitro2d.a(render2d.shbin.o)
                              C:/devkitPro/libctru/lib\libcitro2d.a(base.o) (render2d_shbin)
C:/devkitPro/libctru/lib\libcitro3d.a(attribs.o)
                              C:/devkitPro/libctru/lib\libcitro2d.a(base.o) (AttrInfo_Init)
C:/devkitPro/libctru/lib\libcitro3d.a(base.o)
                              C:/devkitPro/libctru/lib\libcitro3d.a(attribs.o) (__C3D_Context)
C:/devkitPro/libctru/lib\libcitro3d.a(buffers.o)
                              C:/devkitPro/libctru/lib\libcitro2d.a(base.o) (BufInfo_Init)
C:/devkitPro/libctru/lib\libcitro3d.a(drawElements.o)
                              C:/devkitPro/libctru/lib\libcitro2d.a(base.o) (C3D_DrawElements)
C:/devkitPro/libctru/lib\libcitro3d.a(effect.o)
                              C:/devkitPro/libctru/lib\libcitro3d.a(base.o) (C3D_DepthMap)
C:/devkitPro/libctru/lib\libcitro3d.a(framebuffer.o)
                              C:/devkitPro/libctru/lib\libcitro3d.a(base.o) (C3Di_FrameBufBind)
C:/devkitPro/libctru/lib\libcitro3d.a(immediate.o)
                              C:/devkitPro/libctru/lib\libcitro3d.a(base.o) (C3D_ImmSendAttrib)
C:/devkitPro/libctru/lib\libcitro3d.a(proctex.o)
                              C:/devkitPro/libctru/lib\libcitro2d.a(base.o) (C3D_ProcTexInit)
C:/devkitPro/libctru/lib\libcitro3d.a(renderqueue.o)
                              C:/devkitPro/libctru/lib\libcitro3d.a(base.o) (C3Di_RenderQueueEnableVBlank)
C:/devkitPro/libctru/lib\libcitro3d.a(tex3ds.o)
                              C:/devkitPro/libctru/lib\libcitro2d.a(spritesheet.o) (Tex3DS_TextureImport)
C:/devkitPro/libctru/lib\libcitro3d.a(texenv.o)
                              C:/devkitPro/libctru/lib\libcitro2d.a(base.o) (C3D_GetTexEnv)
C:/devkitPro/libctru/lib\libcitro3d.a(texture.o)
                              C:/devkitPro/libctru/lib\libcitro3d.a(tex3ds.o) (C3D_TexInitWithParams)
C:/devkitPro/libctru/lib\libcitro3d.a(uniforms.o)
                              C:/devkitPro/libctru/lib\libcitro3d.a(base.o) (C3D_UpdateUniforms)
C:/devkitPro/libctru/lib\libcitro3d.a(mtx_multiply.o)
                              C:/devkitPro/libctru/lib\libcitro2d.a(base.o) (Mtx_Multiply)
C:/devkitPro/libctru/lib\libcitro3d.a(mtx_ortho.o)
                              C:/devkitPro/libctru/lib\libcitro2d.a(base.o) (Mtx_Ortho)
C:/devkitPro/libctru/lib\libcitro3d.a(mtx_orthotilt.o)
                              C:/devkitPro/libctru/lib\libcitro2d.a(base.o) (Mtx_OrthoTilt)
C:/devkitPro/libctru/lib\libcitro3d.a(mtx_rotatez.o)
                              C:/devkitPro/libctru/lib\libcitro2d.a(base.o) (Mtx_RotateZ)
C:/devkitPro/libctru/lib\libcitro3d.a(mtx_scale.o)
                              C:/devkitPro/libctru/lib\libcitro2d.a(base.o) (Mtx_Scale)
C:/devkitPro/libctru/lib\libcitro3d.a(mtx_translate.o)
                              C:/devkitPro/libctru/lib\libcitro2d.a(base.o) (Mtx_Translate)
C:/devkitPro/libctru/lib\libctru.a(linear.o)
                              audio_manager.o (linearAlloc)
C:/devkitPro/libctru/lib\libctru.a(mem_pool.o)
                              C:/devkitPro/libctru/lib\libctru.a(linear.o) (MemPool::Allocate(MemChunk&, unsigned long, int))
C:/devkitPro/libctru/lib\libctru.a(vram.o)
                              C:/devkitPro/libctru/lib\libcitro3d.a(renderqueue.o) (vramAlloc)
C:/devkitPro/libctru/lib\libctru.a(font.o)
                              C:/devkitPro/libctru/lib\libcitro2d.a(text.o) (fontEnsureMapped)
C:/devkitPro/libctru/lib\libctru.a(gfx.o)
                              C:/devkitPro/libctru/lib\libcitro2d.a(base.o) (gfxIsWide)
C:/devkitPro/libctru/lib\libctru.a(os.o)
                              C:/devkitPro/libctru/lib\libcitro3d.a(buffers.o) (osConvertVirtToPhys)
C:/devkitPro/libctru/lib\libctru.a(romfs_dev.o)
                              main.o (romfsMountSelf)
C:/devkitPro/libctru/lib\libctru.a(gpu.o)
                              C:/devkitPro/libctru/lib\libcitro3d.a(renderqueue.o) (gpuCmdBuf)
C:/devkitPro/libctru/lib\libctru.a(gx.o)
                              C:/devkitPro/libctru/lib\libcitro3d.a(renderqueue.o) (GX_BindQueue)
C:/devkitPro/libctru/lib\libctru.a(gxqueue.o)
                              C:/devkitPro/libctru/lib\libcitro3d.a(renderqueue.o) (gxCmdQueueClear)
C:/devkitPro/libctru/lib\libctru.a(shaderProgram.o)
                              C:/devkitPro/libctru/lib\libcitro2d.a(base.o) (shaderInstanceGetUniformLocation)
[...]
Memory Configuration

Name             Origin             Length             Attributes
*default*        0x00000000         0xffffffff

Linker script and memory map

                0x00000000                        __sync_synchronize = __sync_synchronize_dmb
                0x00100000                        PROVIDE (__start__ = 0x100000)
                0x00100000                        . = __start__

.text           0x00100000    0x1cc40
 *(.crt0)
 .crt0          0x00100000       0x94 C:/devkitPro/devkitARM/bin/../lib/gcc/arm-none-eabi/15.1.0/../../../../arm-none-eabi/lib/armv6k/fpu/3dsx_crt0.o
                0x00100000                _start
                0x00100008                __service_ptr
                0x0010000c                __apt_appid
                0x00100010                __heap_size
                0x00100014                __linear_heap_size
                0x00100018                __system_arglist
                0x0010001c                __system_runflags
 *(.init)
 .init          0x00100094        0xc C:/devkitPro/devkitARM/bin/../lib/gcc/arm-none-eabi/15.1.0/armv6k/fpu/crti.o
                0x00100094                _init
 .init          0x001000a0        0xc C:/devkitPro/devkitARM/bin/../lib/gcc/arm-none-eabi/15.1.0/armv6k/fpu/crtn.o
                0x001000ac                        . = ALIGN (0x4)
 *(.text)
 .text          0x001000ac      0x20c C:/devkitPro/devkitARM/bin/../lib/gcc/arm-none-eabi/15.1.0/armv6k/fpu\libgcc.a(_udivsi3.o)
                0x001000ac                __aeabi_uidiv
                0x001000ac                __udivsi3
                0x00100298                __aeabi_uidivmod
 .text          0x001002b8      0x240 C:/devkitPro/devkitARM/bin/../lib/gcc/arm-none-eabi/15.1.0/armv6k/fpu\libgcc.a(_divsi3.o)
                0x001002b8                __divsi3
                0x001002b8                __aeabi_idiv
                0x001004d8                __aeabi_idivmod
 .text          0x001004f8        0x4 C:/devkitPro/devkitARM/bin/../lib/gcc/arm-none-eabi/15.1.0/armv6k/fpu\libgcc.a(_dvmd_tls.o)
                0x001004f8                __aeabi_idiv0
                0x001004f8                __aeabi_ldiv0
 .text          0x001004fc      0x3c0 C:/devkitPro/devkitARM/bin/../lib/gcc/arm-none-eabi/15.1.0/armv6k/fpu\libgcc.a(_arm_addsubdf3.o)
                0x001004fc                __aeabi_drsub
                0x00100504                __aeabi_dsub
                0x00100504                __subdf3
                0x00100508                __aeabi_dadd
                0x00100508                __adddf3
                0x001007b4                __floatunsidf
                0x001007b4                __aeabi_ui2d
                0x001007d8                __floatsidf
                0x001007d8                __aeabi_i2d
                0x00100800                __aeabi_f2d
                0x00100800                __extendsfdf2
                0x00100848                __floatundidf
                0x00100848                __aeabi_ul2d
                0x0010085c                __floatdidf
                0x0010085c                __aeabi_l2d
 .text          0x001008bc      0x250 C:/devkitPro/devkitARM/bin/../lib/gcc/arm-none-eabi/15.1.0/armv6k/fpu\libgcc.a(_arm_addsubsf3.o)
                0x001008bc                __aeabi_frsub
                0x001008c4                __subsf3
                0x001008c4                __aeabi_fsub
                0x001008c8                __aeabi_fadd
                0x001008c8                __addsf3
                0x00100a58                __aeabi_ui2f
                0x00100a58                __floatunsisf
                0x00100a60                __aeabi_i2f
                0x00100a60                __floatsisf
                0x00100a80                __aeabi_ul2f
                0x00100a80                __floatundisf
                0x00100a90                __aeabi_l2f
                0x00100a90                __floatdisf
 .text          0x00100b0c       0xd4 C:/devkitPro/devkitARM/bin/../lib/gcc/arm-none-eabi/15.1.0/armv6k/fpu\libgcc.a(_aeabi_ldivmod.o)
                0x00100b0c                __aeabi_ldivmod
 .text          0x00100be0      0x390 C:/devkitPro/devkitARM/bin/../lib/gcc/arm-none-eabi/15.1.0/../../../../arm-none-eabi/lib/armv6k/fpu\libg.a(libc_a-strcmp.o)
                0x00100be8                strcmp
 *(.text.*)
 .text.__do_global_dtors_aux
                0x00100f70       0x50 C:/devkitPro/devkitARM/bin/../lib/gcc/arm-none-eabi/15.1.0/armv6k/fpu/crtbegin.o
 .text.frame_dummy
                0x00100fc0       0x2c C:/devkitPro/devkitARM/bin/../lib/gcc/arm-none-eabi/15.1.0/armv6k/fpu/crtbegin.o
 .text.AudioManager_Init
                0x00100fec       0x2c audio_manager.o
                0x00100fec                AudioManager_Init
 .text.AudioManager_Play
                0x00101018       0x6c audio_manager.o
                0x00101018                AudioManager_Play
 .text.DeltaTime_Get
                0x00101084       0x10 delta_time.o
                0x00101084                DeltaTime_Get
 .text.DeltaTime_Update
                0x00101094       0x44 delta_time.o
                0x00101094                DeltaTime_Update
 .text.onStartButtonClick
                0x001010d8       0x28 main.o
                0x001010d8                onStartButtonClick
 .text.drawTransition.part.0
                0x00101100      0x118 main.o
 .text.texts    0x00101218       0xc4 main.o
                0x00101218                texts
 .text.loadUI   0x001012dc       0xd0 main.o
                0x001012dc                loadUI
 .text.loadSprites
                0x001013ac      0x190 main.o
                0x001013ac                loadSprites
 .text.drawTop  0x0010153c      0x118 main.o
                0x0010153c                drawTop
 .text.drawBottom
                0x00101654       0x94 main.o
                0x00101654                drawBottom
 .text.startup.main
                0x001016e8      0x19c main.o
                0x001016e8                main
 .text.changeScene
                0x00101884       0x38 scene_manager.o
                0x00101884                changeScene
 .text.SpriteManager_Init
                0x001018bc        0xc sprite_manager.o
                0x001018bc                SpriteManager_Init
 .text.SpriteManager_Load
                0x001018c8       0x60 sprite_manager.o
                0x001018c8                SpriteManager_Load
 .text.SpriteManager_GetSheet
                0x00101928       0x54 sprite_manager.o
                0x00101928                SpriteManager_GetSheet
 .text.SpriteManager_Free
                0x0010197c       0x40 sprite_manager.o
                0x0010197c                SpriteManager_Free
 .text.UIButton_Init
                0x001019bc       0x3c ui_button.o
                0x001019bc                UIButton_Init
 .text.UIButton_SetHoverSprite
                0x001019f8       0x10 ui_button.o
                0x001019f8                UIButton_SetHoverSprite
 .text.UIButton_SetPressedSprite
                0x00101a08       0x10 ui_button.o
                0x00101a08                UIButton_SetPressedSprite
 .text.UIButton_Update
                0x00101a18       0xac ui_button.o
                0x00101a18                UIButton_Update
 .text.UIButton_Draw
                0x00101ac4       0xf0 ui_button.o
                0x00101ac4                UIButton_Draw
 .text.UIText_Init
                0x00101bb4       0x68 ui_text.o
                0x00101bb4                UIText_Init
 .text.UIText_Draw
                0x00101c1c       0x40 ui_text.o
                0x00101c1c                UIText_Draw
 .text.UIText_Free
                0x00101c5c       0x1c ui_text.o
                0x00101c5c                UIText_Free
 .text.C2Di_FrameEndHook
                0x00101c78       0x44 C:/devkitPro/libctru/lib\libcitro2d.a(base.o)
 *fill*         0x00101cbc        0x4 
 .text.C2D_Init
                0x00101cc0      0x36c C:/devkitPro/libctru/lib\libcitro2d.a(base.o)
                0x00101cc0                C2D_Init
 .text.C2D_Fini
                0x0010202c       0x4c C:/devkitPro/libctru/lib\libcitro2d.a(base.o)
                0x0010202c                C2D_Fini
 .text.C2D_Prepare
                0x00102078       0xb8 C:/devkitPro/libctru/lib\libcitro2d.a(base.o)
                0x00102078                C2D_Prepare
 .text.C2D_Flush
                0x00102130       0x48 C:/devkitPro/libctru/lib\libcitro2d.a(base.o)
                0x00102130                C2D_Flush
 .text.C2D_SceneSize
                0x00102178      0x104 C:/devkitPro/libctru/lib\libcitro2d.a(base.o)
                0x00102178                C2D_SceneSize
 .text.C2D_CreateScreenTarget
                0x0010227c       0x58 C:/devkitPro/libctru/lib\libcitro2d.a(base.o)
                0x0010227c                C2D_CreateScreenTarget
 .text.C2D_TargetClear
                0x001022d4       0x64 C:/devkitPro/libctru/lib\libcitro2d.a(base.o)
                0x001022d4                C2D_TargetClear
 .text.C2Di_CalcQuad
                0x00102338      0x13c C:/devkitPro/libctru/lib\libcitro2d.a(base.o)
                0x00102338                C2Di_CalcQuad
 .text.C2Di_AppendQuad
                0x00102474       0x58 C:/devkitPro/libctru/lib\libcitro2d.a(base.o)
                0x00102474                C2Di_AppendQuad
 .text.C2Di_AppendVtx
                0x001024cc       0x40 C:/devkitPro/libctru/lib\libcitro2d.a(base.o)
                0x001024cc                C2Di_AppendVtx
 .text.C2Di_Update
                0x0010250c      0x550 C:/devkitPro/libctru/lib\libcitro2d.a(base.o)
                0x0010250c                C2Di_Update
 .text.C2D_DrawImage
                0x00102a5c      0x2b0 C:/devkitPro/libctru/lib\libcitro2d.a(base.o)
                0x00102a5c                C2D_DrawImage
 .text.C2D_DrawRectangle
                0x00102d0c      0x158 C:/devkitPro/libctru/lib\libcitro2d.a(base.o)
                0x00102d0c                C2D_DrawRectangle
 .text.C2Di_GlyphComp
                0x00102e64       0x18 C:/devkitPro/libctru/lib\libcitro2d.a(text.o)
 .text.C2Di_CalcLineWidths
                0x00102e7c      0x140 C:/devkitPro/libctru/lib\libcitro2d.a(text.o)
 .text.C2D_TextBufNew
                0x00102fbc      0x1dc C:/devkitPro/libctru/lib\libcitro2d.a(text.o)
                0x00102fbc                C2D_TextBufNew
 .text.C2D_TextBufDelete
                0x00103198        0x4 C:/devkitPro/libctru/lib\libcitro2d.a(text.o)
                0x00103198                C2D_TextBufDelete
 .text.C2D_TextFontParseLine
                0x0010319c      0x1c8 C:/devkitPro/libctru/lib\libcitro2d.a(text.o)
                0x0010319c                C2D_TextFontParseLine
 .text.C2D_TextFontParse
                0x00103364       0xa8 C:/devkitPro/libctru/lib\libcitro2d.a(text.o)
                0x00103364                C2D_TextFontParse
 .text.C2D_TextParse
                0x0010340c       0x14 C:/devkitPro/libctru/lib\libcitro2d.a(text.o)
                0x0010340c                C2D_TextParse
 .text.C2D_TextOptimize
                0x00103420       0x30 C:/devkitPro/libctru/lib\libcitro2d.a(text.o)
                0x00103420                C2D_TextOptimize
 .text.C2D_DrawText
                0x00103450      0xf6c C:/devkitPro/libctru/lib\libcitro2d.a(text.o)
                0x00103450                C2D_DrawText
 .text.C2D_SpriteSheetLoadFromHandle
                0x001043bc       0x6c C:/devkitPro/libctru/lib\libcitro2d.a(spritesheet.o)
                0x001043bc                C2D_SpriteSheetLoadFromHandle
 .text.C2D_SpriteSheetLoad
                0x00104428       0x48 C:/devkitPro/libctru/lib\libcitro2d.a(spritesheet.o)
                0x00104428                C2D_SpriteSheetLoad
 .text.C2D_SpriteSheetFree
                0x00104470       0x28 C:/devkitPro/libctru/lib\libcitro2d.a(spritesheet.o)
                0x00104470                C2D_SpriteSheetFree
 .text.C2D_SpriteSheetGetImage
                0x00104498       0x2c C:/devkitPro/libctru/lib\libcitro2d.a(spritesheet.o)
                0x00104498                C2D_SpriteSheetGetImage
 .text.C2D_FontFree
                0x001044c4       0x28 C:/devkitPro/libctru/lib\libcitro2d.a(font.o)
                0x001044c4                C2D_FontFree
 .text.C2Di_PostLoadFont
                0x001044ec       0xe8 C:/devkitPro/libctru/lib\libcitro2d.a(font.o)
 .text.C2D_FontLoadFromHandle
                0x001045d4       0xb4 C:/devkitPro/libctru/lib\libcitro2d.a(font.o)
                0x001045d4                C2D_FontLoadFromHandle
 .text.C2D_FontLoad
                0x00104688       0x34 C:/devkitPro/libctru/lib\libcitro2d.a(font.o)
                0x00104688                C2D_FontLoad
 .text.C2D_FontGlyphIndexFromCodePoint
                0x001046bc       0x44 C:/devkitPro/libctru/lib\libcitro2d.a(font.o)
                0x001046bc                C2D_FontGlyphIndexFromCodePoint
 .text.C2D_FontCalcGlyphPos
                0x00104700       0x78 C:/devkitPro/libctru/lib\libcitro2d.a(font.o)
                0x00104700                C2D_FontCalcGlyphPos
 .text.AttrInfo_Init
                0x00104778       0x28 C:/devkitPro/libctru/lib\libcitro3d.a(attribs.o)
                0x00104778                AttrInfo_Init
 .text.AttrInfo_AddLoader
                0x001047a0       0x94 C:/devkitPro/libctru/lib\libcitro3d.a(attribs.o)
                0x001047a0                AttrInfo_AddLoader
 .text.C3D_SetAttrInfo
                0x00104834       0x54 C:/devkitPro/libctru/lib\libcitro3d.a(attribs.o)
                0x00104834                C3D_SetAttrInfo
 .text.C3Di_AttrInfoBind
                0x00104888       0x80 C:/devkitPro/libctru/lib\libcitro3d.a(attribs.o)
                0x00104888                C3Di_AttrInfoBind
 .text.C3Di_LightEnvUpdate
                0x00104908        0x4 C:/devkitPro/libctru/lib\libcitro3d.a(base.o)
                0x00104908                C3Di_LightEnvUpdate
 .text.C3Di_LightEnvDirty
                0x0010490c        0x4 C:/devkitPro/libctru/lib\libcitro3d.a(base.o)
                0x0010490c                C3Di_LightEnvDirty
 .text.C3Di_AptEventHook
                0x00104910       0xb4 C:/devkitPro/libctru/lib\libcitro3d.a(base.o)
 .text.C3Di_GasUpdate
                0x001049c4        0x4 C:/devkitPro/libctru/lib\libcitro3d.a(base.o)
                0x001049c4                C3Di_GasUpdate
 .text.C3D_Init
                0x001049c8      0x1d0 C:/devkitPro/libctru/lib\libcitro3d.a(base.o)
                0x001049c8                C3D_Init
 .text.C3D_SetViewport
                0x00104b98       0x98 C:/devkitPro/libctru/lib\libcitro3d.a(base.o)
                0x00104b98                C3D_SetViewport
 .text.C3Di_UpdateContext
                0x00104c30      0x4e8 C:/devkitPro/libctru/lib\libcitro3d.a(base.o)
                0x00104c30                C3Di_UpdateContext
 .text.C3Di_SplitFrame
                0x00105118       0xe0 C:/devkitPro/libctru/lib\libcitro3d.a(base.o)
                0x00105118                C3Di_SplitFrame
 .text.C3D_Fini
                0x001051f8       0x44 C:/devkitPro/libctru/lib\libcitro3d.a(base.o)
                0x001051f8                C3D_Fini
 .text.C3D_BindProgram
                0x0010523c      0x194 C:/devkitPro/libctru/lib\libcitro3d.a(base.o)
                0x0010523c                C3D_BindProgram
 .text.BufInfo_Init
                0x001053d0       0x24 C:/devkitPro/libctru/lib\libcitro3d.a(buffers.o)
                0x001053d0                BufInfo_Init
 .text.BufInfo_Add
                0x001053f4       0x80 C:/devkitPro/libctru/lib\libcitro3d.a(buffers.o)
                0x001053f4                BufInfo_Add
 .text.C3D_SetBufInfo
                0x00105474       0x3c C:/devkitPro/libctru/lib\libcitro3d.a(buffers.o)
                0x00105474                C3D_SetBufInfo
 .text.C3Di_BufInfoBind
                0x001054b0       0x48 C:/devkitPro/libctru/lib\libcitro3d.a(buffers.o)
                0x001054b0                C3Di_BufInfoBind
 .text.C3D_DrawElements
                0x001054f8      0x21c C:/devkitPro/libctru/lib\libcitro3d.a(drawElements.o)
                0x001054f8                C3D_DrawElements
 .text.C3D_DepthMap
                0x00105714       0x40 C:/devkitPro/libctru/lib\libcitro3d.a(effect.o)
                0x00105714                C3D_DepthMap
 .text.C3D_CullFace
                0x00105754       0x1c C:/devkitPro/libctru/lib\libcitro3d.a(effect.o)
                0x00105754                C3D_CullFace
 .text.C3D_StencilTest
                0x00105770       0x40 C:/devkitPro/libctru/lib\libcitro3d.a(effect.o)
                0x00105770                C3D_StencilTest
 .text.C3D_StencilOp
                0x001057b0       0x24 C:/devkitPro/libctru/lib\libcitro3d.a(effect.o)
                0x001057b0                C3D_StencilOp
 .text.C3D_BlendingColor
                0x001057d4       0x1c C:/devkitPro/libctru/lib\libcitro3d.a(effect.o)
                0x001057d4                C3D_BlendingColor
 .text.C3D_EarlyDepthTest
                0x001057f0       0x24 C:/devkitPro/libctru/lib\libcitro3d.a(effect.o)
                0x001057f0                C3D_EarlyDepthTest
 .text.C3D_DepthTest
                0x00105814       0x2c C:/devkitPro/libctru/lib\libcitro3d.a(effect.o)
                0x00105814                C3D_DepthTest
 .text.C3D_AlphaTest
                0x00105840       0x2c C:/devkitPro/libctru/lib\libcitro3d.a(effect.o)
                0x00105840                C3D_AlphaTest
 .text.C3D_AlphaBlend
                0x0010586c       0x50 C:/devkitPro/libctru/lib\libcitro3d.a(effect.o)
                0x0010586c                C3D_AlphaBlend
 .text.C3D_FragOpMode
                0x001058bc       0x30 C:/devkitPro/libctru/lib\libcitro3d.a(effect.o)
                0x001058bc                C3D_FragOpMode
 .text.C3D_FragOpShadow
                0x001058ec       0x44 C:/devkitPro/libctru/lib\libcitro3d.a(effect.o)
                0x001058ec                C3D_FragOpShadow
 .text.C3Di_EffectBind
                0x00105930      0x1ac C:/devkitPro/libctru/lib\libcitro3d.a(effect.o)
                0x00105930                C3Di_EffectBind
 .text.C3D_CalcColorBufSize
                0x00105adc       0x1c C:/devkitPro/libctru/lib\libcitro3d.a(framebuffer.o)
                0x00105adc                C3D_CalcColorBufSize
 .text.C3D_CalcDepthBufSize
                0x00105af8       0x1c C:/devkitPro/libctru/lib\libcitro3d.a(framebuffer.o)
                0x00105af8                C3D_CalcDepthBufSize
 .text.C3D_SetFrameBuf
                0x00105b14       0x44 C:/devkitPro/libctru/lib\libcitro3d.a(framebuffer.o)
                0x00105b14                C3D_SetFrameBuf
 .text.C3Di_FrameBufBind
                0x00105b58      0x16c C:/devkitPro/libctru/lib\libcitro3d.a(framebuffer.o)
                0x00105b58                C3Di_FrameBufBind
 .text.C3D_FrameBufClear
                0x00105cc4       0xc8 C:/devkitPro/libctru/lib\libcitro3d.a(framebuffer.o)
                0x00105cc4                C3D_FrameBufClear
 .text.C3D_FrameBufTransfer
                0x00105d8c       0x44 C:/devkitPro/libctru/lib\libcitro3d.a(framebuffer.o)
                0x00105d8c                C3D_FrameBufTransfer
 .text.C3D_ImmSendAttrib
                0x00105dd0       0xa8 C:/devkitPro/libctru/lib\libcitro3d.a(immediate.o)
                0x00105dd0                C3D_ImmSendAttrib
 .text.C3D_ProcTexInit
                0x00105e78       0x70 C:/devkitPro/libctru/lib\libcitro3d.a(proctex.o)
                0x00105e78                C3D_ProcTexInit
 .text.C3D_ProcTexBind
                0x00105ee8       0x54 C:/devkitPro/libctru/lib\libcitro3d.a(proctex.o)
                0x00105ee8                C3D_ProcTexBind
 .text.C3D_ProcTexLutBind
                0x00105f3c       0x5c C:/devkitPro/libctru/lib\libcitro3d.a(proctex.o)
                0x00105f3c                C3D_ProcTexLutBind
 .text.ProcTexLut_FromArray
                0x00105f98       0xa4 C:/devkitPro/libctru/lib\libcitro3d.a(proctex.o)
                0x00105f98                ProcTexLut_FromArray
 .text.C3Di_ProcTexUpdate
                0x0010603c      0x178 C:/devkitPro/libctru/lib\libcitro3d.a(proctex.o)
                0x0010603c                C3Di_ProcTexUpdate
 .text.C3Di_ProcTexDirty
                0x001061b4       0x68 C:/devkitPro/libctru/lib\libcitro3d.a(proctex.o)
                0x001061b4                C3Di_ProcTexDirty
 .text.onVBlank0
                0x0010621c       0x4c C:/devkitPro/libctru/lib\libcitro3d.a(renderqueue.o)
 .text.onVBlank1
                0x00106268       0x4c C:/devkitPro/libctru/lib\libcitro3d.a(renderqueue.o)
 .text.C3Di_RenderTargetDestroy
                0x001062b4       0x80 C:/devkitPro/libctru/lib\libcitro3d.a(renderqueue.o)
 .text.onQueueFinish
                0x00106334       0xf4 C:/devkitPro/libctru/lib\libcitro3d.a(renderqueue.o)
 .text.C3Di_RenderQueueEnableVBlank
                0x00106428       0x38 C:/devkitPro/libctru/lib\libcitro3d.a(renderqueue.o)
                0x00106428                C3Di_RenderQueueEnableVBlank
 .text.C3Di_RenderQueueDisableVBlank
                0x00106460       0x30 C:/devkitPro/libctru/lib\libcitro3d.a(renderqueue.o)
                0x00106460                C3Di_RenderQueueDisableVBlank
 .text.C3Di_RenderQueueInit
                0x00106490       0x60 C:/devkitPro/libctru/lib\libcitro3d.a(renderqueue.o)
                0x00106490                C3Di_RenderQueueInit
 .text.C3Di_RenderQueueExit
                0x001064f0       0xb4 C:/devkitPro/libctru/lib\libcitro3d.a(renderqueue.o)
                0x001064f0                C3Di_RenderQueueExit
 .text.C3Di_RenderQueueWaitDone
                0x001065a4       0x34 C:/devkitPro/libctru/lib\libcitro3d.a(renderqueue.o)
                0x001065a4                C3Di_RenderQueueWaitDone
 .text.C3D_FrameBegin
                0x001065d8       0xe8 C:/devkitPro/libctru/lib\libcitro3d.a(renderqueue.o)
                0x001065d8                C3D_FrameBegin
 .text.C3D_FrameDrawOn
                0x001066c0       0x48 C:/devkitPro/libctru/lib\libcitro3d.a(renderqueue.o)
                0x001066c0                C3D_FrameDrawOn
 .text.C3D_FrameSplit
                0x00106708       0x58 C:/devkitPro/libctru/lib\libcitro3d.a(renderqueue.o)
                0x00106708                C3D_FrameSplit
 .text.C3D_FrameEnd
                0x00106760      0x1d0 C:/devkitPro/libctru/lib\libcitro3d.a(renderqueue.o)
                0x00106760                C3D_FrameEnd
 .text.C3D_FrameEndHook
                0x00106930       0x1c C:/devkitPro/libctru/lib\libcitro3d.a(renderqueue.o)
                0x00106930                C3D_FrameEndHook
 .text.C3D_RenderTargetCreate
                0x0010694c      0x170 C:/devkitPro/libctru/lib\libcitro3d.a(renderqueue.o)
                0x0010694c                C3D_RenderTargetCreate
 .text.C3D_RenderTargetSetOutput
                0x00106abc       0xa8 C:/devkitPro/libctru/lib\libcitro3d.a(renderqueue.o)
                0x00106abc                C3D_RenderTargetSetOutput
 .text.C3D_SyncTextureCopy
                0x00106b64       0xfc C:/devkitPro/libctru/lib\libcitro3d.a(renderqueue.o)
                0x00106b64                C3D_SyncTextureCopy
 .text.Tex3DSi_ImportCommon
                0x00106c60      0x3d8 C:/devkitPro/libctru/lib\libcitro3d.a(tex3ds.o)
 .text.Tex3DS_TextureImportStdio
                0x00107038       0x38 C:/devkitPro/libctru/lib\libcitro3d.a(tex3ds.o)
                0x00107038                Tex3DS_TextureImportStdio
 .text.Tex3DS_GetSubTexture
                0x00107070       0x1c C:/devkitPro/libctru/lib\libcitro3d.a(tex3ds.o)
                0x00107070                Tex3DS_GetSubTexture
 .text.Tex3DS_TextureFree
                0x0010708c        0x4 C:/devkitPro/libctru/lib\libcitro3d.a(tex3ds.o)
                0x0010708c                Tex3DS_TextureFree
 .text.C3D_GetTexEnv
                0x00107090       0x34 C:/devkitPro/libctru/lib\libcitro3d.a(texenv.o)
                0x00107090                C3D_GetTexEnv
 .text.C3Di_TexEnvBind
                0x001070c4       0x24 C:/devkitPro/libctru/lib\libcitro3d.a(texenv.o)
                0x001070c4                C3Di_TexEnvBind
 .text.C3D_TexInitWithParams
                0x001070e8      0x290 C:/devkitPro/libctru/lib\libcitro3d.a(texture.o)
                0x001070e8                C3D_TexInitWithParams
 .text.C3D_TexLoadImage
                0x00107378       0xc8 C:/devkitPro/libctru/lib\libcitro3d.a(texture.o)
                0x00107378                C3D_TexLoadImage
 .text.C3D_TexBind
                0x00107440       0x44 C:/devkitPro/libctru/lib\libcitro3d.a(texture.o)
                0x00107440                C3D_TexBind
 .text.C3D_TexDelete
                0x00107484       0x74 C:/devkitPro/libctru/lib\libcitro3d.a(texture.o)
                0x00107484                C3D_TexDelete
 .text.C3Di_SetTex
                0x001074f8      0x14c C:/devkitPro/libctru/lib\libcitro3d.a(texture.o)
                0x001074f8                C3Di_SetTex
 .text.C3D_UpdateUniforms
                0x00107644      0x290 C:/devkitPro/libctru/lib\libcitro3d.a(uniforms.o)
                0x00107644                C3D_UpdateUniforms
 .text.C3Di_DirtyUniforms
                0x001078d4       0xc0 C:/devkitPro/libctru/lib\libcitro3d.a(uniforms.o)
                0x001078d4                C3Di_DirtyUniforms
 .text.C3Di_LoadShaderUniforms
                0x00107994       0xd8 C:/devkitPro/libctru/lib\libcitro3d.a(uniforms.o)
                0x00107994                C3Di_LoadShaderUniforms
 .text.C3Di_ClearShaderUniforms
                0x00107a6c       0x28 C:/devkitPro/libctru/lib\libcitro3d.a(uniforms.o)
                0x00107a6c                C3Di_ClearShaderUniforms
 .text.Mtx_Ortho
                0x00107a94       0xcc C:/devkitPro/libctru/lib\libcitro3d.a(mtx_ortho.o)
                0x00107a94                Mtx_Ortho
 .text.Mtx_OrthoTilt
                0x00107b60       0xcc C:/devkitPro/libctru/lib\libcitro3d.a(mtx_orthotilt.o)
                0x00107b60                Mtx_OrthoTilt
 .text._ZL21addrMapNodeComparatorPK11rbtree_nodeS1_
                0x00107c2c       0x24 C:/devkitPro/libctru/lib\libctru.a(linear.o)
 .text._ZL21addrMapNodeDestructorP11rbtree_node
                0x00107c50        0x4 C:/devkitPro/libctru/lib\libctru.a(linear.o)
 .text.linearMemAlign
                0x00107c54      0x12c C:/devkitPro/libctru/lib\libctru.a(linear.o)
                0x00107c54                linearMemAlign
 .text.linearAlloc
                0x00107d80        0x8 C:/devkitPro/libctru/lib\libctru.a(linear.o)
                0x00107d80                linearAlloc
 .text.linearFree
                0x00107d88       0x5c C:/devkitPro/libctru/lib\libctru.a(linear.o)
                0x00107d88                linearFree
 .text._ZN7MemPool13CoalesceRightEP8MemBlock
                0x00107de4       0x88 C:/devkitPro/libctru/lib\libctru.a(mem_pool.o)
                0x00107de4                MemPool::CoalesceRight(MemBlock*)
 .text._ZN7MemPool8AllocateER8MemChunkmi
                0x00107e6c      0x178 C:/devkitPro/libctru/lib\libctru.a(mem_pool.o)
                0x00107e6c                MemPool::Allocate(MemChunk&, unsigned long, int)
 .text._ZN7MemPool10DeallocateERK8MemChunk
                0x00107fe4      0x118 C:/devkitPro/libctru/lib\libctru.a(mem_pool.o)
                0x00107fe4                MemPool::Deallocate(MemChunk const&)
 .text._ZN7MemPool12GetFreeSpaceEv
                0x001080fc       0x30 C:/devkitPro/libctru/lib\libctru.a(mem_pool.o)
                0x001080fc                MemPool::GetFreeSpace()
 .text._ZL21addrMapNodeComparatorPK11rbtree_nodeS1_
                0x0010812c       0x24 C:/devkitPro/libctru/lib\libctru.a(vram.o)
 .text._ZL21addrMapNodeDestructorP11rbtree_node
                0x00108150        0x4 C:/devkitPro/libctru/lib\libctru.a(vram.o)
 .text.vramMemAlignAt
                0x00108154      0x248 C:/devkitPro/libctru/lib\libctru.a(vram.o)
                0x00108154                vramMemAlignAt
 .text.vramAlloc
                0x0010839c        0xc C:/devkitPro/libctru/lib\libctru.a(vram.o)
                0x0010839c                vramAlloc
 .text.vramAllocAt
                0x001083a8        0xc C:/devkitPro/libctru/lib\libctru.a(vram.o)
                0x001083a8                vramAllocAt
 .text.vramFree
                0x001083b4       0x94 C:/devkitPro/libctru/lib\libctru.a(vram.o)
                0x001083b4                vramFree
 .text.fontEnsureMapped
                0x00108448       0x9c C:/devkitPro/libctru/lib\libctru.a(font.o)
                0x00108448                fontEnsureMapped
 .text.fontFixPointers
                0x001084e4       0x7c C:/devkitPro/libctru/lib\libctru.a(font.o)
                0x001084e4                fontFixPointers
 .text.fontGlyphIndexFromCodePoint
                0x00108560      0x100 C:/devkitPro/libctru/lib\libctru.a(font.o)
                0x00108560                fontGlyphIndexFromCodePoint
 .text.fontCalcGlyphPos
                0x00108660      0x214 C:/devkitPro/libctru/lib\libctru.a(font.o)
                0x00108660                fontCalcGlyphPos
 .text.gfxPresentFramebuffer
                0x00108874       0xcc C:/devkitPro/libctru/lib\libctru.a(gfx.o)
 .text.gfxIsWide
                0x00108940       0x1c C:/devkitPro/libctru/lib\libctru.a(gfx.o)
                0x00108940                gfxIsWide
 .text.gfxSetScreenFormat
                0x0010895c       0xf8 C:/devkitPro/libctru/lib\libctru.a(gfx.o)
                0x0010895c                gfxSetScreenFormat
 .text.gfxInit  0x00108a54       0xd8 C:/devkitPro/libctru/lib\libctru.a(gfx.o)
                0x00108a54                gfxInit
 .text.gfxInitDefault
                0x00108b2c       0x10 C:/devkitPro/libctru/lib\libctru.a(gfx.o)
                0x00108b2c                gfxInitDefault
 .text.gfxExit  0x00108b3c       0xb8 C:/devkitPro/libctru/lib\libctru.a(gfx.o)
                0x00108b3c                gfxExit
 .text.gfxGetFramebuffer
                0x00108bf4       0xa0 C:/devkitPro/libctru/lib\libctru.a(gfx.o)
                0x00108bf4                gfxGetFramebuffer
 .text.gfxScreenSwapBuffers
                0x00108c94       0x28 C:/devkitPro/libctru/lib\libctru.a(gfx.o)
                0x00108c94                gfxScreenSwapBuffers
 .text.osConvertVirtToPhys
                0x00108cbc       0x74 C:/devkitPro/libctru/lib\libctru.a(os.o)
                0x00108cbc                osConvertVirtToPhys
 .text.osGetTimeRef
                0x00108d30       0x54 C:/devkitPro/libctru/lib\libctru.a(os.o)
                0x00108d30                osGetTimeRef
 .text.osGetTime
                0x00108d84       0xec C:/devkitPro/libctru/lib\libctru.a(os.o)
                0x00108d84                osGetTime
 .text.__ctru_speedup_config
                0x00108e70       0x34 C:/devkitPro/libctru/lib\libctru.a(os.o)
                0x00108e70                __ctru_speedup_config
 .text.romfs_close
                0x00108ea4        0x8 C:/devkitPro/libctru/lib\libctru.a(romfs_dev.o)
 .text.romfs_seek
                0x00108eac       0xac C:/devkitPro/libctru/lib\libctru.a(romfs_dev.o)
 .text.romfs_dirreset
                0x00108f58       0x24 C:/devkitPro/libctru/lib\libctru.a(romfs_dev.o)
 .text.fill_dir
                0x00108f7c       0xc0 C:/devkitPro/libctru/lib\libctru.a(romfs_dev.o)
 .text.romfs_dirnext
                0x0010903c      0x2ac C:/devkitPro/libctru/lib\libctru.a(romfs_dev.o)
 .text.romfs_free
                0x001092e8       0x74 C:/devkitPro/libctru/lib\libctru.a(romfs_dev.o)
 .text.searchForFile.constprop.0
                0x0010935c       0xd0 C:/devkitPro/libctru/lib\libctru.a(romfs_dev.o)
 .text.searchForDir.constprop.0
                0x0010942c       0xd4 C:/devkitPro/libctru/lib\libctru.a(romfs_dev.o)
 .text.navigateToDir.constprop.0
                0x00109500      0x1c0 C:/devkitPro/libctru/lib\libctru.a(romfs_dev.o)
 .text.romfs_open
                0x001096c0      0x114 C:/devkitPro/libctru/lib\libctru.a(romfs_dev.o)
 .text.romfs_chdir
                0x001097d4       0x4c C:/devkitPro/libctru/lib\libctru.a(romfs_dev.o)
 .text.romfs_diropen
                0x00109820       0x68 C:/devkitPro/libctru/lib\libctru.a(romfs_dev.o)
 .text.romfs_stat
                0x00109888      0x178 C:/devkitPro/libctru/lib\libctru.a(romfs_dev.o)
 .text.romfs_dirclose
                0x00109a00        0x8 C:/devkitPro/libctru/lib\libctru.a(romfs_dev.o)
 .text.romfs_fstat
                0x00109a08       0x7c C:/devkitPro/libctru/lib\libctru.a(romfs_dev.o)
 .text.romfs_read
                0x00109a84       0xd0 C:/devkitPro/libctru/lib\libctru.a(romfs_dev.o)
 .text.romfsMountFromFile
                0x00109b54      0x28c C:/devkitPro/libctru/lib\libctru.a(romfs_dev.o)
                0x00109b54                romfsMountFromFile
 .text.romfsMountFromCurrentProcess
                0x00109de0       0x98 C:/devkitPro/libctru/lib\libctru.a(romfs_dev.o)
                0x00109de0                romfsMountFromCurrentProcess
 .text.romfsMountSelf
                0x00109e78      0x258 C:/devkitPro/libctru/lib\libctru.a(romfs_dev.o)
                0x00109e78                romfsMountSelf
 .text.romfsUnmount
                0x0010a0d0       0xa0 C:/devkitPro/libctru/lib\libctru.a(romfs_dev.o)
                0x0010a0d0                romfsUnmount
 .text.GPUCMD_Add
                0x0010a170      0x13c C:/devkitPro/libctru/lib\libctru.a(gpu.o)
                0x0010a170                GPUCMD_Add
 .text.GPUCMD_Split
                0x0010a2ac       0xb0 C:/devkitPro/libctru/lib\libctru.a(gpu.o)
                0x0010a2ac                GPUCMD_Split
 .text.f32tof16
                0x0010a35c       0x34 C:/devkitPro/libctru/lib\libctru.a(gpu.o)
                0x0010a35c                f32tof16
 .text.f32tof24
                0x0010a390       0x34 C:/devkitPro/libctru/lib\libctru.a(gpu.o)
                0x0010a390                f32tof24
 .text.f32tof31
                0x0010a3c4       0x38 C:/devkitPro/libctru/lib\libctru.a(gpu.o)
                0x0010a3c4                f32tof31
 .text.GX_BindQueue
                0x0010a3fc       0x10 C:/devkitPro/libctru/lib\libctru.a(gx.o)
                0x0010a3fc                GX_BindQueue
 .text.GX_ProcessCommandList
                0x0010a40c       0x7c C:/devkitPro/libctru/lib\libctru.a(gx.o)
                0x0010a40c                GX_ProcessCommandList
 .text.GX_MemoryFill
                0x0010a488       0x74 C:/devkitPro/libctru/lib\libctru.a(gx.o)
                0x0010a488                GX_MemoryFill
 .text.GX_DisplayTransfer
                0x0010a4fc       0x74 C:/devkitPro/libctru/lib\libctru.a(gx.o)
                0x0010a4fc                GX_DisplayTransfer
 .text.GX_TextureCopy
                0x0010a570       0x78 C:/devkitPro/libctru/lib\libctru.a(gx.o)
                0x0010a570                GX_TextureCopy
 .text.gxCmdQueueDoCommands.part.0
                0x0010a5e8       0x64 C:/devkitPro/libctru/lib\libctru.a(gxqueue.o)
 .text.gxCmdQueueInterrupt
                0x0010a64c       0xe4 C:/devkitPro/libctru/lib\libctru.a(gxqueue.o)
                0x0010a64c                gxCmdQueueInterrupt
 .text.gxCmdQueueClear
                0x0010a730       0x68 C:/devkitPro/libctru/lib\libctru.a(gxqueue.o)
                0x0010a730                gxCmdQueueClear
 .text.gxCmdQueueAdd
                0x0010a798      0x108 C:/devkitPro/libctru/lib\libctru.a(gxqueue.o)
                0x0010a798                gxCmdQueueAdd
 .text.gxCmdQueueRun
                0x0010a8a0       0x80 C:/devkitPro/libctru/lib\libctru.a(gxqueue.o)
                0x0010a8a0                gxCmdQueueRun
 .text.gxCmdQueueStop
                0x0010a920       0x64 C:/devkitPro/libctru/lib\libctru.a(gxqueue.o)
                0x0010a920                gxCmdQueueStop
 .text.gxCmdQueueWait
                0x0010a984       0x8c C:/devkitPro/libctru/lib\libctru.a(gxqueue.o)
                0x0010a984                gxCmdQueueWait
 .text.shaderInstanceInit
                0x0010aa10      0x1e0 C:/devkitPro/libctru/lib\libctru.a(shaderProgram.o)
                0x0010aa10                shaderInstanceInit
 .text.shaderInstanceGetUniformLocation
                0x0010abf0       0x18 C:/devkitPro/libctru/lib\libctru.a(shaderProgram.o)
                0x0010abf0                shaderInstanceGetUniformLocation
 .text.shaderProgramInit
                0x0010ac08       0x1c C:/devkitPro/libctru/lib\libctru.a(shaderProgram.o)
                0x0010ac08                shaderProgramInit
 .text.shaderProgramFree
                0x0010ac24       0x74 C:/devkitPro/libctru/lib\libctru.a(shaderProgram.o)
                0x0010ac24                shaderProgramFree
 .text.shaderProgramSetVsh
                0x0010ac98       0x94 C:/devkitPro/libctru/lib\libctru.a(shaderProgram.o)
                0x0010ac98                shaderProgramSetVsh
 .text.shaderProgramConfigure
                0x0010ad2c      0x8d0 C:/devkitPro/libctru/lib\libctru.a(shaderProgram.o)
                0x0010ad2c                shaderProgramConfigure
 .text.DVLE_GenerateOutmap.part.0
                0x0010b5fc      0x1dc C:/devkitPro/libctru/lib\libctru.a(shbin.o)
 .text.DVLB_ParseFile
                0x0010b7d8      0x1ac C:/devkitPro/libctru/lib\libctru.a(shbin.o)
                0x0010b7d8                DVLB_ParseFile
 .text.DVLB_Free
                0x0010b984       0x50 C:/devkitPro/libctru/lib\libctru.a(shbin.o)
                0x0010b984                DVLB_Free
 .text.DVLE_GetUniformRegister
                0x0010b9d4       0x74 C:/devkitPro/libctru/lib\libctru.a(shbin.o)
                0x0010b9d4                DVLE_GetUniformRegister
 .text.ndspUpdateMaster
                0x0010ba48      0x158 C:/devkitPro/libctru/lib\libctru.a(ndsp.o)
 .text.ndspFinalize
                0x0010bba0      0x108 C:/devkitPro/libctru/lib\libctru.a(ndsp.o)
 .text.ndspInitialize.part.0
                0x0010bca8      0x254 C:/devkitPro/libctru/lib\libctru.a(ndsp.o)
 .text.ndspHookCallback
                0x0010befc      0x108 C:/devkitPro/libctru/lib\libctru.a(ndsp.o)
 *fill*         0x0010c004        0x4 
 .text.ndspThreadMain
                0x0010c008      0x318 C:/devkitPro/libctru/lib\libctru.a(ndsp.o)
 .text.ndspInit
                0x0010c320      0x3f0 C:/devkitPro/libctru/lib\libctru.a(ndsp.o)
                0x0010c320                ndspInit
 .text.ndspChnReset
                0x0010c710       0xe0 C:/devkitPro/libctru/lib\libctru.a(ndsp-channel.o)
                0x0010c710                ndspChnReset
 .text.ndspChnSetFormat
                0x0010c7f0       0x18 C:/devkitPro/libctru/lib\libctru.a(ndsp-channel.o)
                0x0010c7f0                ndspChnSetFormat
 .text.ndspChnSetRate
                0x0010c808       0x60 C:/devkitPro/libctru/lib\libctru.a(ndsp-channel.o)
                0x0010c808                ndspChnSetRate
 .text.ndspChnSetMix
                0x0010c868       0x80 C:/devkitPro/libctru/lib\libctru.a(ndsp-channel.o)
                0x0010c868                ndspChnSetMix
 .text.ndspChnSetAdpcmCoefs
                0x0010c8e8       0x6c C:/devkitPro/libctru/lib\libctru.a(ndsp-channel.o)
                0x0010c8e8                ndspChnSetAdpcmCoefs
 .text.ndspChnWaveBufAdd
                0x0010c954       0xc8 C:/devkitPro/libctru/lib\libctru.a(ndsp-channel.o)
                0x0010c954                ndspChnWaveBufAdd
 .text.ndspiInitChn
                0x0010ca1c       0x40 C:/devkitPro/libctru/lib\libctru.a(ndsp-channel.o)
                0x0010ca1c                ndspiInitChn
 .text.ndspiDirtyChn
                0x0010ca5c       0x2c C:/devkitPro/libctru/lib\libctru.a(ndsp-channel.o)
                0x0010ca5c                ndspiDirtyChn
 .text.ndspiUpdateChn
                0x0010ca88      0x43c C:/devkitPro/libctru/lib\libctru.a(ndsp-channel.o)
                0x0010ca88                ndspiUpdateChn
 .text.ndspiReadChnState
                0x0010cec4      0x180 C:/devkitPro/libctru/lib\libctru.a(ndsp-channel.o)
                0x0010cec4                ndspiReadChnState
 .text.aptConvertScreenForCapture
                0x0010d044      0x180 C:/devkitPro/libctru/lib\libctru.a(apt.o)
 .text.aptSendCommand
                0x0010d1c4      0x138 C:/devkitPro/libctru/lib\libctru.a(apt.o)
                0x0010d1c4                aptSendCommand
 *fill*         0x0010d2fc        0x4 
 .text.aptExitProcess
                0x0010d300       0x44 C:/devkitPro/libctru/lib\libctru.a(apt.o)
 .text.aptExit  0x0010d344      0x394 C:/devkitPro/libctru/lib\libctru.a(apt.o)
                0x0010d344                aptExit
 .text.aptHandleSleep
                0x0010d6d8       0xd8 C:/devkitPro/libctru/lib\libctru.a(apt.o)
                0x0010d6d8                aptHandleSleep
 .text.aptHook  0x0010d7b0       0x34 C:/devkitPro/libctru/lib\libctru.a(apt.o)
                0x0010d7b0                aptHook
 .text.aptUnhook
                0x0010d7e4       0x30 C:/devkitPro/libctru/lib\libctru.a(apt.o)
                0x0010d7e4                aptUnhook
 .text.APT_SleepIfShellClosed
                0x0010d814       0x84 C:/devkitPro/libctru/lib\libctru.a(apt.o)
                0x0010d814                APT_SleepIfShellClosed
 .text.aptSetSleepAllowed
                0x0010d898       0x78 C:/devkitPro/libctru/lib\libctru.a(apt.o)
                0x0010d898                aptSetSleepAllowed
 .text.APT_UnlockTransition
                0x0010d910       0x84 C:/devkitPro/libctru/lib\libctru.a(apt.o)
                0x0010d910                APT_UnlockTransition
 *fill*         0x0010d994        0x4 
 .text.aptEventHandler
                0x0010d998      0x470 C:/devkitPro/libctru/lib\libctru.a(apt.o)
 .text.APT_ReceiveParameter
                0x0010de08       0xbc C:/devkitPro/libctru/lib\libctru.a(apt.o)
                0x0010de08                APT_ReceiveParameter
 .text.aptReceiveParameter.constprop.0
                0x0010dec4       0xb0 C:/devkitPro/libctru/lib\libctru.a(apt.o)
 *fill*         0x0010df74        0x4 
 .text.aptScreenTransfer
                0x0010df78      0x294 C:/devkitPro/libctru/lib\libctru.a(apt.o)
 .text.aptWaitForWakeUp.isra.0
                0x0010e20c      0x2d0 C:/devkitPro/libctru/lib\libctru.a(apt.o)
 .text.aptJumpToHomeMenu
                0x0010e4dc       0xf4 C:/devkitPro/libctru/lib\libctru.a(apt.o)
                0x0010e4dc                aptJumpToHomeMenu
 .text.aptMainLoop
                0x0010e5d0       0x58 C:/devkitPro/libctru/lib\libctru.a(apt.o)
                0x0010e5d0                aptMainLoop
 .text.aptInit  0x0010e628      0x240 C:/devkitPro/libctru/lib\libctru.a(apt.o)
                0x0010e628                aptInit
 .text.APT_CheckNew3DS
                0x0010e868       0x90 C:/devkitPro/libctru/lib\libctru.a(apt.o)
                0x0010e868                APT_CheckNew3DS
 .text.APT_GetSharedFont
                0x0010e8f8       0x48 C:/devkitPro/libctru/lib\libctru.a(apt.o)
                0x0010e8f8                APT_GetSharedFont
 .text.cfguInit
                0x0010e940       0xa8 C:/devkitPro/libctru/lib\libctru.a(cfgu.o)
                0x0010e940                cfguInit
 .text.cfguExit
                0x0010e9e8       0x3c C:/devkitPro/libctru/lib\libctru.a(cfgu.o)
                0x0010e9e8                cfguExit
 .text.CFGU_GetConfigInfoBlk2
                0x0010ea24       0x4c C:/devkitPro/libctru/lib\libctru.a(cfgu.o)
                0x0010ea24                CFGU_GetConfigInfoBlk2
 .text.DSP_LoadComponent.part.0
                0x0010ea70       0xa4 C:/devkitPro/libctru/lib\libctru.a(dsp.o)
 .text.dspInit  0x0010eb14       0xfc C:/devkitPro/libctru/lib\libctru.a(dsp.o)
                0x0010eb14                dspInit
 .text.dspExit  0x0010ec10       0x8c C:/devkitPro/libctru/lib\libctru.a(dsp.o)
                0x0010ec10                dspExit
 .text.dspHook  0x0010ec9c       0x24 C:/devkitPro/libctru/lib\libctru.a(dsp.o)
                0x0010ec9c                dspHook
 .text.aptDspSleep
                0x0010ecc0       0xb4 C:/devkitPro/libctru/lib\libctru.a(dsp.o)
                0x0010ecc0                aptDspSleep
 .text.aptDspWakeup
                0x0010ed74       0xb4 C:/devkitPro/libctru/lib\libctru.a(dsp.o)
                0x0010ed74                aptDspWakeup
 .text.aptDspCancel
                0x0010ee28       0x44 C:/devkitPro/libctru/lib\libctru.a(dsp.o)
                0x0010ee28                aptDspCancel
 .text.DSP_SetSemaphore
                0x0010ee6c       0x34 C:/devkitPro/libctru/lib\libctru.a(dsp.o)
                0x0010ee6c                DSP_SetSemaphore
 .text.DSP_SetSemaphoreMask
                0x0010eea0       0x34 C:/devkitPro/libctru/lib\libctru.a(dsp.o)
                0x0010eea0                DSP_SetSemaphoreMask
 .text.DSP_GetSemaphoreHandle
                0x0010eed4       0x38 C:/devkitPro/libctru/lib\libctru.a(dsp.o)
                0x0010eed4                DSP_GetSemaphoreHandle
 .text.DSP_LoadComponent
                0x0010ef0c       0x3c C:/devkitPro/libctru/lib\libctru.a(dsp.o)
                0x0010ef0c                DSP_LoadComponent
 .text.DSP_RegisterInterruptEvents
                0x0010ef48       0x44 C:/devkitPro/libctru/lib\libctru.a(dsp.o)
                0x0010ef48                DSP_RegisterInterruptEvents
 .text.DSP_ReadPipeIfPossible
                0x0010ef8c       0x78 C:/devkitPro/libctru/lib\libctru.a(dsp.o)
                0x0010ef8c                DSP_ReadPipeIfPossible
 .text.DSP_WriteProcessPipe
                0x0010f004       0x4c C:/devkitPro/libctru/lib\libctru.a(dsp.o)
                0x0010f004                DSP_WriteProcessPipe
 .text.DSP_ConvertProcessAddressFromDspDram
                0x0010f050       0x44 C:/devkitPro/libctru/lib\libctru.a(dsp.o)
                0x0010f050                DSP_ConvertProcessAddressFromDspDram
 .text.DSP_RecvData
                0x0010f094       0x44 C:/devkitPro/libctru/lib\libctru.a(dsp.o)
                0x0010f094                DSP_RecvData
 .text.DSP_RecvDataIsReady
                0x0010f0d8       0x50 C:/devkitPro/libctru/lib\libctru.a(dsp.o)
                0x0010f0d8                DSP_RecvDataIsReady
 .text.fsInit   0x0010f128      0x104 C:/devkitPro/libctru/lib\libctru.a(fs.o)
                0x0010f128                fsInit
 .text.fsExit   0x0010f22c       0x3c C:/devkitPro/libctru/lib\libctru.a(fs.o)
                0x0010f22c                fsExit
 .text.fsExemptFromSession
                0x0010f268       0x68 C:/devkitPro/libctru/lib\libctru.a(fs.o)
                0x0010f268                fsExemptFromSession
 .text.fsUnexemptFromSession
                0x0010f2d0       0x50 C:/devkitPro/libctru/lib\libctru.a(fs.o)
                0x0010f2d0                fsUnexemptFromSession
 .text.FSUSER_OpenFile
                0x0010f320       0xcc C:/devkitPro/libctru/lib\libctru.a(fs.o)
                0x0010f320                FSUSER_OpenFile
 .text.FSUSER_OpenFileDirectly
                0x0010f3ec       0xcc C:/devkitPro/libctru/lib\libctru.a(fs.o)
                0x0010f3ec                FSUSER_OpenFileDirectly
 .text.FSUSER_DeleteFile
                0x0010f4b8       0xb8 C:/devkitPro/libctru/lib\libctru.a(fs.o)
                0x0010f4b8                FSUSER_DeleteFile
 .text.FSUSER_RenameFile
                0x0010f570       0xf4 C:/devkitPro/libctru/lib\libctru.a(fs.o)
                0x0010f570                FSUSER_RenameFile
 .text.FSUSER_DeleteDirectory
                0x0010f664       0xb8 C:/devkitPro/libctru/lib\libctru.a(fs.o)
                0x0010f664                FSUSER_DeleteDirectory
 .text.FSUSER_CreateFile
                0x0010f71c       0xd0 C:/devkitPro/libctru/lib\libctru.a(fs.o)
                0x0010f71c                FSUSER_CreateFile
 .text.FSUSER_CreateDirectory
                0x0010f7ec       0xc0 C:/devkitPro/libctru/lib\libctru.a(fs.o)
                0x0010f7ec                FSUSER_CreateDirectory
 .text.FSUSER_RenameDirectory
                0x0010f8ac       0xf4 C:/devkitPro/libctru/lib\libctru.a(fs.o)
                0x0010f8ac                FSUSER_RenameDirectory
 .text.FSUSER_OpenDirectory
                0x0010f9a0       0xb4 C:/devkitPro/libctru/lib\libctru.a(fs.o)
                0x0010f9a0                FSUSER_OpenDirectory
 .text.FSUSER_OpenArchive
                0x0010fa54       0x90 C:/devkitPro/libctru/lib\libctru.a(fs.o)
                0x0010fa54                FSUSER_OpenArchive
 .text.FSUSER_CloseArchive
                0x0010fae4       0x8c C:/devkitPro/libctru/lib\libctru.a(fs.o)
                0x0010fae4                FSUSER_CloseArchive
 .text.FSUSER_GetSdmcArchiveResource
                0x0010fb70       0x74 C:/devkitPro/libctru/lib\libctru.a(fs.o)
                0x0010fb70                FSUSER_GetSdmcArchiveResource
 .text.FSUSER_IsSdmcWritable
                0x0010fbe4       0x64 C:/devkitPro/libctru/lib\libctru.a(fs.o)
                0x0010fbe4                FSUSER_IsSdmcWritable
 .text.FSFILE_Read
                0x0010fc48       0x64 C:/devkitPro/libctru/lib\libctru.a(fs.o)
                0x0010fc48                FSFILE_Read
 .text.FSFILE_Write
                0x0010fcac       0x6c C:/devkitPro/libctru/lib\libctru.a(fs.o)
                0x0010fcac                FSFILE_Write
 .text.FSFILE_GetSize
                0x0010fd18       0x44 C:/devkitPro/libctru/lib\libctru.a(fs.o)
                0x0010fd18                FSFILE_GetSize
 .text.FSFILE_SetSize
                0x0010fd5c       0x28 C:/devkitPro/libctru/lib\libctru.a(fs.o)
                0x0010fd5c                FSFILE_SetSize
 .text.FSFILE_Close
                0x0010fd84       0x3c C:/devkitPro/libctru/lib\libctru.a(fs.o)
                0x0010fd84                FSFILE_Close
 .text.FSFILE_Flush
                0x0010fdc0       0x24 C:/devkitPro/libctru/lib\libctru.a(fs.o)
                0x0010fdc0                FSFILE_Flush
 .text.FSDIR_Read
                0x0010fde4       0x60 C:/devkitPro/libctru/lib\libctru.a(fs.o)
                0x0010fde4                FSDIR_Read
 .text.FSDIR_Close
                0x0010fe44       0x3c C:/devkitPro/libctru/lib\libctru.a(fs.o)
                0x0010fe44                FSDIR_Close
 .text.gspHardwareInit
                0x0010fe80      0xc70 C:/devkitPro/libctru/lib\libctru.a(gspgpu.o)
 .text.gspInit  0x00110af0      0x280 C:/devkitPro/libctru/lib\libctru.a(gspgpu.o)
                0x00110af0                gspInit
 .text.gspExit  0x00110d70      0x110 C:/devkitPro/libctru/lib\libctru.a(gspgpu.o)
                0x00110d70                gspExit
 .text.gspHasGpuRight
                0x00110e80       0x10 C:/devkitPro/libctru/lib\libctru.a(gspgpu.o)
                0x00110e80                gspHasGpuRight
 .text.gspPresentBuffer
                0x00110e90       0xa4 C:/devkitPro/libctru/lib\libctru.a(gspgpu.o)
                0x00110e90                gspPresentBuffer
 .text.gspSetEventCallback
                0x00110f34       0x30 C:/devkitPro/libctru/lib\libctru.a(gspgpu.o)
                0x00110f34                gspSetEventCallback
 .text.gspWaitForEvent
                0x00110f64       0x50 C:/devkitPro/libctru/lib\libctru.a(gspgpu.o)
                0x00110f64                gspWaitForEvent
 .text.gspWaitForAnyEvent
                0x00110fb4       0x4c C:/devkitPro/libctru/lib\libctru.a(gspgpu.o)
                0x00110fb4                gspWaitForAnyEvent
 .text.gspEventThreadMain
                0x00111000      0x154 C:/devkitPro/libctru/lib\libctru.a(gspgpu.o)
 .text.gspSubmitGxCommand
                0x00111154      0x12c C:/devkitPro/libctru/lib\libctru.a(gspgpu.o)
                0x00111154                gspSubmitGxCommand
 .text.GSPGPU_FlushDataCache
                0x00111280       0x50 C:/devkitPro/libctru/lib\libctru.a(gspgpu.o)
                0x00111280                GSPGPU_FlushDataCache
 .text.GSPGPU_SetLcdForceBlack
                0x001112d0       0x34 C:/devkitPro/libctru/lib\libctru.a(gspgpu.o)
                0x001112d0                GSPGPU_SetLcdForceBlack
 .text.GSPGPU_AcquireRight
                0x00111304       0x80 C:/devkitPro/libctru/lib\libctru.a(gspgpu.o)
                0x00111304                GSPGPU_AcquireRight
 .text.GSPGPU_ReleaseRight
                0x00111384       0x5c C:/devkitPro/libctru/lib\libctru.a(gspgpu.o)
                0x00111384                GSPGPU_ReleaseRight
 .text.GSPGPU_ImportDisplayCaptureInfo
                0x001113e0       0x7c C:/devkitPro/libctru/lib\libctru.a(gspgpu.o)
                0x001113e0                GSPGPU_ImportDisplayCaptureInfo
 .text.GSPGPU_SaveVramSysArea
                0x0011145c       0x2c C:/devkitPro/libctru/lib\libctru.a(gspgpu.o)
                0x0011145c                GSPGPU_SaveVramSysArea
 .text.GSPGPU_RestoreVramSysArea
                0x00111488       0x2c C:/devkitPro/libctru/lib\libctru.a(gspgpu.o)
                0x00111488                GSPGPU_RestoreVramSysArea
 .text.hidShouldUseIrrst
                0x001114b4       0x24 C:/devkitPro/libctru/lib\libctru.a(hid.o)
                0x001114b4                hidShouldUseIrrst
 .text.hidInit  0x001114d8      0x1cc C:/devkitPro/libctru/lib\libctru.a(hid.o)
                0x001114d8                hidInit
 .text.hidExit  0x001116a4       0xe8 C:/devkitPro/libctru/lib\libctru.a(hid.o)
                0x001116a4                hidExit
 .text.hidScanInput
                0x0011178c      0x2a0 C:/devkitPro/libctru/lib\libctru.a(hid.o)
                0x0011178c                hidScanInput
 .text.hidKeysDown
                0x00111a2c       0x10 C:/devkitPro/libctru/lib\libctru.a(hid.o)
                0x00111a2c                hidKeysDown
 .text.hidKeysUp
                0x00111a3c       0x10 C:/devkitPro/libctru/lib\libctru.a(hid.o)
                0x00111a3c                hidKeysUp
 .text.hidTouchRead
                0x00111a4c       0x18 C:/devkitPro/libctru/lib\libctru.a(hid.o)
                0x00111a4c                hidTouchRead
 .text.irrstInit
                0x00111a64      0x1a4 C:/devkitPro/libctru/lib\libctru.a(irrst.o)
                0x00111a64                irrstInit
 .text.irrstExit
                0x00111c08       0xdc C:/devkitPro/libctru/lib\libctru.a(irrst.o)
                0x00111c08                irrstExit
 .text.irrstScanInput
                0x00111ce4       0xb4 C:/devkitPro/libctru/lib\libctru.a(irrst.o)
                0x00111ce4                irrstScanInput
 .text.irrstKeysHeld
                0x00111d98       0x24 C:/devkitPro/libctru/lib\libctru.a(irrst.o)
                0x00111d98                irrstKeysHeld
 .text.ptmSysmInit
                0x00111dbc       0x78 C:/devkitPro/libctru/lib\libctru.a(ptmsysm.o)
                0x00111dbc                ptmSysmInit
 .text.ptmSysmExit
                0x00111e34       0x3c C:/devkitPro/libctru/lib\libctru.a(ptmsysm.o)
                0x00111e34                ptmSysmExit
 .text.PTMSYSM_ConfigureNew3DSCPU
                0x00111e70       0x34 C:/devkitPro/libctru/lib\libctru.a(ptmsysm.o)
                0x00111e70                PTMSYSM_ConfigureNew3DSCPU
 .text.buffer_read
                0x00111ea4       0xe0 C:/devkitPro/libctru/lib\libctru.a(decompress.o)
 .text.iov_read
                0x00111f84       0xcc C:/devkitPro/libctru/lib\libctru.a(decompress.o)
 .text.iov_memmove
                0x00112050      0x164 C:/devkitPro/libctru/lib\libctru.a(decompress.o)
 .text.decompress_rle
                0x001121b4      0x1e0 C:/devkitPro/libctru/lib\libctru.a(decompress.o)
 .text.decompress_lzss
                0x00112394      0x264 C:/devkitPro/libctru/lib\libctru.a(decompress.o)
 .text.decompress_lz11
                0x001125f8      0x418 C:/devkitPro/libctru/lib\libctru.a(decompress.o)
 .text.decompress_huff.isra.0
                0x00112a10      0x31c C:/devkitPro/libctru/lib\libctru.a(decompress.o)
 .text.decompressCallback_Stdio
                0x00112d2c       0x10 C:/devkitPro/libctru/lib\libctru.a(decompress.o)
                0x00112d2c                decompressCallback_Stdio
 .text.decompressHeader
                0x00112d3c       0xe4 C:/devkitPro/libctru/lib\libctru.a(decompress.o)
                0x00112d3c                decompressHeader
 .text.decompressV
                0x00112e20      0x21c C:/devkitPro/libctru/lib\libctru.a(decompress.o)
                0x00112e20                decompressV
 .text.rbtree_find
                0x0011303c       0x74 C:/devkitPro/libctru/lib\libctru.a(rbtree_find.o)
                0x0011303c                rbtree_find
 .text.rbtree_init
                0x001130b0       0x10 C:/devkitPro/libctru/lib\libctru.a(rbtree_init.o)
                0x001130b0                rbtree_init
 .text.do_insert
                0x001130c0      0x198 C:/devkitPro/libctru/lib\libctru.a(rbtree_insert.o)
 .text.rbtree_insert
                0x00113258        0x8 C:/devkitPro/libctru/lib\libctru.a(rbtree_insert.o)
                0x00113258                rbtree_insert
 .text.rbtree_remove
                0x00113260      0x310 C:/devkitPro/libctru/lib\libctru.a(rbtree_remove.o)
                0x00113260                rbtree_remove
 .text.rbtree_rotate
                0x00113570       0x90 C:/devkitPro/libctru/lib\libctru.a(rbtree_rotate.o)
                0x00113570                rbtree_rotate
 .text.decode_utf8
                0x00113600      0x140 C:/devkitPro/libctru/lib\libctru.a(decode_utf8.o)
                0x00113600                decode_utf8
 .text.utf16_to_utf8
                0x00113740       0xe8 C:/devkitPro/libctru/lib\libctru.a(utf16_to_utf8.o)
                0x00113740                utf16_to_utf8
 .text.utf8_to_utf16
                0x00113828       0xc0 C:/devkitPro/libctru/lib\libctru.a(utf8_to_utf16.o)
                0x00113828                utf8_to_utf16
 .text.__system_allocateHeaps
                0x001138e8      0x1e8 C:/devkitPro/libctru/lib\libctru.a(allocateHeaps.o)
                0x001138e8                __system_allocateHeaps
 .text.__libctru_init
                0x00113ad0       0x38 C:/devkitPro/libctru/lib\libctru.a(ctru_init.o)
                0x00113ad0                __libctru_init
 .text.__system_initArgv
                0x00113b08      0x16c C:/devkitPro/libctru/lib\libctru.a(initArgv.o)
                0x00113b08                __system_initArgv
 .text.__syscall_getreent
                0x00113c74       0x30 C:/devkitPro/libctru/lib\libctru.a(syscalls.o)
                0x00113c74                __syscall_getreent
 .text.__syscall_gettod_r
                0x00113ca4       0x64 C:/devkitPro/libctru/lib\libctru.a(syscalls.o)
                0x00113ca4                __syscall_gettod_r
 .text.__syscall_lock_acquire
                0x00113d08        0x4 C:/devkitPro/libctru/lib\libctru.a(syscalls.o)
                0x00113d08                __syscall_lock_acquire
 .text.__syscall_lock_release
                0x00113d0c        0x4 C:/devkitPro/libctru/lib\libctru.a(syscalls.o)
                0x00113d0c                __syscall_lock_release
 .text.__syscall_lock_acquire_recursive
                0x00113d10        0x4 C:/devkitPro/libctru/lib\libctru.a(syscalls.o)
                0x00113d10                __syscall_lock_acquire_recursive
 .text.__syscall_lock_release_recursive
                0x00113d14        0x4 C:/devkitPro/libctru/lib\libctru.a(syscalls.o)
                0x00113d14                __syscall_lock_release_recursive
 .text.__syscall_exit
                0x00113d18        0x4 C:/devkitPro/libctru/lib\libctru.a(syscalls.o)
                0x00113d18                __syscall_exit
 .text.initThreadVars
                0x00113d1c       0x54 C:/devkitPro/libctru/lib\libctru.a(syscalls.o)
                0x00113d1c                initThreadVars
 .text.__system_initSyscalls
                0x00113d70       0x80 C:/devkitPro/libctru/lib\libctru.a(syscalls.o)
                0x00113d70                __system_initSyscalls
 .text.svcControlMemory
                0x00113df0       0x20 C:/devkitPro/libctru/lib\libctru.a(svc.o)
                0x00113df0                svcControlMemory
 .text.svcQueryMemory
                0x00113e10       0x30 C:/devkitPro/libctru/lib\libctru.a(svc.o)
                0x00113e10                svcQueryMemory
 .text.svcExitProcess
                0x00113e40        0x8 C:/devkitPro/libctru/lib\libctru.a(svc.o)
                0x00113e40                svcExitProcess
 .text.svcCreateThread
                0x00113e48       0x20 C:/devkitPro/libctru/lib\libctru.a(svc.o)
                0x00113e48                svcCreateThread
 .text.svcExitThread
                0x00113e68        0x8 C:/devkitPro/libctru/lib\libctru.a(svc.o)
                0x00113e68                svcExitThread
 .text.svcSleepThread
                0x00113e70        0x8 C:/devkitPro/libctru/lib\libctru.a(svc.o)
                0x00113e70                svcSleepThread
 .text.svcReleaseMutex
                0x00113e78        0x8 C:/devkitPro/libctru/lib\libctru.a(svc.o)
                0x00113e78                svcReleaseMutex
 .text.svcCreateEvent
                0x00113e80       0x14 C:/devkitPro/libctru/lib\libctru.a(svc.o)
                0x00113e80                svcCreateEvent
 .text.svcSignalEvent
                0x00113e94        0x8 C:/devkitPro/libctru/lib\libctru.a(svc.o)
                0x00113e94                svcSignalEvent
 .text.svcClearEvent
                0x00113e9c        0x8 C:/devkitPro/libctru/lib\libctru.a(svc.o)
                0x00113e9c                svcClearEvent
 .text.svcMapMemoryBlock
                0x00113ea4        0x8 C:/devkitPro/libctru/lib\libctru.a(svc.o)
                0x00113ea4                svcMapMemoryBlock
 .text.svcUnmapMemoryBlock
                0x00113eac        0x8 C:/devkitPro/libctru/lib\libctru.a(svc.o)
                0x00113eac                svcUnmapMemoryBlock
 .text.svcCreateAddressArbiter
                0x00113eb4       0x14 C:/devkitPro/libctru/lib\libctru.a(svc.o)
                0x00113eb4                svcCreateAddressArbiter
 .text.svcArbitrateAddressNoTimeout
                0x00113ec8        0x8 C:/devkitPro/libctru/lib\libctru.a(svc.o)
                0x00113ec8                svcArbitrateAddressNoTimeout
 .text.svcCloseHandle
                0x00113ed0        0x8 C:/devkitPro/libctru/lib\libctru.a(svc.o)
                0x00113ed0                svcCloseHandle
 .text.svcWaitSynchronization
                0x00113ed8        0x8 C:/devkitPro/libctru/lib\libctru.a(svc.o)
                0x00113ed8                svcWaitSynchronization
 .text.svcWaitSynchronizationN
                0x00113ee0       0x28 C:/devkitPro/libctru/lib\libctru.a(svc.o)
                0x00113ee0                svcWaitSynchronizationN
 .text.svcDuplicateHandle
                0x00113f08       0x14 C:/devkitPro/libctru/lib\libctru.a(svc.o)
                0x00113f08                svcDuplicateHandle
 .text.svcGetSystemTick
                0x00113f1c        0x8 C:/devkitPro/libctru/lib\libctru.a(svc.o)
                0x00113f1c                svcGetSystemTick
 .text.svcConnectToPort
                0x00113f24       0x14 C:/devkitPro/libctru/lib\libctru.a(svc.o)
                0x00113f24                svcConnectToPort
 .text.svcSendSyncRequest
                0x00113f38        0x8 C:/devkitPro/libctru/lib\libctru.a(svc.o)
                0x00113f38                svcSendSyncRequest
 .text.svcGetResourceLimit
                0x00113f40       0x14 C:/devkitPro/libctru/lib\libctru.a(svc.o)
                0x00113f40                svcGetResourceLimit
 .text.svcGetResourceLimitLimitValues
                0x00113f54        0x8 C:/devkitPro/libctru/lib\libctru.a(svc.o)
                0x00113f54                svcGetResourceLimitLimitValues
 .text.svcGetResourceLimitCurrentValues
                0x00113f5c        0x8 C:/devkitPro/libctru/lib\libctru.a(svc.o)
                0x00113f5c                svcGetResourceLimitCurrentValues
 .text.svcBreak
                0x00113f64        0x8 C:/devkitPro/libctru/lib\libctru.a(svc.o)
                0x00113f64                svcBreak
 .text.__aeabi_read_tp
                0x00113f6c        0xc C:/devkitPro/libctru/lib\libctru.a(readtp.o)
                0x00113f6c                __aeabi_read_tp
 .text.initSystem
                0x00113f78       0x50 C:/devkitPro/libctru/lib\libctru.a(stack_adjust.o)
                0x00113f78                initSystem
 .text.__ctru_exit
                0x00113fc8       0x14 C:/devkitPro/libctru/lib\libctru.a(stack_adjust.o)
                0x00113fc8                __ctru_exit
 .text.envGetHandle
                0x00113fdc       0x8c C:/devkitPro/libctru/lib\libctru.a(env.o)
                0x00113fdc                envGetHandle
 .text.envDestroyHandles
                0x00114068       0x50 C:/devkitPro/libctru/lib\libctru.a(env.o)
                0x00114068                envDestroyHandles
 .text.srvInit  0x001140b8      0x164 C:/devkitPro/libctru/lib\libctru.a(srv.o)
                0x001140b8                srvInit
 .text.srvExit  0x0011421c       0x64 C:/devkitPro/libctru/lib\libctru.a(srv.o)
                0x0011421c                srvExit
 .text.srvEnableNotification
                0x00114280       0x60 C:/devkitPro/libctru/lib\libctru.a(srv.o)
                0x00114280                srvEnableNotification
 .text.srvGetServiceHandleDirect
                0x001142e0       0xa0 C:/devkitPro/libctru/lib\libctru.a(srv.o)
                0x001142e0                srvGetServiceHandleDirect
 .text.srvGetServiceHandle
                0x00114380       0x48 C:/devkitPro/libctru/lib\libctru.a(srv.o)
                0x00114380                srvGetServiceHandle
 .text.srvSubscribe
                0x001143c8       0x34 C:/devkitPro/libctru/lib\libctru.a(srv.o)
                0x001143c8                srvSubscribe
 .text.srvReceiveNotification
                0x001143fc       0x60 C:/devkitPro/libctru/lib\libctru.a(srv.o)
                0x001143fc                srvReceiveNotification
 .text.srvPublishToSubscriber
                0x0011445c       0x38 C:/devkitPro/libctru/lib\libctru.a(srv.o)
                0x0011445c                srvPublishToSubscriber
 .text.__sync_init
                0x00114494        0xc C:/devkitPro/libctru/lib\libctru.a(synchronization.o)
                0x00114494                __sync_init
 .text.__sync_fini
                0x001144a0       0x18 C:/devkitPro/libctru/lib\libctru.a(synchronization.o)
                0x001144a0                __sync_fini
 .text.syncArbitrateAddress
                0x001144b8       0x28 C:/devkitPro/libctru/lib\libctru.a(synchronization.o)
                0x001144b8                syncArbitrateAddress
 .text.LightLock_Init
                0x001144e0       0x1c C:/devkitPro/libctru/lib\libctru.a(synchronization.o)
                0x001144e0                LightLock_Init
 .text.LightLock_Lock
                0x001144fc       0xac C:/devkitPro/libctru/lib\libctru.a(synchronization.o)
                0x001144fc                LightLock_Lock
 .text.LightLock_Unlock
                0x001145a8       0x40 C:/devkitPro/libctru/lib\libctru.a(synchronization.o)
                0x001145a8                LightLock_Unlock
 .text.RecursiveLock_Lock
                0x001145e8       0x54 C:/devkitPro/libctru/lib\libctru.a(synchronization.o)
                0x001145e8                RecursiveLock_Lock
 .text.RecursiveLock_Unlock
                0x0011463c       0x54 C:/devkitPro/libctru/lib\libctru.a(synchronization.o)
                0x0011463c                RecursiveLock_Unlock
 .text.LightEvent_Init
                0x00114690       0x44 C:/devkitPro/libctru/lib\libctru.a(synchronization.o)
                0x00114690                LightEvent_Init
 .text.LightEvent_Clear
                0x001146d4       0xb8 C:/devkitPro/libctru/lib\libctru.a(synchronization.o)
                0x001146d4                LightEvent_Clear
 .text.LightEvent_Signal
                0x0011478c       0xdc C:/devkitPro/libctru/lib\libctru.a(synchronization.o)
                0x0011478c                LightEvent_Signal
 .text.LightEvent_TryWait
                0x00114868       0x50 C:/devkitPro/libctru/lib\libctru.a(synchronization.o)
                0x00114868                LightEvent_TryWait
 .text.LightEvent_Wait
                0x001148b8       0xac C:/devkitPro/libctru/lib\libctru.a(synchronization.o)
                0x001148b8                LightEvent_Wait
 .text.threadCreate
                0x00114964      0x1fc C:/devkitPro/libctru/lib\libctru.a(thread.o)
                0x00114964                threadCreate
 .text.threadFree
                0x00114b60       0x38 C:/devkitPro/libctru/lib\libctru.a(thread.o)
                0x00114b60                threadFree
 .text.threadJoin
                0x00114b98       0x24 C:/devkitPro/libctru/lib\libctru.a(thread.o)
                0x00114b98                threadJoin
 .text.threadGetCurrent
                0x00114bbc       0x30 C:/devkitPro/libctru/lib\libctru.a(thread.o)
                0x00114bbc                threadGetCurrent
 .text.threadExit
                0x00114bec       0x40 C:/devkitPro/libctru/lib\libctru.a(thread.o)
                0x00114bec                threadExit
 .text._thread_begin
                0x00114c2c       0x20 C:/devkitPro/libctru/lib\libctru.a(thread.o)
 .text.mappableFindAddressWithin
                0x00114c4c       0x90 C:/devkitPro/libctru/lib\libctru.a(mappable.o)
 .text.mappableInit
                0x00114cdc       0x28 C:/devkitPro/libctru/lib\libctru.a(mappable.o)
                0x00114cdc                mappableInit
 .text.mappableAlloc
                0x00114d04       0x7c C:/devkitPro/libctru/lib\libctru.a(mappable.o)
                0x00114d04                mappableAlloc
 .text.mappableFree
                0x00114d80        0x4 C:/devkitPro/libctru/lib\libctru.a(mappable.o)
                0x00114d80                mappableFree
 .text.srvPmGetSessionHandle
                0x00114d84        0xc C:/devkitPro/libctru/lib\libctru.a(srvpm.o)
                0x00114d84                srvPmGetSessionHandle
 .text.rbtree_node_next
                0x00114d90       0x60 C:/devkitPro/libctru/lib\libctru.a(rbtree_iterator.o)
                0x00114d90                rbtree_node_next
 .text.decode_utf16
                0x00114df0       0x54 C:/devkitPro/libctru/lib\libctru.a(decode_utf16.o)
                0x00114df0                decode_utf16
 .text.encode_utf16
                0x00114e44       0x54 C:/devkitPro/libctru/lib\libctru.a(encode_utf16.o)
                0x00114e44                encode_utf16
 .text.encode_utf8
                0x00114e98       0xe0 C:/devkitPro/libctru/lib\libctru.a(encode_utf8.o)
                0x00114e98                encode_utf8
 .text.__appExit
                0x00114f78       0x30 C:/devkitPro/libctru/lib\libctru.a(appExit.o)
                0x00114f78                __appExit
 .text.__appInit
                0x00114fa8       0x30 C:/devkitPro/libctru/lib\libctru.a(appInit.o)
                0x00114fa8                __appInit
 .text.__libctru_exit
                0x00114fd8       0x90 C:/devkitPro/libctru/lib\libctru.a(ctru_exit.o)
                0x00114fd8                __libctru_exit
 .text.archive_link
                0x00115068       0x14 C:/devkitPro/libctru/lib\libctru.a(archive_dev.o)
 .text.archive_dirreset
                0x0011507c       0x14 C:/devkitPro/libctru/lib\libctru.a(archive_dev.o)
 .text.archive_chmod
                0x00115090       0x14 C:/devkitPro/libctru/lib\libctru.a(archive_dev.o)
 .text.error_cmp
                0x001150a4       0x24 C:/devkitPro/libctru/lib\libctru.a(archive_dev.o)
 .text.archive_translate_error
                0x001150c8       0x50 C:/devkitPro/libctru/lib\libctru.a(archive_dev.o)
 .text.archive_seek
                0x00115118       0xc0 C:/devkitPro/libctru/lib\libctru.a(archive_dev.o)
 .text._archiveInit.part.0
                0x001151d8       0x78 C:/devkitPro/libctru/lib\libctru.a(archive_dev.o)
 .text.archiveFindDevice.part.0
                0x00115250       0xd4 C:/devkitPro/libctru/lib\libctru.a(archive_dev.o)
 .text.archive_utf16path
                0x00115324      0x298 C:/devkitPro/libctru/lib\libctru.a(archive_dev.o)
 .text._archiveUnmountDeviceStruct.part.0
                0x001155bc       0x98 C:/devkitPro/libctru/lib\libctru.a(archive_dev.o)
 .text.archive_statvfs
                0x00115654       0x14 C:/devkitPro/libctru/lib\libctru.a(archive_dev.o)
 .text.archive_fchmod
                0x00115668       0x14 C:/devkitPro/libctru/lib\libctru.a(archive_dev.o)
 .text._archiveMountDevice
                0x0011567c      0x178 C:/devkitPro/libctru/lib\libctru.a(archive_dev.o)
 .text.archive_diropen
                0x001157f4       0xf8 C:/devkitPro/libctru/lib\libctru.a(archive_dev.o)
 .text.archive_fstat
                0x001158ec       0xac C:/devkitPro/libctru/lib\libctru.a(archive_dev.o)
 .text.archive_fsync
                0x00115998       0x74 C:/devkitPro/libctru/lib\libctru.a(archive_dev.o)
 .text.archive_close
                0x00115a0c       0x74 C:/devkitPro/libctru/lib\libctru.a(archive_dev.o)
 .text.archive_dirclose
                0x00115a80       0x78 C:/devkitPro/libctru/lib\libctru.a(archive_dev.o)
 .text.sdmc_statvfs
                0x00115af8       0xec C:/devkitPro/libctru/lib\libctru.a(archive_dev.o)
 .text.archive_chdir
                0x00115be4       0xf8 C:/devkitPro/libctru/lib\libctru.a(archive_dev.o)
 .text.archive_ftruncate
                0x00115cdc       0x8c C:/devkitPro/libctru/lib\libctru.a(archive_dev.o)
 .text.archive_read
                0x00115d68       0xbc C:/devkitPro/libctru/lib\libctru.a(archive_dev.o)
 .text.archive_unlink
                0x00115e24       0xa8 C:/devkitPro/libctru/lib\libctru.a(archive_dev.o)
 .text.archive_rmdir
                0x00115ecc       0xc0 C:/devkitPro/libctru/lib\libctru.a(archive_dev.o)
 .text.archive_mkdir
                0x00115f8c       0xd8 C:/devkitPro/libctru/lib\libctru.a(archive_dev.o)
 .text.archive_stat
                0x00116064      0x1a0 C:/devkitPro/libctru/lib\libctru.a(archive_dev.o)
 .text.archive_dirnext
                0x00116204      0x164 C:/devkitPro/libctru/lib\libctru.a(archive_dev.o)
 .text.archive_write
                0x00116368      0x13c C:/devkitPro/libctru/lib\libctru.a(archive_dev.o)
 *fill*         0x001164a4        0x4 
 .text.archive_open
                0x001164a8      0x254 C:/devkitPro/libctru/lib\libctru.a(archive_dev.o)
 .text.archive_rename
                0x001166fc      0x270 C:/devkitPro/libctru/lib\libctru.a(archive_dev.o)
 .text.archiveMountSdmc
                0x0011696c      0x1c8 C:/devkitPro/libctru/lib\libctru.a(archive_dev.o)
                0x0011696c                archiveMountSdmc
 .text.archiveUnmountAll
                0x00116b34       0x54 C:/devkitPro/libctru/lib\libctru.a(archive_dev.o)
                0x00116b34                archiveUnmountAll
 .text.sinf     0x00116b88      0x264 C:/devkitPro/devkitARM/bin/../lib/gcc/arm-none-eabi/15.1.0/../../../../arm-none-eabi/lib/armv6k/fpu\libm.a(libm_a-sinf.o)
                0x00116b88                sinf
 .text.with_errnof
                0x00116dec       0x24 C:/devkitPro/devkitARM/bin/../lib/gcc/arm-none-eabi/15.1.0/../../../../arm-none-eabi/lib/armv6k/fpu\libm.a(libm_a-math_errf.o)
 .text.__math_invalidf
                0x00116e10       0x1c C:/devkitPro/devkitARM/bin/../lib/gcc/arm-none-eabi/15.1.0/../../../../arm-none-eabi/lib/armv6k/fpu\libm.a(libm_a-math_errf.o)
                0x00116e10                __math_invalidf
 .text.ceilf    0x00116e2c       0xc0 C:/devkitPro/devkitARM/bin/../lib/gcc/arm-none-eabi/15.1.0/../../../../arm-none-eabi/lib/armv6k/fpu\libm.a(libm_a-sf_ceil.o)
                0x00116e2c                ceilf
 *fill*         0x00116eec        0x4 
 .text.cosf     0x00116ef0      0x25c C:/devkitPro/devkitARM/bin/../lib/gcc/arm-none-eabi/15.1.0/../../../../arm-none-eabi/lib/armv6k/fpu\libm.a(libm_a-cosf.o)
                0x00116ef0                cosf
 .text.cwav_stopImpl.part.0
                0x0011714c       0xe8 C:/devkitPro/libcwav/lib\libcwav.a(cwav.o)
 .text.cwavPlay
                0x00117234      0x4b0 C:/devkitPro/libcwav/lib\libcwav.a(cwav.o)
                0x00117234                cwavPlay
 .text.cwav_defaultVAToPA
                0x001176e4        0x4 C:/devkitPro/libcwav/lib\libcwav.a(cwav_env.o)
                0x001176e4                cwav_defaultVAToPA
 .text.cwavEnvGetChannelAmount
                0x001176e8       0x2c C:/devkitPro/libcwav/lib\libcwav.a(cwav_env.o)
                0x001176e8                cwavEnvGetChannelAmount
 .text.cwavEnvIsChannelAvailable
                0x00117714       0x30 C:/devkitPro/libcwav/lib\libcwav.a(cwav_env.o)
                0x00117714                cwavEnvIsChannelAvailable
 .text.cwavEnvPlay
                0x00117744      0x2bc C:/devkitPro/libcwav/lib\libcwav.a(cwav_env.o)
                0x00117744                cwavEnvPlay
 .text.cwavEnvChannelIsPlaying
                0x00117a00       0x64 C:/devkitPro/libcwav/lib\libcwav.a(cwav_env.o)
                0x00117a00                cwavEnvChannelIsPlaying
 .text.cwavEnvStop
                0x00117a64       0x58 C:/devkitPro/libcwav/lib\libcwav.a(cwav_env.o)
                0x00117a64                cwavEnvStop
 *fill*         0x00117abc        0x4 
 .text.NCSNDCmd_Add
                0x00117ac0       0xc0 C:/devkitPro/libncsnd/lib\libncsnd.a(ncsnd.o)
 .text.NCSNDCmd_Execute.constprop.0
                0x00117b80       0x94 C:/devkitPro/libncsnd/lib\libncsnd.a(ncsnd.o)
 .text.ncsndInitializeSound
                0x00117c14       0x20 C:/devkitPro/libncsnd/lib\libncsnd.a(ncsnd.o)
                0x00117c14                ncsndInitializeSound
 .text.ncsndPlaySound
                0x00117c34      0x2b0 C:/devkitPro/libncsnd/lib\libncsnd.a(ncsnd.o)
                0x00117c34                ncsndPlaySound
 .text.ncsndStopSound
                0x00117ee4       0x4c C:/devkitPro/libncsnd/lib\libncsnd.a(ncsnd.o)
                0x00117ee4                ncsndStopSound
 .text.ncsndIsPlaying
                0x00117f30       0x9c C:/devkitPro/libncsnd/lib\libncsnd.a(ncsnd.o)
                0x00117f30                ncsndIsPlaying
 .text.__popcountsi2
                0x00117fcc       0x44 C:/devkitPro/devkitARM/bin/../lib/gcc/arm-none-eabi/15.1.0/armv6k/fpu\libgcc.a(_popcountsi2.o)
                0x00117fcc                __popcountsi2
 .text.__udivmoddi4
                0x00118010      0x130 C:/devkitPro/devkitARM/bin/../lib/gcc/arm-none-eabi/15.1.0/armv6k/fpu\libgcc.a(_udivmoddi4.o)
                0x00118010                __udivmoddi4
 .text.strncmp  0x00118140       0xd8 C:/devkitPro/devkitARM/bin/../lib/gcc/arm-none-eabi/15.1.0/../../../../arm-none-eabi/lib/armv6k/fpu\libg.a(libc_a-strncmp.o)
                0x00118140                strncmp
 .text.strchr   0x00118218      0x140 C:/devkitPro/devkitARM/bin/../lib/gcc/arm-none-eabi/15.1.0/../../../../arm-none-eabi/lib/armv6k/fpu\libg.a(libc_a-strchr.o)
                0x00118218                strchr
 .text._fclose_r
                0x00118358      0x144 C:/devkitPro/devkitARM/bin/../lib/gcc/arm-none-eabi/15.1.0/../../../../arm-none-eabi/lib/armv6k/fpu\libg.a(libc_a-fclose.o)
                0x00118358                _fclose_r
 .text.fclose   0x0011849c       0x20 C:/devkitPro/devkitARM/bin/../lib/gcc/arm-none-eabi/15.1.0/../../../../arm-none-eabi/lib/armv6k/fpu\libg.a(libc_a-fclose.o)
                0x0011849c                fclose
 .text.strlen   0x001184bc       0x8c C:/devkitPro/devkitARM/bin/../lib/gcc/arm-none-eabi/15.1.0/../../../../arm-none-eabi/lib/armv6k/fpu\libg.a(libc_a-strlen.o)
                0x001184bc                strlen
 .text.memcmp   0x00118548       0xd8 C:/devkitPro/devkitARM/bin/../lib/gcc/arm-none-eabi/15.1.0/../../../../arm-none-eabi/lib/armv6k/fpu\libg.a(libc_a-memcmp.o)
                0x00118548                memcmp
 .text.stdio_exit_handler
                0x00118620       0x1c C:/devkitPro/devkitARM/bin/../lib/gcc/arm-none-eabi/15.1.0/../../../../arm-none-eabi/lib/armv6k/fpu\libg.a(libc_a-findfp.o)
 .text.cleanup_stdio
                0x0011863c       0x5c C:/devkitPro/devkitARM/bin/../lib/gcc/arm-none-eabi/15.1.0/../../../../arm-none-eabi/lib/armv6k/fpu\libg.a(libc_a-findfp.o)
 .text.global_stdio_init.part.0
                0x00118698      0x154 C:/devkitPro/devkitARM/bin/../lib/gcc/arm-none-eabi/15.1.0/../../../../arm-none-eabi/lib/armv6k/fpu\libg.a(libc_a-findfp.o)
 .text.__sfp    0x001187ec      0x138 C:/devkitPro/devkitARM/bin/../lib/gcc/arm-none-eabi/15.1.0/../../../../arm-none-eabi/lib/armv6k/fpu\libg.a(libc_a-findfp.o)
                0x001187ec                __sfp
 .text.__sinit  0x00118924       0x5c C:/devkitPro/devkitARM/bin/../lib/gcc/arm-none-eabi/15.1.0/../../../../arm-none-eabi/lib/armv6k/fpu\libg.a(libc_a-findfp.o)
                0x00118924                __sinit
 .text.__sfp_lock_acquire
                0x00118980        0xc C:/devkitPro/devkitARM/bin/../lib/gcc/arm-none-eabi/15.1.0/../../../../arm-none-eabi/lib/armv6k/fpu\libg.a(libc_a-findfp.o)
                0x00118980                __sfp_lock_acquire
 .text.__sfp_lock_release
                0x0011898c        0xc C:/devkitPro/devkitARM/bin/../lib/gcc/arm-none-eabi/15.1.0/../../../../arm-none-eabi/lib/armv6k/fpu\libg.a(libc_a-findfp.o)
                0x0011898c                __sfp_lock_release
 .text._strtoul_l.isra.0
                0x00118998      0x1ec C:/devkitPro/devkitARM/bin/../lib/gcc/arm-none-eabi/15.1.0/../../../../arm-none-eabi/lib/armv6k/fpu\libg.a(libc_a-strtoul.o)
 .text.strtoul  0x00118b84       0x3c C:/devkitPro/devkitARM/bin/../lib/gcc/arm-none-eabi/15.1.0/../../../../arm-none-eabi/lib/armv6k/fpu\libg.a(libc_a-strtoul.o)
                0x00118b84                strtoul
 .text.__libc_init_array
                0x00118bc0       0x84 C:/devkitPro/devkitARM/bin/../lib/gcc/arm-none-eabi/15.1.0/../../../../arm-none-eabi/lib/armv6k/fpu\libg.a(libc_a-init.o)
                0x00118bc0                __libc_init_array
 .text.strncat  0x00118c44       0x9c C:/devkitPro/devkitARM/bin/../lib/gcc/arm-none-eabi/15.1.0/../../../../arm-none-eabi/lib/armv6k/fpu\libg.a(libc_a-strncat.o)
                0x00118c44                strncat
 .text._fwalk_sglue
                0x00118ce0       0x70 C:/devkitPro/devkitARM/bin/../lib/gcc/arm-none-eabi/15.1.0/../../../../arm-none-eabi/lib/armv6k/fpu\libg.a(libc_a-fwalk.o)
                0x00118ce0                _fwalk_sglue
 .text.bsearch  0x00118d50       0x78 C:/devkitPro/devkitARM/bin/../lib/gcc/arm-none-eabi/15.1.0/../../../../arm-none-eabi/lib/armv6k/fpu\libg.a(libc_a-bsearch.o)
                0x00118d50                bsearch
 .text.__errno  0x00118dc8        0xc C:/devkitPro/devkitARM/bin/../lib/gcc/arm-none-eabi/15.1.0/../../../../arm-none-eabi/lib/armv6k/fpu\libg.a(libc_a-errno.o)
                0x00118dc8                __errno
 .text.calloc   0x00118dd4       0x28 C:/devkitPro/devkitARM/bin/../lib/gcc/arm-none-eabi/15.1.0/../../../../arm-none-eabi/lib/armv6k/fpu\libg.a(libc_a-calloc.o)
                0x00118dd4                calloc
 .text.qsort    0x00118dfc      0x8e8 C:/devkitPro/devkitARM/bin/../lib/gcc/arm-none-eabi/15.1.0/../../../../arm-none-eabi/lib/armv6k/fpu\libg.a(libc_a-qsort.o)
                0x00118dfc                qsort
 .text._calloc_r
                0x001196e4       0xd8 C:/devkitPro/devkitARM/bin/../lib/gcc/arm-none-eabi/15.1.0/../../../../arm-none-eabi/lib/armv6k/fpu\libg.a(libc_a-callocr.o)
                0x001196e4                _calloc_r
 .text.strdup   0x001197bc       0x20 C:/devkitPro/devkitARM/bin/../lib/gcc/arm-none-eabi/15.1.0/../../../../arm-none-eabi/lib/armv6k/fpu\libg.a(libc_a-strdup.o)
                0x001197bc                strdup
 .text._fseek_r
                0x001197dc       0x1c C:/devkitPro/devkitARM/bin/../lib/gcc/arm-none-eabi/15.1.0/../../../../arm-none-eabi/lib/armv6k/fpu\libg.a(libc_a-fseek.o)
                0x001197dc                _fseek_r
 .text.memalign
                0x001197f8       0x28 C:/devkitPro/devkitARM/bin/../lib/gcc/arm-none-eabi/15.1.0/../../../../arm-none-eabi/lib/armv6k/fpu\libg.a(libc_a-malign.o)
                0x001197f8                memalign
 .text._malloc_r
                0x00119820      0x82c C:/devkitPro/devkitARM/bin/../lib/gcc/arm-none-eabi/15.1.0/../../../../arm-none-eabi/lib/armv6k/fpu\libg.a(libc_a-mallocr.o)
                0x00119820                _malloc_r
 .text._malloc_trim_r
                0x0011a04c      0x114 C:/devkitPro/devkitARM/bin/../lib/gcc/arm-none-eabi/15.1.0/../../../../arm-none-eabi/lib/armv6k/fpu\libg.a(libc_a-freer.o)
                0x0011a04c                _malloc_trim_r
 .text._free_r  0x0011a160      0x314 C:/devkitPro/devkitARM/bin/../lib/gcc/arm-none-eabi/15.1.0/../../../../arm-none-eabi/lib/armv6k/fpu\libg.a(libc_a-freer.o)
                0x0011a160                _free_r
 .text.strnlen  0x0011a474       0x3c C:/devkitPro/devkitARM/bin/../lib/gcc/arm-none-eabi/15.1.0/../../../../arm-none-eabi/lib/armv6k/fpu\libg.a(libc_a-strnlen.o)
                0x0011a474                strnlen
 .text.malloc   0x0011a4b0       0x40 C:/devkitPro/devkitARM/bin/../lib/gcc/arm-none-eabi/15.1.0/../../../../arm-none-eabi/lib/armv6k/fpu\libg.a(libc_a-malloc.o)
                0x0011a4b0                malloc
 .text.free     0x0011a4f0       0x20 C:/devkitPro/devkitARM/bin/../lib/gcc/arm-none-eabi/15.1.0/../../../../arm-none-eabi/lib/armv6k/fpu\libg.a(libc_a-malloc.o)
                0x0011a4f0                free
 .text.__sflush_r
                0x0011a510      0x22c C:/devkitPro/devkitARM/bin/../lib/gcc/arm-none-eabi/15.1.0/../../../../arm-none-eabi/lib/armv6k/fpu\libg.a(libc_a-fflush.o)
                0x0011a510                __sflush_r
 .text._fflush_r
                0x0011a73c       0xc4 C:/devkitPro/devkitARM/bin/../lib/gcc/arm-none-eabi/15.1.0/../../../../arm-none-eabi/lib/armv6k/fpu\libg.a(libc_a-fflush.o)
                0x0011a73c                _fflush_r
 .text.time     0x0011a800       0x48 C:/devkitPro/devkitARM/bin/../lib/gcc/arm-none-eabi/15.1.0/../../../../arm-none-eabi/lib/armv6k/fpu\libg.a(libc_a-time.o)
                0x0011a800                time
 .text.memset   0x0011a848       0xe4 C:/devkitPro/devkitARM/bin/../lib/gcc/arm-none-eabi/15.1.0/../../../../arm-none-eabi/lib/armv6k/fpu\libg.a(libc_a-memset.o)
                0x0011a848                memset
 .text._strdup_r
                0x0011a92c       0x54 C:/devkitPro/devkitARM/bin/../lib/gcc/arm-none-eabi/15.1.0/../../../../arm-none-eabi/lib/armv6k/fpu\libg.a(libc_a-strdup_r.o)
                0x0011a92c                _strdup_r
 .text._fread_r
                0x0011a980      0x334 C:/devkitPro/devkitARM/bin/../lib/gcc/arm-none-eabi/15.1.0/../../../../arm-none-eabi/lib/armv6k/fpu\libg.a(libc_a-fread.o)
                0x0011a980                _fread_r
 .text.fread    0x0011acb4       0x38 C:/devkitPro/devkitARM/bin/../lib/gcc/arm-none-eabi/15.1.0/../../../../arm-none-eabi/lib/armv6k/fpu\libg.a(libc_a-fread.o)
                0x0011acb4                fread
 .text.__malloc_lock
                0x0011acec        0xc C:/devkitPro/devkitARM/bin/../lib/gcc/arm-none-eabi/15.1.0/../../../../arm-none-eabi/lib/armv6k/fpu\libg.a(libc_a-mlock.o)
                0x0011acec                __malloc_lock
 .text.__malloc_unlock
                0x0011acf8        0xc C:/devkitPro/devkitARM/bin/../lib/gcc/arm-none-eabi/15.1.0/../../../../arm-none-eabi/lib/armv6k/fpu\libg.a(libc_a-mlock.o)
                0x0011acf8                __malloc_unlock
 .text.__call_exitprocs
                0x0011ad04        0x4 C:/devkitPro/devkitARM/bin/../lib/gcc/arm-none-eabi/15.1.0/../../../../arm-none-eabi/lib/armv6k/fpu\libg.a(libc_a-exit.o)
                0x0011ad04                __call_exitprocs
 .text.exit     0x0011ad08       0x30 C:/devkitPro/devkitARM/bin/../lib/gcc/arm-none-eabi/15.1.0/../../../../arm-none-eabi/lib/armv6k/fpu\libg.a(libc_a-exit.o)
                0x0011ad08                exit
 .text.setvbuf  0x0011ad38      0x294 C:/devkitPro/devkitARM/bin/../lib/gcc/arm-none-eabi/15.1.0/../../../../arm-none-eabi/lib/armv6k/fpu\libg.a(libc_a-setvbuf.o)
                0x0011ad38                setvbuf
 .text._fopen_r
                0x0011afcc      0x134 C:/devkitPro/devkitARM/bin/../lib/gcc/arm-none-eabi/15.1.0/../../../../arm-none-eabi/lib/armv6k/fpu\libg.a(libc_a-fopen.o)
                0x0011afcc                _fopen_r
 .text.fopen    0x0011b100       0x28 C:/devkitPro/devkitARM/bin/../lib/gcc/arm-none-eabi/15.1.0/../../../../arm-none-eabi/lib/armv6k/fpu\libg.a(libc_a-fopen.o)
                0x0011b100                fopen
 .text.strncpy  0x0011b128       0xd4 C:/devkitPro/devkitARM/bin/../lib/gcc/arm-none-eabi/15.1.0/../../../../arm-none-eabi/lib/armv6k/fpu\libg.a(libc_a-strncpy.o)
                0x0011b128                strncpy
 .text.memcpy   0x0011b1fc      0x12c C:/devkitPro/devkitARM/bin/../lib/gcc/arm-none-eabi/15.1.0/../../../../arm-none-eabi/lib/armv6k/fpu\libg.a(libc_a-memcpy-stub.o)
                0x0011b1fc                memcpy
 .text.__sread  0x0011b328       0x44 C:/devkitPro/devkitARM/bin/../lib/gcc/arm-none-eabi/15.1.0/../../../../arm-none-eabi/lib/armv6k/fpu\libg.a(libc_a-stdio.o)
                0x0011b328                __sread
 .text.__swrite
                0x0011b36c       0x68 C:/devkitPro/devkitARM/bin/../lib/gcc/arm-none-eabi/15.1.0/../../../../arm-none-eabi/lib/armv6k/fpu\libg.a(libc_a-stdio.o)
                0x0011b36c                __swrite
 .text.__sseek  0x0011b3d4       0x40 C:/devkitPro/devkitARM/bin/../lib/gcc/arm-none-eabi/15.1.0/../../../../arm-none-eabi/lib/armv6k/fpu\libg.a(libc_a-stdio.o)
                0x0011b3d4                __sseek
 .text.__sclose
                0x0011b414        0x8 C:/devkitPro/devkitARM/bin/../lib/gcc/arm-none-eabi/15.1.0/../../../../arm-none-eabi/lib/armv6k/fpu\libg.a(libc_a-stdio.o)
                0x0011b414                __sclose
 .text._memalign_r
                0x0011b41c      0x16c C:/devkitPro/devkitARM/bin/../lib/gcc/arm-none-eabi/15.1.0/../../../../arm-none-eabi/lib/armv6k/fpu\libg.a(libc_a-malignr.o)
                0x0011b41c                _memalign_r
 .text._fseeko_r
                0x0011b588      0x588 C:/devkitPro/devkitARM/bin/../lib/gcc/arm-none-eabi/15.1.0/../../../../arm-none-eabi/lib/armv6k/fpu\libg.a(libc_a-fseeko.o)
                0x0011b588                _fseeko_r
 .text.__sflags
                0x0011bb10       0xb8 C:/devkitPro/devkitARM/bin/../lib/gcc/arm-none-eabi/15.1.0/../../../../arm-none-eabi/lib/armv6k/fpu\libg.a(libc_a-flags.o)
                0x0011bb10                __sflags
 .text.__libc_fini_array
                0x0011bbc8       0x3c C:/devkitPro/devkitARM/bin/../lib/gcc/arm-none-eabi/15.1.0/../../../../arm-none-eabi/lib/armv6k/fpu\libg.a(libc_a-fini.o)
                0x0011bbc8                __libc_fini_array
 .text.lflush   0x0011bc04       0x38 C:/devkitPro/devkitARM/bin/../lib/gcc/arm-none-eabi/15.1.0/../../../../arm-none-eabi/lib/armv6k/fpu\libg.a(libc_a-refill.o)
 .text.__srefill_r
                0x0011bc3c      0x1a8 C:/devkitPro/devkitARM/bin/../lib/gcc/arm-none-eabi/15.1.0/../../../../arm-none-eabi/lib/armv6k/fpu\libg.a(libc_a-refill.o)
                0x0011bc3c                __srefill_r
 .text.__smakebuf_r
                0x0011bde4      0x164 C:/devkitPro/devkitARM/bin/../lib/gcc/arm-none-eabi/15.1.0/../../../../arm-none-eabi/lib/armv6k/fpu\libg.a(libc_a-makebuf.o)
                0x0011bde4                __smakebuf_r
 .text.__swhatbuf_r
                0x0011bf48       0x90 C:/devkitPro/devkitARM/bin/../lib/gcc/arm-none-eabi/15.1.0/../../../../arm-none-eabi/lib/armv6k/fpu\libg.a(libc_a-makebuf.o)
                0x0011bf48                __swhatbuf_r
 .text._exit    0x0011bfd8       0x20 C:/devkitPro/devkitARM/bin/../lib/gcc/arm-none-eabi/15.1.0/../../../../arm-none-eabi/lib/armv6k/fpu\libsysbase.a(libsysbase_libsysbase_a-_exit.o)
                0x0011bfd8                _exit
 .text.chdir    0x0011bff8      0x140 C:/devkitPro/devkitARM/bin/../lib/gcc/arm-none-eabi/15.1.0/../../../../arm-none-eabi/lib/armv6k/fpu\libsysbase.a(libsysbase_libsysbase_a-chdir.o)
                0x0011bff8                chdir
 .text._concatenate_path
                0x0011c138      0x1c8 C:/devkitPro/devkitARM/bin/../lib/gcc/arm-none-eabi/15.1.0/../../../../arm-none-eabi/lib/armv6k/fpu\libsysbase.a(libsysbase_libsysbase_a-concatenate.o)
                0x0011c138                _concatenate_path
 .text._fstat_r
                0x0011c300       0x9c C:/devkitPro/devkitARM/bin/../lib/gcc/arm-none-eabi/15.1.0/../../../../arm-none-eabi/lib/armv6k/fpu\libsysbase.a(libsysbase_libsysbase_a-fstat.o)
                0x0011c300                _fstat_r
 .text.__getreent
                0x0011c39c       0x2c C:/devkitPro/devkitARM/bin/../lib/gcc/arm-none-eabi/15.1.0/../../../../arm-none-eabi/lib/armv6k/fpu\libsysbase.a(libsysbase_libsysbase_a-getreent.o)
                0x0011c39c                __getreent